################################################################################
#                                                                              #
#      IAR Universal Linker V6.1.3.56                                          #
#                                                                              #
#           Link time     =  14/Jun/2019  14:10:16                             #
#           Target CPU    =  MSP430                                            #
#           List file     =  D:\FCT_com\MasterMcu\IAR_project\Release\List\Spu #
#                            mp18_master.map                                   #
#           Output file 1 =  D:\FCT_com\MasterMcu\IAR_project\Release\Exe\Spum #
#                            p18_master.d43                                    #
#                            Format: debug                                     #
#                            UBROF version 10.0.6                              #
#                            Using library modules for C-SPY (-rt)             #
#           Output file 2 =  D:\FCT_com\MasterMcu\IAR_project\Release\Exe\Spum #
#                            p18_master.txt                                    #
#                            Format: msp430_txt                                #
#           Command line  =  D:\FCT_com\MasterMcu\IAR_project\Release\Obj\AppC #
#                            omm.r43                                           #
#                            D:\FCT_com\MasterMcu\IAR_project\Release\Obj\AppC #
#                            ommon.r43                                         #
#                            D:\FCT_com\MasterMcu\IAR_project\Release\Obj\AppD #
#                            elivery.r43                                       #
#                            D:\FCT_com\MasterMcu\IAR_project\Release\Obj\AppE #
#                            ngineerMode.r43                                   #
#                            D:\FCT_com\MasterMcu\IAR_project\Release\Obj\AppF #
#                            CT.r43                                            #
#                            D:\FCT_com\MasterMcu\IAR_project\Release\Obj\Comm #
#                            on.r43                                            #
#                            D:\FCT_com\MasterMcu\IAR_project\Release\Obj\CtlA #
#                            dc.r43                                            #
#                            D:\FCT_com\MasterMcu\IAR_project\Release\Obj\CtlC #
#                            omm.r43                                           #
#                            D:\FCT_com\MasterMcu\IAR_project\Release\Obj\CtlD #
#                            ata.r43                                           #
#                            D:\FCT_com\MasterMcu\IAR_project\Release\Obj\CtlD #
#                            elivery.r43                                       #
#                            D:\FCT_com\MasterMcu\IAR_project\Release\Obj\CtlD #
#                            isplay.r43                                        #
#                            D:\FCT_com\MasterMcu\IAR_project\Release\Obj\CtlE #
#                            vent.r43                                          #
#                            D:\FCT_com\MasterMcu\IAR_project\Release\Obj\CtlI #
#                            nterrupt.r43                                      #
#                            D:\FCT_com\MasterMcu\IAR_project\Release\Obj\CtlK #
#                            ey.r43                                            #
#                            D:\FCT_com\MasterMcu\IAR_project\Release\Obj\CtlM #
#                            otor.r43                                          #
#                            D:\FCT_com\MasterMcu\IAR_project\Release\Obj\CtlP #
#                            ower.r43                                          #
#                            D:\FCT_com\MasterMcu\IAR_project\Release\Obj\CtlS #
#                            piComm.r43                                        #
#                            D:\FCT_com\MasterMcu\IAR_project\Release\Obj\CtlT #
#                            ime.r43                                           #
#                            D:\FCT_com\MasterMcu\IAR_project\Release\Obj\CtlT #
#                            imer.r43                                          #
#                            D:\FCT_com\MasterMcu\IAR_project\Release\Obj\DrvB #
#                            eep.r43                                           #
#                            D:\FCT_com\MasterMcu\IAR_project\Release\Obj\DrvC #
#                            lk.r43                                            #
#                            D:\FCT_com\MasterMcu\IAR_project\Release\Obj\DrvE #
#                            ncoder.r43                                        #
#                            D:\FCT_com\MasterMcu\IAR_project\Release\Obj\DrvF #
#                            ram.r43                                           #
#                            D:\FCT_com\MasterMcu\IAR_project\Release\Obj\DrvK #
#                            ey.r43                                            #
#                            D:\FCT_com\MasterMcu\IAR_project\Release\Obj\DrvL #
#                            cd.r43                                            #
#                            D:\FCT_com\MasterMcu\IAR_project\Release\Obj\DrvP #
#                            ort.r43                                           #
#                            D:\FCT_com\MasterMcu\IAR_project\Release\Obj\DrvP #
#                            ower.r43                                          #
#                            D:\FCT_com\MasterMcu\IAR_project\Release\Obj\DrvR #
#                            tc.r43                                            #
#                            D:\FCT_com\MasterMcu\IAR_project\Release\Obj\DrvS #
#                            pi.r43                                            #
#                            D:\FCT_com\MasterMcu\IAR_project\Release\Obj\DrvT #
#                            imer.r43                                          #
#                            D:\FCT_com\MasterMcu\IAR_project\Release\Obj\DrvU #
#                            art.r43                                           #
#                            D:\FCT_com\MasterMcu\IAR_project\Release\Obj\Font #
#                            s.r43                                             #
#                            D:\FCT_com\MasterMcu\IAR_project\Release\Obj\Init #
#                            .r43                                              #
#                            D:\FCT_com\MasterMcu\IAR_project\Release\Obj\main #
#                            .r43                                              #
#                            D:\FCT_com\MasterMcu\IAR_project\Release\Obj\test #
#                            _comm.r43                                         #
#                            D:\FCT_com\MasterMcu\IAR_project\Release\Obj\test #
#                            _display.r43                                      #
#                            D:\FCT_com\MasterMcu\IAR_project\Release\Obj\test #
#                            _low_power.r43                                    #
#                            D:\FCT_com\MasterMcu\IAR_project\Release\Obj\test #
#                            _timer.r43                                        #
#                            D:\FCT_com\MasterMcu\IAR_project\Release\Obj\unit #
#                            _test.r43                                         #
#                            D:\FCT_com\MasterMcu\IAR_project\Release\Obj\vers #
#                            ion.r43                                           #
#                            -o                                                #
#                            D:\FCT_com\MasterMcu\IAR_project\Release\Exe\Spum #
#                            p18_master.d43                                    #
#                            -l                                                #
#                            D:\FCT_com\MasterMcu\IAR_project\Release\List\Spu #
#                            mp18_master.map                                   #
#                            -xesn                                             #
#                            "-IC:\Program Files\IAR Systems\Embedded Workbenc #
#                            h 7.0\430\LIB\"                                   #
#                            -f                                                #
#                            D:\FCT_com\MasterMcu\IAR_project\msp430fr5989.xcl #
#                            (-D_STACK_SIZE=400 -D_DATA16_HEAP_SIZE=0          #
#                            -D_DATA20_HEAP_SIZE=0 -cmsp430 -QCODE_I=CODE_ID   #
#                            -QTLS16_I=TLS16_ID -D__iar_HWMUL=4C0              #
#                            -Z(CONST)INFO=1800-19FF                           #
#                            -Z(CONST)INFOA=1980-19FF                          #
#                            -Z(CONST)INFOB=1900-197F                          #
#                            -Z(CONST)INFOC=1880-18FF                          #
#                            -Z(CONST)INFOD=1800-187F                          #
#                            -Z(DATA)CSTACK+_STACK_SIZE=1C00-23FF              #
#                            -Z(DATA)DATA16_I,DATA16_Z,DATA16_N,TLS16_I=1C00-2 #
#                            3FF,C800-E7FF                                     #
#                            -Z(DATA)CODE_I                                    #
#                            -Z(DATA)DATA20_I,DATA20_Z,DATA20_N                #
#                            -Z(CONST)DATA16_P,DATA20_P=1C00-23FF,C800-E7FF    #
#                            -Z(DATA)DATA16_HEAP+_DATA16_HEAP_SIZE             #
#                            -Z(DATA)DATA20_HEAP+_DATA20_HEAP_SIZE             #
#                            -Z(CONST)MPU_B1                                   #
#                            -Z(CONST)DATA16_C,DATA16_ID,TLS16_ID,DIFUNCT,CHEC #
#                            KSUM=E800-FF7F,10000-23FFF                        #
#                            -Z(CONST)MPU_B2 -Z(CONST)IPE_B1=E800-FF7F         #
#                            -Z(CODE)IPECODE16 -Z(CONST)IPEDATA16_C,IPE_B2     #
#                            -Z(CODE)CSTART,ISR_CODE,CODE16=E800-FF7F          #
#                            -P(CODE)CODE=E800-FF7F,10000-23FFF                #
#                            -Z(CODE)CODE_PAD                                  #
#                            -Z(CONST)DATA20_C,DATA20_ID,CODE_ID=E800-FF7F,100 #
#                            00-23FFF                                          #
#                            -Z(CONST)SIGNATURE=FF80-FF8F                      #
#                            -Z(CODE)INTVEC=FF90-FFFF                          #
#                            -Z(CODE)RESET=FFFE-FFFF) -f                       #
#                            "C:\Program Files\IAR Systems\Embedded Workbench  #
#                            7.0\430\config\linker\multiplier32.xcl"           #
#                            (-e?Mul8Hw=?Mul8 -e?Mul16Hw=?Mul16                #
#                            -e?Mul16to32uHw=?Mul16to32u                       #
#                            -e?Mul16to32sHw=?Mul16to32s -e?Mul32Hw32=?Mul32   #
#                            -e?Mul64Hw32=_Mul64i                              #
#                            -e?Mul32u32uto64iHw32=_Mul32u32uto64i             #
#                            -e?Mul32fHw=_Mul32f -e_Mul64fHwPtr=_Mul64fPtr)    #
#                            -rt                                               #
#                            "C:\Program Files\IAR Systems\Embedded Workbench  #
#                            7.0\430\lib\dlib\dl430xllfn.r43"                  #
#                            -e_PrintfSmallNoMb=_Printf                        #
#                            -Omsp430_txt=D:\FCT_com\MasterMcu\IAR_project\Rel #
#                            ease\Exe\Spump18_master.txt                       #
#                            -s __program_start -D__iar_430_MPU_base=0x5A0     #
#                            -g?mpu2_init -D__iar_430_MPUCTL0_value=0x0011     #
#                            -D__iar_430_MPUSAM_value=0x3513                   #
#                                                                              #
#                           Copyright (C) 1987-2014 IAR Systems AB.            #
################################################################################





                ****************************************
                *                                      *
                *           CROSS REFERENCE            *
                *                                      *
                ****************************************

       Program entry at :           EC00  Relocatable, from module : ?cstart




                ****************************************
                *                                      *
                *            RUNTIME MODEL             *
                *                                      *
                ****************************************

  __Heap_Handler             = Basic
  __SystemLibrary            = DLib
  __code_model               = large
  __core                     = 430X
  __data_model               = large
  __dlib_file_descriptor     = 0
  __dlib_full_locale_support = 0
  __double_size              = 32
  __pic                      = no
  __reg_r4                   = free
  __reg_r5                   = free
  __rt_version               = 3

                ****************************************
                *                                      *
                *    AUTOMATIC SYMBOL REDIRECTIONS     *
                *                                      *
                ****************************************

                  There are no automatic symbol redirections.

                ****************************************
                *                                      *
                *              ENTRY LIST              *
                *                                      *
                ****************************************

Module  Entry                                   Address
------  -----                                   -------
?FILLER_BYTES
?ABS_ENTRY_MOD
        __iar_430_MPUSAM_value                   3513
        __iar_430_MPUCTL0_value                  0011
        __iar_430_MPU_base                       05A0
        __iar_HWMUL                              04C0
        _DATA20_HEAP_SIZE                        0000
        _DATA16_HEAP_SIZE                        0000
        _STACK_SIZE                              0400
AppComm ( D:\FCT_com\MasterMcu\IAR_project\Release\Obj\AppComm.r43 )
        gg_last_cmd_return                       CC24
        g_curr_motor_current                     CC2E
        g_is_already_meet_hall                   D418
        AppCommOnSetCmdToHallRespond             00014932
        AppCommOnSetCmdSleepRespond              0001464C
        AppCommOnSetCmdMotorRunRespond           00014638
        AppCommOnSetCmdMotorStopRespond          000137C4
        AppCommOnSetCmdPowerUpRespond            00013670
        AppCommOnCommTestRespond                 0001446C
        AppCommOnQueryMotorCurrentRespond        00014942
        AppCommOnQueryAdcRespond                 0001469C
        AppCommHandleCmdReturn                   00011372
        g_comm_cmd_responds                      000149C6
        g_comm_query_responds                    000149EA
AppCommon ( D:\FCT_com\MasterMcu\IAR_project\Release\Obj\AppCommon.r43 )
        AppStartRun                              00013FC6
        AppStopRun                               000148C0
        ExcuteSleep                              00013DFE
        ExcuteHallLocationCal                    00014518
AppDelivery ( D:\FCT_com\MasterMcu\IAR_project\Release\Obj\AppDelivery.r43 )
        ConvertTimeToSecond                      00012E6E
        DiffDateTimeInOneDay                     00012E06
AppEngineerMode ( D:\FCT_com\MasterMcu\IAR_project\Release\Obj\AppEngineerMode.r43 )
        strchr                                   000149A2
        AppEngineerModeRepeatRun                 00014922
        AppEngineerModeOnReceiveByte             000127A4
        AppEngineerModeInit                      00014396
        g_app_engineer_receive_str               D419
        g_app_engineer_receive_index             CC30
        g_app_engineer_last_receive_str          D455
        g_app_engineer_is_enable_cmd             D491
        g_app_engineer_handlers_ptr              CC34
        AppEngineerModeHelp                      00013466
        AppEngineerModeExit                      00014884
        AppEngineerModeRepeatLastCmd             000144E8
        AppEngineerModeTime                      00013A82
        AppEngineerModeEnableOutput              0001321E
        AppEngineerModeDisableOutput             000131C6
        AppEngineerModeReadData                  000105E6
        AppEngineerModeOutputSensor              00013FF2
        AppEngineerModeCancelSleep               0001437A
        AppEngineerModeCalBattery                000139CC
        AppEngineerModeTestWatchdog              000149AE
        AppEngineerModeFakeMotorPos              00014288
        AppEngineerModeStopWatchdog              00014660
        AppEngineerModeRun                       000144D0
        AppEngineerModeRunBack                   00013E88
        AppEngineerModeClearData                 00013EB6
        AppEngineerModePowerupCause              000145CC
        AppEngineerModeFCTContinueMode           00014486
        AppEngineerModeFCTMenuMode               000143EA
        AppEngineerModeFCTCase0                  00014878
        AppEngineerModeFCTCase1                  0001489C
        AppEngineerModeFCTCase2                  00014860
        AppEngineerModeFCTCase3                  000147DA
        AppEngineerModeFCTCase4                  00014848
        AppEngineerModeFCTCase5                  000147B0
        AppEngineerModeFCTCase6                  000147A2
        AppEngineerModeFCTCase7                  00014794
        AppEngineerModeFCTCase8                  00014854
        AppEngineerModeFCTCase9                  0001482E
        AppEngineerModeFCTCase10                 000147F6
        g_app_engineer_cmd_handlers              000149F6
        AppEngineerModeParseParams               00013374
        AppEngineerModeParseCmd                  0001119E
AppFCT ( D:\FCT_com\MasterMcu\IAR_project\Release\Obj\AppFCT.r43 )
        _A_PAIN_L                                0200
        _A_PAOUT_L                               0202
        _A_PADIR_L                               0204
        _A_PASEL0_L                              020A
        _A_PASEL1_L                              020C
        _A_PBOUT_L                               0222
        _A_PCOUT_L                               0242
        g_display_string                         D492
        g_timer_timeout                          D4A6
        g_battery_voltage                        CC38
        g_battery_voltage_is_ready               D4A7
        g_motor_current_is_ready                 D4A8
        g_is_use_continue_mode                   CC1C
        g_is_get_mode_cmd                        D4A9
        g_case_num                               C800
        g_com_test_send_counter                  CC3A
        g_com_test_receive_counter               CC3E
        g_send_pulse_signal_status               CC1D
        g_pulse_signal_now                       D4AA
        g_pulse_signal_last                      D4AB
        GetTimerTimeOut                          0001494A
        WaitKeyPressed                           00014438
        FCTLcdDisplay                            00013F6E
        FCTLcdDisplayCenter                      000142C8
        BeepOneTime                              00014404
        FCTTestShowVersion                       00013C44
        FCTTestShowSN                            00012F3A
        FCTTestKey                               00012724
        FCTTestLcd                               00012CC0
        FCTTestBuzzer                            00012D2E
        FCTTestVibrator                          00012D9A
        test_com                                 00012ED4
        FCTTestCom                               00010324
        test_send_pulse                          00012A82
        ReadPulseSignalLevel                     00014784
        FCTTestPulse                             00010198
        FCTTestMotor                             00011A52
        FCTTestHall                              00010F96
        FCTTestEncoder                           0001160E
        FCTTestMotorCurrent                      00010AEE
        FCTTestADC                               FCFC
        FCTTestRTC                               0001049E
        FCTTestSleepCurrent                      000130B4
        FCTTestNormalCurrent                     00013628
        FCTTestBacklightOnCurrent                00013276
        FCTTestMotorOnCurrent                    0001354C
        TestSpump                                0001291A
        g_expect_circle                          CC42
        g_dose                                   D4AC
        g_delivery_counter                       D4AD
        start_delivery                           00011E88
        TestApump                                0001109C
        FCTTestPrecision                         00012824
        FCTTestStart                             F842
        PAIN                                     0200
        PAIN_H                                   0201
        PAIN_L                                   0200
        PAOUT                                    0202
        PAOUT_H                                  0203
        PAOUT_L                                  0202
        PADIR                                    0204
        PADIR_H                                  0205
        PADIR_L                                  0204
        PASEL0                                   020A
        PASEL0_H                                 020B
        PASEL0_L                                 020A
        PASEL1                                   020C
        PASEL1_H                                 020D
        PASEL1_L                                 020C
        PBOUT                                    0222
        PBOUT_H                                  0223
        PBOUT_L                                  0222
        PCOUT                                    0242
        PCOUT_H                                  0243
        PCOUT_L                                  0242
        g_fct_case                               C802
Common ( D:\FCT_com\MasterMcu\IAR_project\Release\Obj\Common.r43 )
        g_is_module_enable_output                D4AE
        g_module_names                           CC04
        CommonInit                               000149C0
        SetModuleOutput                          000148D4
        SetModuleOutputByName                    00012FFC
        IsEnableOutput                           00014910
CtlAdc ( D:\FCT_com\MasterMcu\IAR_project\Release\Obj\CtlAdc.r43 )
CtlComm ( D:\FCT_com\MasterMcu\IAR_project\Release\Obj\CtlComm.r43 )
        CommOnRecvOneByteFromInternalCom         000118A0
        CommHandleNewReceiveData                 00013418
        CommSendBytes                            0001409A
        g_comm_internal_packet                   D4B4
        g_comm_receive_pos_at_internal_packet    CC46
CtlData ( D:\FCT_com\MasterMcu\IAR_project\Release\Obj\CtlData.r43 )
        g_motor_cali_circle                      CC48
        g_cali_hal_to_end_len                    CC4C
        g_occl_cal_min                           CC4E
        g_occl_speed_cal_min                     CC50
        g_occl_cal_max                           CC52
        g_occl_speed_cal_max                     CC54
        g_battery_voltage_offset                 CC56
        g_hardware_ver                           CC58
        g_serial_number                          CC5C
        g_password_common                        CC60
        g_sys_para_infu_info                     CC62
        g_deliver_switch                         D4BE
        g_sys_para_thickness                     D4BF
        g_sys_para_max_inf_dose                  CF62
        g_sys_para_user_set_deli_power           D4C0
        g_is_mute_mode                           D4C1
        g_preset_dose_value                      CF64
        g_record_point                           CF66
        g_record_counter                         CF6E
        g_motor_position                         CF76
        g_deliver_start_motor_pos                CF7A
        g_deliver_is_running                     CF7E
        g_mcu_abnormal_reset_state               D4C2
        g_occlusion_alarm_is_set                 D4C3
        g_batt_number                            CF80
        g_delivery_state                         D4C4
        SaveOrLoadSysPara                        EF74
        SaveSysPara                              0001493A
        LoadSysPara                              00014972
        SortTheRecordData                        00012BDE
        SaveRec                                  000126A4
        SaveRecEx                                00010000
        SaveMotorPos                             000117C6
        GetThicknessValue                        000140EA
        DoseToEncoder                            00012992
        VolumeToEncoder                          00013C78
        EncoderToVolume                          00013CDE
        g_motor_pos_manager                      CF82
CtlDelivery ( D:\FCT_com\MasterMcu\IAR_project\Release\Obj\CtlDelivery.r43 )
        g_delivery_dest_encoder                  CF90
        g_delivery_deviation_encoder             CF94
        g_delivery_actural_encoder               CF98
        g_delivery_expect_encoder                CF9C
        CtlDeliveryStart                         00013F9A
CtlDisplay ( D:\FCT_com\MasterMcu\IAR_project\Release\Obj\CtlDisplay.r43 )
        GetOffsetOfPage                          00011C84
        DisplayFlush                             000122D2
        DisplayFlushDirty                        0001316C
        DisplayIsDirty                           0001492A
        DisplaySetDirty                          0001197A
        DisplayWriteData                         000146FE
        DrawLineColumn                           000123F8
        DisplayClearAll                          00014268
        DisplayGetXSize                          00013110
        DisplayOneCharAtPos                      00012B6C
        DisplayTextAtPos                         000135E0
        DisplayTextAtXCenter                     00013DD0
        DisplayInit                              000148CA
        g_display_cache                          D4C5
        g_display_dirty_rect                     CFA0
        g_display_is_dirty                       D6C5
        g_display_font_lib                       CFA8
CtlEvent ( D:\FCT_com\MasterMcu\IAR_project\Release\Obj\CtlEvent.r43 )
        CtlEventGet                              00011D32
        CtlEventHandle                           00013D10
        CtlEventHandleAll                        00014136
        CtlEventPost                             0001223C
        CtlEventBindHandle                       0001483C
        CtlEventIsEmpty                          000143CE
        g_event_queue                            CFAC
        g_event_queue_begin_index                D0D8
        g_event_queue_end_index                  D0DC
        g_event_handle_fun_arr                   D0E0
CtlInterrupt ( D:\FCT_com\MasterMcu\IAR_project\Release\Obj\CtlInterrupt.r43 )
        InterruptCtlInit                         000149C2
CtlKey ( D:\FCT_com\MasterMcu\IAR_project\Release\Obj\CtlKey.r43 )
        g_key_handles                            D164
        g_combination_key_handles                D194
        g_combination_key_is_pressed             D6C6
        g_combination_key_map                    00016834
        g_key_monitor_funs                       D1A4
        g_key_is_block_when_one_key_pressed      D6C7
        g_key_current_handle_key                 D6CA
        g_key_current_valid_pressed_key          CC1E
        CtlKeyScan                               000149B6
        CtlKeyInit                               00014048
        CtlKeyIsPressed                          0001455E
        CtlKeyPressedCounter                     00013BD4
        CtlKeyHandle                             00012368
        CtlKeyCombinationHandle                  0001441E
        CtlKeyPressHandle                        00011452
        CtlKeyReleaseHandle                      00012596
        CtlKeyHoldHandle                         000146C4
        CtlKeyHold2sHandle                       0001460E
CtlMotor ( D:\FCT_com\MasterMcu\IAR_project\Release\Obj\CtlMotor.r43 )
        g_motor_running_dir                      CC1F
        g_motor_state                            CC20
        g_motor_need_to_state                    CC21
        g_motor_is_allow_stop_by_other_cpu       D6CB
        g_motor_stop_cause                       D6CC
        g_motor_stop_cause_of_alarm              D1B0
        CtlMotorPrintStopInfor                   00010E82
        CtlMotorCheckEncoderStop                 000116EA
        CtlMotorStart                            00011B14
        CtlMotorStopInternal                     00011BD0
        CtlMotorStopEx                           00014734
        CtlMotorIsRunning                        00014754
        CtlMotorIsStoping                        00014674
        CtlMotorInit                             000148A8
        PBOUT                                    0222
        PBOUT_H                                  0223
        PBOUT_L                                  0222
        g_motor_last_encoder                     D1B2
        g_motor_first_stop_encoder               D1B6
        g_motor_stoping_time                     D1BA
CtlPower ( D:\FCT_com\MasterMcu\IAR_project\Release\Obj\CtlPower.r43 )
        CtlPwrInitial                            000149B2
CtlSpiComm ( D:\FCT_com\MasterMcu\IAR_project\Release\Obj\CtlSpiComm.r43 )
        SpiCommInit                              FF7E
        crc16                                    000134B4
        SendSpiCommandToSlave                    0001497A
        SendSpiCommandToSlaveEx                  00012AF8
CtlTime ( D:\FCT_com\MasterMcu\IAR_project\Release\Obj\CtlTime.r43 )
        g_time_is_tick_handled                   D6CD
        CtlTimeOnOneTick                         00013B9C
        CtlTimeElapse                            0001398E
        CtlTimeSincePowerOn                      000147BE
        CtlTimeIsTickHandled                     00014952
        CtlTimeSetTickHandled                    0001495A
CtlTimer ( D:\FCT_com\MasterMcu\IAR_project\Release\Obj\CtlTimer.r43 )
        CtlTimerBindHandle                       000145F8
        CtlTimerSet                              0001210C
        CtlTimerSetRepeat                        00013D40
        CtlTimerClear                            000145A0
        CtlTimerIsExist                          000146B0
        CtlTimerClearAll                         000128A0
        CtlTimerHandle                           00010C28
        g_timer_mgr                              D1BE
DrvBeep ( D:\FCT_com\MasterMcu\IAR_project\Release\Obj\DrvBeep.r43 )
        DrvBuzzSetState                          00014774
        DrvVibMotorSetState                      00014764
        PBOUT                                    0222
        PBOUT_H                                  0223
        PBOUT_L                                  0222
DrvClk ( D:\FCT_com\MasterMcu\IAR_project\Release\Obj\DrvClk.r43 )
        _A_CSCTL0_L                              0160
        _A_CSCTL1_L                              0162
        _A_CSCTL2_L                              0164
        _A_CSCTL3_L                              0166
        _A_CSCTL4_L                              0168
        _A_CSCTL5_L                              016A
        _A_CSCTL6_L                              016C
        ClockInit                                00013E5A
        CSCTL0                                   0160
        CSCTL0_H                                 0161
        CSCTL0_L                                 0160
        CSCTL1                                   0162
        CSCTL1_H                                 0163
        CSCTL1_L                                 0162
        CSCTL2                                   0164
        CSCTL2_H                                 0165
        CSCTL2_L                                 0164
        CSCTL3                                   0166
        CSCTL3_H                                 0167
        CSCTL3_L                                 0166
        CSCTL4                                   0168
        CSCTL4_H                                 0169
        CSCTL4_L                                 0168
        CSCTL5                                   016A
        CSCTL5_H                                 016B
        CSCTL5_L                                 016A
        CSCTL6                                   016C
        CSCTL6_H                                 016D
        CSCTL6_L                                 016C
DrvEncoder ( D:\FCT_com\MasterMcu\IAR_project\Release\Obj\DrvEncoder.r43 )
        _A_PAIE_L                                021A
        _A_PAIFG_L                               021C
        TA0CTL                                   0340
        TA0CCTL1                                 0344
        TA0CCR1                                  0354
        TA0IV                                    036E
        g_encoder_counter                        D3AE
        g_encoder_expect_counter                 D3B2
        g_encoder_is_monitor                     D6D0
        g_encoder_need_stop_flag                 D6D1
        g_encoder_hz_counter                     D3B6
        g_encoder_cap_start                      D3B8
        g_encoder_cap_end                        D3BA
        g_encoder_cap_period                     D3BC
        g_encoder_Hz_done                        D6D2
        g_encoder_carry_cntr                     D6D3
        g_encoder_hz                             D3C0
        g_encoder_hz_result                      D3C4
        g_encoder_is_hz_result_ready             D6D4
        DrvEncoderInitial                        00014452
        DrvEncoderEnable                         000132CC
        DrvEncoderDisable                        000144B8
        DrvEncoderDisableMotorPosMonitorOnce     0001496A
        DrvPortClearWakeupFlag                   00014962
        Port1Isr                                 EC3C
        Timer0_A1_ISR                            EC60
        Port1Isr::??INTVEC 74                    FFDA
        Timer0_A1_ISR::??INTVEC 86               FFE6
        PADIR                                    0204
        PADIR_H                                  0205
        PADIR_L                                  0204
        PASEL0                                   020A
        PASEL0_H                                 020B
        PASEL0_L                                 020A
        PASEL1                                   020C
        PASEL1_H                                 020D
        PASEL1_L                                 020C
        PAIE                                     021A
        PAIE_H                                   021B
        PAIE_L                                   021A
        PAIFG                                    021C
        PAIFG_H                                  021D
        PAIFG_L                                  021C
        PBOUT                                    0222
        PBOUT_H                                  0223
        PBOUT_L                                  0222
        g_port_wakeup_flag                       D6CE
        g_encoder_is_disable_monitor_motor_pos   D6CF
DrvFram ( D:\FCT_com\MasterMcu\IAR_project\Release\Obj\DrvFram.r43 )
        FramReadData                             00014340
        FramWriteData                            00014322
DrvKey ( D:\FCT_com\MasterMcu\IAR_project\Release\Obj\DrvKey.r43 )
        g_key_hold_time                          D3C6
        DrvKeyInitial                            00013B2C
        DrvKeyGetState                           00010D60
        DrvKeyPostClearState                     00013ABC
        PAIN                                     0200
        PAIN_H                                   0201
        PAIN_L                                   0200
        g_key_pre_status                         D6D5
        g_key_status                             D6D8
        g_key_status_changed                     D6DB
        g_key_count                              D6DE
        DrvKeyGetValue                           00013910
DrvLcd ( D:\FCT_com\MasterMcu\IAR_project\Release\Obj\DrvLcd.r43 )
        _A_PEOUT_L                               0282
        g_back_light_status                      CC22
        DrvLcdInit                               00012A0A
        DrvLcdClr                                00013058
        DrvLcdSetPos                             00013500
        DrvLcdWriteByte                          000136F8
        DrvLcdSetBackLight                       00014574
        DrvLcdLowPower                           000140C2
        PAOUT                                    0202
        PAOUT_H                                  0203
        PAOUT_L                                  0202
        PBOUT                                    0222
        PBOUT_H                                  0223
        PBOUT_L                                  0222
        PEOUT                                    0282
        PEOUT_H                                  0283
        PEOUT_L                                  0282
DrvPort ( D:\FCT_com\MasterMcu\IAR_project\Release\Obj\DrvPort.r43 )
        _A_PAIES_L                               0218
        _A_PBDIR_L                               0224
        _A_PBSEL0_L                              022A
        _A_PBSEL1_L                              022C
        _A_PBSELC_L                              0236
        _A_PBIE_L                                023A
        _A_PCDIR_L                               0244
        _A_PCSEL0_L                              024A
        _A_PCSEL1_L                              024C
        _A_PCSELC_L                              0256
        _A_PEDIR_L                               0284
        _A_PESEL0_L                              028A
        _A_PESEL1_L                              028C
        _A_PESELC_L                              0296
        _A_PJDIR_L                               0324
        _A_PJSEL0_L                              032A
        _A_PJSEL1_L                              032C
        _A_PJSELC_L                              0336
        PortInit                                 00011F30
        PAOUT                                    0202
        PAOUT_H                                  0203
        PAOUT_L                                  0202
        PADIR                                    0204
        PADIR_H                                  0205
        PADIR_L                                  0204
        PASEL0                                   020A
        PASEL0_H                                 020B
        PASEL0_L                                 020A
        PASEL1                                   020C
        PASEL1_H                                 020D
        PASEL1_L                                 020C
        PAIES                                    0218
        PAIES_H                                  0219
        PAIES_L                                  0218
        PAIE                                     021A
        PAIE_H                                   021B
        PAIE_L                                   021A
        PBOUT                                    0222
        PBOUT_H                                  0223
        PBOUT_L                                  0222
        PBDIR                                    0224
        PBDIR_H                                  0225
        PBDIR_L                                  0224
        PBSEL0                                   022A
        PBSEL0_H                                 022B
        PBSEL0_L                                 022A
        PBSEL1                                   022C
        PBSEL1_H                                 022D
        PBSEL1_L                                 022C
        PBSELC                                   0236
        PBSELC_H                                 0237
        PBSELC_L                                 0236
        PBIE                                     023A
        PBIE_H                                   023B
        PBIE_L                                   023A
        PCDIR                                    0244
        PCDIR_H                                  0245
        PCDIR_L                                  0244
        PCSEL0                                   024A
        PCSEL0_H                                 024B
        PCSEL0_L                                 024A
        PCSEL1                                   024C
        PCSEL1_H                                 024D
        PCSEL1_L                                 024C
        PCSELC                                   0256
        PCSELC_H                                 0257
        PCSELC_L                                 0256
        PEDIR                                    0284
        PEDIR_H                                  0285
        PEDIR_L                                  0284
        PESEL0                                   028A
        PESEL0_H                                 028B
        PESEL0_L                                 028A
        PESEL1                                   028C
        PESEL1_H                                 028D
        PESEL1_L                                 028C
        PESELC                                   0296
        PESELC_H                                 0297
        PESELC_L                                 0296
        PJDIR                                    0324
        PJDIR_H                                  0325
        PJDIR_L                                  0324
        PJSEL0                                   032A
        PJSEL0_H                                 032B
        PJSEL0_L                                 032A
        PJSEL1                                   032C
        PJSEL1_H                                 032D
        PJSEL1_L                                 032C
        PJSELC                                   0336
        PJSELC_H                                 0337
        PJSELC_L                                 0336
DrvPower ( D:\FCT_com\MasterMcu\IAR_project\Release\Obj\DrvPower.r43 )
        _A_PM5CTL0_L                             0130
        _A_PJOUT_L                               0322
        _A_UCA0IE_L                              05DA
        _A_UCA1IE_L                              05FA
        DrvInitPowerControl                      00014986
        DrvMCULowPower                           0001491A
        DrvPortLowPower                          0001206E
        DrvBeepDisable                           0001498C
        DrvVibDisable                            00014992
        DrvRPIDisable                            00014998
        DrvPowerEnterLowMode                     00013C0C
        DrvPowerExitLowMode                      00014906
        PM5CTL0                                  0130
        PM5CTL0_H                                0131
        PM5CTL0_L                                0130
        PAOUT                                    0202
        PAOUT_H                                  0203
        PAOUT_L                                  0202
        PADIR                                    0204
        PADIR_H                                  0205
        PADIR_L                                  0204
        PASEL0                                   020A
        PASEL0_H                                 020B
        PASEL0_L                                 020A
        PASEL1                                   020C
        PASEL1_H                                 020D
        PASEL1_L                                 020C
        PAIES                                    0218
        PAIES_H                                  0219
        PAIES_L                                  0218
        PAIE                                     021A
        PAIE_H                                   021B
        PAIE_L                                   021A
        PAIFG                                    021C
        PAIFG_H                                  021D
        PAIFG_L                                  021C
        PBOUT                                    0222
        PBOUT_H                                  0223
        PBOUT_L                                  0222
        PBDIR                                    0224
        PBDIR_H                                  0225
        PBDIR_L                                  0224
        PBSEL0                                   022A
        PBSEL0_H                                 022B
        PBSEL0_L                                 022A
        PBSEL1                                   022C
        PBSEL1_H                                 022D
        PBSEL1_L                                 022C
        PCOUT                                    0242
        PCOUT_H                                  0243
        PCOUT_L                                  0242
        PCDIR                                    0244
        PCDIR_H                                  0245
        PCDIR_L                                  0244
        PCSEL0                                   024A
        PCSEL0_H                                 024B
        PCSEL0_L                                 024A
        PCSEL1                                   024C
        PCSEL1_H                                 024D
        PCSEL1_L                                 024C
        PEOUT                                    0282
        PEOUT_H                                  0283
        PEOUT_L                                  0282
        PEDIR                                    0284
        PEDIR_H                                  0285
        PEDIR_L                                  0284
        PESEL0                                   028A
        PESEL0_H                                 028B
        PESEL0_L                                 028A
        PESEL1                                   028C
        PESEL1_H                                 028D
        PESEL1_L                                 028C
        PJOUT                                    0322
        PJOUT_H                                  0323
        PJOUT_L                                  0322
        PJDIR                                    0324
        PJDIR_H                                  0325
        PJDIR_L                                  0324
        PJSEL0                                   032A
        PJSEL0_H                                 032B
        PJSEL0_L                                 032A
        PJSEL1                                   032C
        PJSEL1_H                                 032D
        PJSEL1_L                                 032C
        UCA0IE                                   05DA
        UCA0IE_H                                 05DB
        UCA0IE_L                                 05DA
        UCA1IE                                   05FA
        UCA1IE_H                                 05FB
        UCA1IE_L                                 05FA
DrvRtc ( D:\FCT_com\MasterMcu\IAR_project\Release\Obj\DrvRtc.r43 )
        _A_PCIN_L                                0240
        g_current_time                           D3CC
        delay                                    000147CC
        Write1Byte                               000136B4
        Read1Byte                                0001388E
        WData                                    00014072
        BurstWrite1302                           000133C8
        BurstRead1302                            00013A0A
        Ds1302TimeRead                           FEAA
        PCIN                                     0240
        PCIN_H                                   0241
        PCIN_L                                   0240
        PCOUT                                    0242
        PCOUT_H                                  0243
        PCOUT_L                                  0242
        PCDIR                                    0244
        PCDIR_H                                  0245
        PCDIR_L                                  0244
        ConvertBcdToDec                          00013F12
DrvSpi ( D:\FCT_com\MasterMcu\IAR_project\Release\Obj\DrvSpi.r43 )
        _A_UCB0CTLW0_L                           0640
        _A_UCB0BRW_L                             0646
        _A_UCB0STATW_L                           0648
        _A_UCB0RXBUF_L                           064C
        _A_UCB0TXBUF_L                           064E
        _A_UCB0IE_L                              066A
        _A_UCB0IFG_L                             066C
        UCB0IV                                   066E
        g_rx_data                                D6E1
        USCI_B0_ISR                              EE22
        USCI_B0_ISR::??INTVEC 92                 FFEC
        PASEL0                                   020A
        PASEL0_H                                 020B
        PASEL0_L                                 020A
        PASEL1                                   020C
        PASEL1_H                                 020D
        PASEL1_L                                 020C
        UCB0CTLW0                                0640
        UCB0CTLW0_H                              0641
        UCB0CTLW0_L                              0640
        UCB0BRW                                  0646
        UCB0BRW_H                                0647
        UCB0BRW_L                                0646
        UCB0STATW                                0648
        UCB0STATW_H                              0649
        UCB0STATW_L                              0648
        UCB0RXBUF                                064C
        UCB0RXBUF_H                              064D
        UCB0RXBUF_L                              064C
        UCB0TXBUF                                064E
        UCB0TXBUF_H                              064F
        UCB0TXBUF_L                              064E
        UCB0IE                                   066A
        UCB0IE_H                                 066B
        UCB0IE_L                                 066A
        UCB0IFG                                  066C
        UCB0IFG_H                                066D
        UCB0IFG_L                                066C
        USCI_B0_ISR::i                           D6E9
DrvTimer ( D:\FCT_com\MasterMcu\IAR_project\Release\Obj\DrvTimer.r43 )
        TA0CCTL0                                 0342
        TA0CCR0                                  0352
        TA1CTL                                   0380
        TA1CCTL0                                 0382
        TA1R                                     0390
        TA1CCR0                                  0392
        TA2CTL                                   0400
        TA2CCTL0                                 0402
        TA2CCR0                                  0412
        TA3CTL                                   0440
        TA3CCTL0                                 0442
        TA3CCR0                                  0452
        TB0CTL                                   03C0
        TB0CCTL0                                 03C2
        TB0CCR0                                  03D2
        g_time_ms_elapse                         D3E8
        g_timer_pass_count                       D3EC
        g_timer_next_check_rtc_count             D3F0
        g_auto_wakeup_timer_ms                   D3F4
        g_auto_wakeup_time                       D3F8
        DrvTimerInitial                          00013CAC
        DrvTimerCheckAndSetAutoWakeupTimer       0001261E
        DrvTimerEnable                           00011288
        DrvTimerDisable                          00012C50
        TimerA0Isr                               EE5C
        TimerA1Isr                               EE5E
        TimerA2Isr                               EECA
        TimerA3Isr                               EEDE
        TimerB0Isr                               EEEC
        TimerA3Isr::??INTVEC 66                  FFD2
        TimerA2Isr::??INTVEC 72                  FFD8
        TimerA1Isr::??INTVEC 78                  FFDE
        TimerA0Isr::??INTVEC 88                  FFE8
        TimerB0Isr::??INTVEC 102                 FFF6
DrvUart ( D:\FCT_com\MasterMcu\IAR_project\Release\Obj\DrvUart.r43 )
        _A_UCA0CTLW0_L                           05C0
        _A_UCA0BRW_L                             05C6
        _A_UCA0MCTLW_L                           05C8
        _A_UCA0RXBUF_L                           05CC
        _A_UCA0TXBUF_L                           05CE
        _A_UCA0IFG_L                             05DC
        UCA0IV                                   05DE
        _A_UCA1CTLW0_L                           05E0
        _A_UCA1BRW_L                             05E6
        _A_UCA1MCTLW_L                           05E8
        _A_UCA1RXBUF_L                           05EC
        _A_UCA1TXBUF_L                           05EE
        _A_UCA1IFG_L                             05FC
        UCA1IV                                   05FE
        DrvUart0Init                             00013E2C
        DrvUart1Init                             00013EE4
        Uart0SendByte                            00014804
        Uart0SendData                            00014208
        Uart1SendByte                            00014820
        Uart1SendData                            00014228
        UartOnReceiveNewByte                     00011DDE
        UartReceivedBufferSize                   0001373C
        UartReceiveByte                          00012484
        UartGetNewDataFlag                       0001458A
        UartClearNewDataFlag                     00014548
        USCI_A0_ISR                              EEF8
        USCI_A1_ISR                              EF1E
        __write                                  0001384C
        USCI_A1_ISR::??INTVEC 84                 FFE4
        USCI_A0_ISR::??INTVEC 94                 FFEE
        PASEL0                                   020A
        PASEL0_H                                 020B
        PASEL0_L                                 020A
        PASEL1                                   020C
        PASEL1_H                                 020D
        PASEL1_L                                 020C
        PBSEL0                                   022A
        PBSEL0_H                                 022B
        PBSEL0_L                                 022A
        PBSEL1                                   022C
        PBSEL1_H                                 022D
        PBSEL1_L                                 022C
        UCA0CTLW0                                05C0
        UCA0CTLW0_H                              05C1
        UCA0CTLW0_L                              05C0
        UCA0BRW                                  05C6
        UCA0BRW_H                                05C7
        UCA0BRW_L                                05C6
        UCA0MCTLW                                05C8
        UCA0MCTLW_H                              05C9
        UCA0MCTLW_L                              05C8
        UCA0RXBUF                                05CC
        UCA0RXBUF_H                              05CD
        UCA0RXBUF_L                              05CC
        UCA0TXBUF                                05CE
        UCA0TXBUF_H                              05CF
        UCA0TXBUF_L                              05CE
        UCA0IE                                   05DA
        UCA0IE_H                                 05DB
        UCA0IE_L                                 05DA
        UCA0IFG                                  05DC
        UCA0IFG_H                                05DD
        UCA0IFG_L                                05DC
        UCA1CTLW0                                05E0
        UCA1CTLW0_H                              05E1
        UCA1CTLW0_L                              05E0
        UCA1BRW                                  05E6
        UCA1BRW_H                                05E7
        UCA1BRW_L                                05E6
        UCA1MCTLW                                05E8
        UCA1MCTLW_H                              05E9
        UCA1MCTLW_L                              05E8
        UCA1RXBUF                                05EC
        UCA1RXBUF_H                              05ED
        UCA1RXBUF_L                              05EC
        UCA1TXBUF                                05EE
        UCA1TXBUF_H                              05EF
        UCA1TXBUF_L                              05EE
        UCA1IE                                   05FA
        UCA1IE_H                                 05FB
        UCA1IE_L                                 05FA
        UCA1IFG                                  05FC
        UCA1IFG_H                                05FD
        UCA1IFG_L                                05FC
        g_uart_rx_buff                           D6EA
Fonts ( D:\FCT_com\MasterMcu\IAR_project\Release\Obj\Fonts.r43 )
        nAsciiDot                                00016A19
        g_AsciiDot_code                          00017025
        gg_ASCII_font                            00015D56
        FontFindCharIndex                        00013A46
        FontFindCharPos                          000138D0
        FontGetCharInfo                          0001250E
Init ( D:\FCT_com\MasterMcu\IAR_project\Release\Obj\Init.r43 )
        InitDriver                               0001401E
        InitKernel                               00014530
        InitApp                                  0001499E
        SysInit                                  000141C4
        InitDataIfNotInit                        000121A6
        TestLcd                                  00013596
        Initial                                  0001486C
main ( D:\FCT_com\MasterMcu\IAR_project\Release\Obj\main.r43 )
        _A_SYSSNIV_L                             019C
        _A_SYSRSTIV_L                            019E
        _A_WDTCTL_L                              015C
        g_power_up_cause                         D414
        __low_level_init                         000148E8
        main                                     00011530
        SYSNMI_ISR                               EF44
        SYSNMI_ISR::??INTVEC 108                 FFFC
        PM5CTL0                                  0130
        PM5CTL0_H                                0131
        PM5CTL0_L                                0130
        PAOUT                                    0202
        PAOUT_H                                  0203
        PAOUT_L                                  0202
        SYSSNIV                                  019C
        SYSSNIV_H                                019D
        SYSSNIV_L                                019C
        SYSRSTIV                                 019E
        SYSRSTIV_H                               019F
        SYSRSTIV_L                               019E
        WDTCTL                                   015C
        WDTCTL_H                                 015D
        WDTCTL_L                                 015C
test_comm ( D:\FCT_com\MasterMcu\IAR_project\Release\Obj\test_comm.r43 )
test_display ( D:\FCT_com\MasterMcu\IAR_project\Release\Obj\test_display.r43 )
test_low_power ( D:\FCT_com\MasterMcu\IAR_project\Release\Obj\test_low_power.r43 )
test_timer ( D:\FCT_com\MasterMcu\IAR_project\Release\Obj\test_timer.r43 )
unit_test ( D:\FCT_com\MasterMcu\IAR_project\Release\Obj\unit_test.r43 )
version ( D:\FCT_com\MasterMcu\IAR_project\Release\Obj\version.r43 )
?abort ( C:\Program Files\IAR Systems\Embedded Workbench 7.0\430\lib\dlib\dl430xllfn.r43 )
?__dbg_break ( C:\Program Files\IAR Systems\Embedded Workbench 7.0\430\lib\dlib\dl430xllfn.r43 )
        __DebugBreak                             000149BE
?__exit ( C:\Program Files\IAR Systems\Embedded Workbench 7.0\430\lib\dlib\dl430xllfn.r43 )
        __exit                                   000145E2
?atoi ( C:\Program Files\IAR Systems\Embedded Workbench 7.0\430\lib\dlib\dl430xllfn.r43 )
        atoi                                     000148FC
?_exit ( C:\Program Files\IAR Systems\Embedded Workbench 7.0\430\lib\dlib\dl430xllfn.r43 )
        _exit                                    000149A6
?cppinit ( C:\Program Files\IAR Systems\Embedded Workbench 7.0\430\lib\dlib\dl430xllfn.r43 )
?cstart ( C:\Program Files\IAR Systems\Embedded Workbench 7.0\430\lib\dlib\dl430xllfn.r43 )
        __program_start                          EC00
        ?cstart_begin                            EC00
        ?cstart_call_mpu_init                    EC04
        ?cstart_call_low_level_init              EC08
        ?cstart_init_zero20                      EC10
        ?cstart_init_copy20                      EC20
        ?cstart_call_main                        EC34
        ?cstart_end                              EC3C
?reset_vector ( C:\Program Files\IAR Systems\Embedded Workbench 7.0\430\lib\dlib\dl430xllfn.r43 )
        ?reset_vector                            FFFE
?errno ( C:\Program Files\IAR Systems\Embedded Workbench 7.0\430\lib\dlib\dl430xllfn.r43 )
        __iar_Errno                              D416
?exit ( C:\Program Files\IAR Systems\Embedded Workbench 7.0\430\lib\dlib\dl430xllfn.r43 )
        exit                                     000149AA
?Mul32fHw ( C:\Program Files\IAR Systems\Embedded Workbench 7.0\430\lib\dlib\dl430xllfn.r43 )
        ?Mul32fHw                                000109B0
?Cast32f32i ( C:\Program Files\IAR Systems\Embedded Workbench 7.0\430\lib\dlib\dl430xllfn.r43 )
        _Cast32sto32f                            00011FD0
        _Cast32uto32f                            00011FE6
_Cast32fto32u ( C:\Program Files\IAR Systems\Embedded Workbench 7.0\430\lib\dlib\dl430xllfn.r43 )
        _Cast32fto32u                            00014890
?FLT_Extract ( C:\Program Files\IAR Systems\Embedded Workbench 7.0\430\lib\dlib\dl430xllfn.r43 )
        ?FLT_Extract                             00013320
_Div32f ( C:\Program Files\IAR Systems\Embedded Workbench 7.0\430\lib\dlib\dl430xllfn.r43 )
        _Div32f                                  00010870
_Add32f ( C:\Program Files\IAR Systems\Embedded Workbench 7.0\430\lib\dlib\dl430xllfn.r43 )
?malloc ( C:\Program Files\IAR Systems\Embedded Workbench 7.0\430\lib\dlib\dl430xllfn.r43 )
?DivMod816u ( C:\Program Files\IAR Systems\Embedded Workbench 7.0\430\lib\dlib\dl430xllfn.r43 )
        ?DivMod8u                                000143B2
        ?DivMod16u                               000143B6
?DivMod816s ( C:\Program Files\IAR Systems\Embedded Workbench 7.0\430\lib\dlib\dl430xllfn.r43 )
        ?DivMod8s                                00013B64
        ?DivMod16s                               00013B68
?DivMod32u ( C:\Program Files\IAR Systems\Embedded Workbench 7.0\430\lib\dlib\dl430xllfn.r43 )
        ?DivMod32u                               00013780
?DivMod32s ( C:\Program Files\IAR Systems\Embedded Workbench 7.0\430\lib\dlib\dl430xllfn.r43 )
        ?DivMod32s                               00013808
?ShiftLeft32 ( C:\Program Files\IAR Systems\Embedded Workbench 7.0\430\lib\dlib\dl430xllfn.r43 )
?ShiftLeft32_8n ( C:\Program Files\IAR Systems\Embedded Workbench 7.0\430\lib\dlib\dl430xllfn.r43 )
?memchr ( C:\Program Files\IAR Systems\Embedded Workbench 7.0\430\lib\dlib\dl430xllfn.r43 )
        __iar_Memchr                             000141E6
?memcmp ( C:\Program Files\IAR Systems\Embedded Workbench 7.0\430\lib\dlib\dl430xllfn.r43 )
        memcmp                                   00013DA0
?memcpy ( C:\Program Files\IAR Systems\Embedded Workbench 7.0\430\lib\dlib\dl430xllfn.r43 )
        memcpy                                   00014304
?memmove ( C:\Program Files\IAR Systems\Embedded Workbench 7.0\430\lib\dlib\dl430xllfn.r43 )
?CopyMemoryBytes ( C:\Program Files\IAR Systems\Embedded Workbench 7.0\430\lib\dlib\dl430xllfn.r43 )
        ?CopyMemoryBytes                         00014688
?CopyMemoryWords20 ( C:\Program Files\IAR Systems\Embedded Workbench 7.0\430\lib\dlib\dl430xllfn.r43 )
        ?CopyMemoryWords20                       000145B6
?memset ( C:\Program Files\IAR Systems\Embedded Workbench 7.0\430\lib\dlib\dl430xllfn.r43 )
        memset                                   000142E6
?memzero ( C:\Program Files\IAR Systems\Embedded Workbench 7.0\430\lib\dlib\dl430xllfn.r43 )
        __data20_memzero                         00014500
        __data20_memcpy                          000149BA
?MpuInit ( C:\Program Files\IAR Systems\Embedded Workbench 7.0\430\lib\dlib\dl430xllfn.r43 )
        __iar_430_mpu_init                       00014248
        ?mpu2_init                               00014248
?Mul32Hw32 ( C:\Program Files\IAR Systems\Embedded Workbench 7.0\430\lib\dlib\dl430xllfn.r43 )
        ?Mul32Hw32                               0001415A
?printf ( C:\Program Files\IAR Systems\Embedded Workbench 7.0\430\lib\dlib\dl430xllfn.r43 )
        printf                                   0001435E
?putchar ( C:\Program Files\IAR Systems\Embedded Workbench 7.0\430\lib\dlib\dl430xllfn.r43 )
        putchar                                  00013F40
?puts ( C:\Program Files\IAR Systems\Embedded Workbench 7.0\430\lib\dlib\dl430xllfn.r43 )
        puts                                     00013950
?setjmp ( C:\Program Files\IAR Systems\Embedded Workbench 7.0\430\lib\dlib\dl430xllfn.r43 )
?longjmp ( C:\Program Files\IAR Systems\Embedded Workbench 7.0\430\lib\dlib\dl430xllfn.r43 )
?sprintf ( C:\Program Files\IAR Systems\Embedded Workbench 7.0\430\lib\dlib\dl430xllfn.r43 )
        sprintf                                  00013AF4
?strchr ( C:\Program Files\IAR Systems\Embedded Workbench 7.0\430\lib\dlib\dl430xllfn.r43 )
        __iar_Strchr                             00014744
?strcmp ( C:\Program Files\IAR Systems\Embedded Workbench 7.0\430\lib\dlib\dl430xllfn.r43 )
        strcmp                                   000141A2
?strcpy ( C:\Program Files\IAR Systems\Embedded Workbench 7.0\430\lib\dlib\dl430xllfn.r43 )
        strcpy                                   00014710
?strlen ( C:\Program Files\IAR Systems\Embedded Workbench 7.0\430\lib\dlib\dl430xllfn.r43 )
        strlen                                   000142A8
?xcloseall ( C:\Program Files\IAR Systems\Embedded Workbench 7.0\430\lib\dlib\dl430xllfn.r43 )
?xgetmemchunk ( C:\Program Files\IAR Systems\Embedded Workbench 7.0\430\lib\dlib\dl430xllfn.r43 )
?xprintfsmall_nomb ( C:\Program Files\IAR Systems\Embedded Workbench 7.0\430\lib\dlib\dl430xllfn.r43 )
        _PrintfSmallNoMb                         F494
        LoadInt                                  00012F9E
        pad                                      00013D70
        _LitobSmallNoMb                          0001072E
        _PutcharSmallNoMb                        0001417E
        _PutcharsSmallNoMb                       00014110
?xprout ( C:\Program Files\IAR Systems\Embedded Workbench 7.0\430\lib\dlib\dl430xllfn.r43 )
        _Prout                                   000144A0
?xsprout ( C:\Program Files\IAR Systems\Embedded Workbench 7.0\430\lib\dlib\dl430xllfn.r43 )
        _SProut                                  000146EC
?xstoul ( C:\Program Files\IAR Systems\Embedded Workbench 7.0\430\lib\dlib\dl430xllfn.r43 )
        __iar_Stoulx                             FB4A
        __iar_Stoul                              00014980
?xxmemxfree ( C:\Program Files\IAR Systems\Embedded Workbench 7.0\430\lib\dlib\dl430xllfn.r43 )
?xxmemxmalloc ( C:\Program Files\IAR Systems\Embedded Workbench 7.0\430\lib\dlib\dl430xllfn.r43 )


                ****************************************
                *                                      *
                *            MODULE SUMMARY            *
                *                                      *
                ****************************************

Module                CODE      DATA       CONST
------                ----      ----       -----
                     (Rel)  (Rel)  (Abs)   (Rel)
?Cast32f32i            158
?CopyMemoryBytes        20
?CopyMemoryWords20      22
?DivMod32s              68
?DivMod32u              68
?DivMod816s             56
?DivMod816u             28
?FLT_Extract            84
?MpuInit                34
?Mul32Hw32              36
?Mul32fHw              318
?__dbg_break             2
?__exit                 22
?_exit                   4
?atoi                   10
?cstart                 60
?errno                          2
?exit                    4
?memchr                 34
?memcmp                 48
?memcpy                 30
?memset                 30
?memzero                28
?printf                 28
?putchar                46
?puts                   62                     1
?reset_vector            2
?sprintf                56
?strchr                 16
?strcmp                 34
?strcpy                 18
?strlen                 32
?xprintfsmall_nomb   1 584                     6
?xprout                 24
?xsprout                18
?xstoul                454                    74
AppComm                462     13            207
AppCommon              124                     7
AppDelivery            206
AppEngineerMode      1 682    129          5 645
  + shared               4
AppFCT               5 268  1 072          2 701
  + shared                            14
Common                 114     30             82
CtlComm                336     12             80
CtlData              2 456    847
CtlDelivery             44     16
CtlDisplay           1 162    525            114
CtlEvent               446    440
CtlInterrupt             2
CtlKey                 694     82              5
CtlMotor               928     19            450
CtlPower                 4
CtlSpiComm             200                    34
CtlTime                148      1
CtlTimer               700    496
DrvBeep                 32
DrvClk                  46            14
DrvEncoder             636     31      6
  + shared              88             6
  + common
DrvFram                 60
DrvKey                 466     18
DrvLcd                 418      1              1
  + shared                             2
DrvPort                160            10
  + shared                            26
DrvPower               256             2
  + shared                             6
DrvRtc                 586     28      2
DrvSpi                  58      9     16
  + common              94
DrvTimer               686     44     30
  + common             104
DrvUart                746    134     28
  + common              96
Fonts                  260                 1 746
Init                   340
_Cast32fto32u           12
_Div32f                320
main                   280      2      6      25
  + common             110
N/A (command line)          1 024
N/A (alignment)
----------          ------  -----    ---  ------
Total:              23 880  4 975    168  11 178
  + common             110


                ****************************************
                *                                      *
                *      SEGMENTS IN ADDRESS ORDER       *
                *                                      *
                ****************************************


SEGMENT              SPACE    START ADDRESS   END ADDRESS     SIZE  TYPE  ALIGN
=======              =====    =============   ===========     ====  ====  =====
DATA16_AN                              0130 - 0131               2   rel    0
                                       015C - 015D               2 
                                       0160 - 016D               E 
                                       019C - 019F               4 
                                       0200 - 0205               6 
                                       020A - 020D               4 
                                       0218 - 021D               6 
                                       0222 - 0225               4 
                                       022A - 022D               4 
                                       0236 - 0237               2 
                                       023A - 023B               2 
                                       0240 - 0245               6 
                                       024A - 024D               4 
                                       0256 - 0257               2 
                                       0282 - 0285               4 
                                       028A - 028D               4 
                                       0296 - 0297               2 
                                       0322 - 0325               4 
                                       032A - 032D               4 
                                       0336 - 0337               2 
                                       0340 - 0345               6 
                                       0352 - 0355               4 
                                       036E - 036F               2 
                                       0380 - 0383               4 
                                       0390 - 0393               4 
                                       03C0 - 03C3               4 
                                       03D2 - 03D3               2 
                                       0400 - 0403               4 
                                       0412 - 0413               2 
                                       0440 - 0443               4 
                                       0452 - 0453               2 
                                       05C0 - 05C1               2 
                                       05C6 - 05C9               4 
                                       05CC - 05CF               4 
                                       05DA - 05E1               8 
                                       05E6 - 05E9               4 
                                       05EC - 05EF               4 
                                       05FA - 05FF               6 
                                       0640 - 0641               2 
                                       0646 - 0649               4 
                                       064C - 064F               4 
                                       066A - 066F               6 
CSTACK                                 1C00 - 1FFF             400   rel    1
CODE_I                                    2000                       rel    1
DATA20_I                               C800 - CC22             423   rel    1
DATA20_Z                               CC24 - D76F             B4C   rel    1
DATA20_N                                  D770                       rel    1
DATA20_HEAP                               D770                       rel    1
MPU_B1                                    D800                       rel   10
DATA16_C                               E800 - E807               8   rel    0
MPU_B2                                    EC00                       rel   10
CSTART                                 EC00 - EC3B              3C   rel    1
ISR_CODE                               EC3C - EF73             338   rel    1
<CODE> 1                               EF74 - FF7F            100C   rel    1
INTVEC                                 FF90 - FFFD              6E   com    1
RESET                                  FFFE - FFFF               2   rel    1
<CODE> 2                           00010000 - 000149C3        49C4   rel    1
CODE_PAD                           000149C4 - 000149C5           2   rel    1
DATA20_C                           000149C6 - 00017144        277F   rel    1
DATA20_ID                          00017146 - 00017568         423   rel    1
CODE_ID                                 0001756A                     rel    1

                ****************************************
                *                                      *
                *        END OF CROSS REFERENCE        *
                *                                      *
                ****************************************

 23 990 bytes of CODE  memory
  4 975 bytes of DATA  memory (+ 168 absolute )
 11 178 bytes of CONST memory

Errors: none
Warnings: none

