################################################################################
#                                                                              #
#      IAR Universal Linker V6.1.3.56                                          #
#                                                                              #
#           Link time     =  10/Dec/2019  13:36:17                             #
#           Target CPU    =  MSP430                                            #
#           List file     =  D:\FCT_release\MasterMcu\IAR_project\Release\List #
#                            \Spump18_master.map                               #
#           Output file 1 =  D:\FCT_release\MasterMcu\IAR_project\Release\Exe\ #
#                            Spump18_master.d43                                #
#                            Format: debug                                     #
#                            UBROF version 10.0.6                              #
#                            Using library modules for C-SPY (-rt)             #
#           Output file 2 =  D:\FCT_release\MasterMcu\IAR_project\Release\Exe\ #
#                            Spump18_master.txt                                #
#                            Format: msp430_txt                                #
#           Command line  =  D:\FCT_release\MasterMcu\IAR_project\Release\Obj\ #
#                            AppComm.r43                                       #
#                            D:\FCT_release\MasterMcu\IAR_project\Release\Obj\ #
#                            AppCommon.r43                                     #
#                            D:\FCT_release\MasterMcu\IAR_project\Release\Obj\ #
#                            AppDelivery.r43                                   #
#                            D:\FCT_release\MasterMcu\IAR_project\Release\Obj\ #
#                            AppEngineerMode.r43                               #
#                            D:\FCT_release\MasterMcu\IAR_project\Release\Obj\ #
#                            AppFCT.r43                                        #
#                            D:\FCT_release\MasterMcu\IAR_project\Release\Obj\ #
#                            Common.r43                                        #
#                            D:\FCT_release\MasterMcu\IAR_project\Release\Obj\ #
#                            CtlAdc.r43                                        #
#                            D:\FCT_release\MasterMcu\IAR_project\Release\Obj\ #
#                            CtlComm.r43                                       #
#                            D:\FCT_release\MasterMcu\IAR_project\Release\Obj\ #
#                            CtlData.r43                                       #
#                            D:\FCT_release\MasterMcu\IAR_project\Release\Obj\ #
#                            CtlDelivery.r43                                   #
#                            D:\FCT_release\MasterMcu\IAR_project\Release\Obj\ #
#                            CtlDisplay.r43                                    #
#                            D:\FCT_release\MasterMcu\IAR_project\Release\Obj\ #
#                            CtlEvent.r43                                      #
#                            D:\FCT_release\MasterMcu\IAR_project\Release\Obj\ #
#                            CtlInterrupt.r43                                  #
#                            D:\FCT_release\MasterMcu\IAR_project\Release\Obj\ #
#                            CtlKey.r43                                        #
#                            D:\FCT_release\MasterMcu\IAR_project\Release\Obj\ #
#                            CtlMotor.r43                                      #
#                            D:\FCT_release\MasterMcu\IAR_project\Release\Obj\ #
#                            CtlPower.r43                                      #
#                            D:\FCT_release\MasterMcu\IAR_project\Release\Obj\ #
#                            CtlSpiComm.r43                                    #
#                            D:\FCT_release\MasterMcu\IAR_project\Release\Obj\ #
#                            CtlTime.r43                                       #
#                            D:\FCT_release\MasterMcu\IAR_project\Release\Obj\ #
#                            CtlTimer.r43                                      #
#                            D:\FCT_release\MasterMcu\IAR_project\Release\Obj\ #
#                            DrvBeep.r43                                       #
#                            D:\FCT_release\MasterMcu\IAR_project\Release\Obj\ #
#                            DrvClk.r43                                        #
#                            D:\FCT_release\MasterMcu\IAR_project\Release\Obj\ #
#                            DrvEncoder.r43                                    #
#                            D:\FCT_release\MasterMcu\IAR_project\Release\Obj\ #
#                            DrvFram.r43                                       #
#                            D:\FCT_release\MasterMcu\IAR_project\Release\Obj\ #
#                            DrvKey.r43                                        #
#                            D:\FCT_release\MasterMcu\IAR_project\Release\Obj\ #
#                            DrvLcd.r43                                        #
#                            D:\FCT_release\MasterMcu\IAR_project\Release\Obj\ #
#                            DrvPort.r43                                       #
#                            D:\FCT_release\MasterMcu\IAR_project\Release\Obj\ #
#                            DrvPower.r43                                      #
#                            D:\FCT_release\MasterMcu\IAR_project\Release\Obj\ #
#                            DrvRtc.r43                                        #
#                            D:\FCT_release\MasterMcu\IAR_project\Release\Obj\ #
#                            DrvSpi.r43                                        #
#                            D:\FCT_release\MasterMcu\IAR_project\Release\Obj\ #
#                            DrvTimer.r43                                      #
#                            D:\FCT_release\MasterMcu\IAR_project\Release\Obj\ #
#                            DrvUart.r43                                       #
#                            D:\FCT_release\MasterMcu\IAR_project\Release\Obj\ #
#                            Fonts.r43                                         #
#                            D:\FCT_release\MasterMcu\IAR_project\Release\Obj\ #
#                            Init.r43                                          #
#                            D:\FCT_release\MasterMcu\IAR_project\Release\Obj\ #
#                            main.r43                                          #
#                            D:\FCT_release\MasterMcu\IAR_project\Release\Obj\ #
#                            test_comm.r43                                     #
#                            D:\FCT_release\MasterMcu\IAR_project\Release\Obj\ #
#                            test_display.r43                                  #
#                            D:\FCT_release\MasterMcu\IAR_project\Release\Obj\ #
#                            test_low_power.r43                                #
#                            D:\FCT_release\MasterMcu\IAR_project\Release\Obj\ #
#                            test_timer.r43                                    #
#                            D:\FCT_release\MasterMcu\IAR_project\Release\Obj\ #
#                            unit_test.r43                                     #
#                            D:\FCT_release\MasterMcu\IAR_project\Release\Obj\ #
#                            version.r43                                       #
#                            -o                                                #
#                            D:\FCT_release\MasterMcu\IAR_project\Release\Exe\ #
#                            Spump18_master.d43                                #
#                            -l                                                #
#                            D:\FCT_release\MasterMcu\IAR_project\Release\List #
#                            \Spump18_master.map                               #
#                            -xesn                                             #
#                            "-IC:\Program Files\IAR Systems\Embedded Workbenc #
#                            h 7.0\430\LIB\"                                   #
#                            -f                                                #
#                            D:\FCT_release\MasterMcu\IAR_project\msp430fr5989 #
#                            .xcl                                              #
#                            (-D_STACK_SIZE=400 -D_DATA16_HEAP_SIZE=0          #
#                            -D_DATA20_HEAP_SIZE=0 -cmsp430 -QCODE_I=CODE_ID   #
#                            -QTLS16_I=TLS16_ID -D__iar_HWMUL=4C0              #
#                            -Z(CONST)INFO=1800-19FF                           #
#                            -Z(CONST)INFOA=1980-19FF                          #
#                            -Z(CONST)INFOB=1900-197F                          #
#                            -Z(CONST)INFOC=1880-18FF                          #
#                            -Z(CONST)INFOD=1800-187F                          #
#                            -Z(DATA)CSTACK+_STACK_SIZE=1C00-23FF              #
#                            -Z(DATA)DATA16_I,DATA16_Z,DATA16_N,TLS16_I=1C00-2 #
#                            3FF,C800-E7FF                                     #
#                            -Z(DATA)CODE_I                                    #
#                            -Z(DATA)DATA20_I,DATA20_Z,DATA20_N                #
#                            -Z(CONST)DATA16_P,DATA20_P=1C00-23FF,C800-E7FF    #
#                            -Z(DATA)DATA16_HEAP+_DATA16_HEAP_SIZE             #
#                            -Z(DATA)DATA20_HEAP+_DATA20_HEAP_SIZE             #
#                            -Z(CONST)MPU_B1                                   #
#                            -Z(CONST)DATA16_C,DATA16_ID,TLS16_ID,DIFUNCT,CHEC #
#                            KSUM=E800-FF7F,10000-23FFF                        #
#                            -Z(CONST)MPU_B2 -Z(CONST)IPE_B1=E800-FF7F         #
#                            -Z(CODE)IPECODE16 -Z(CONST)IPEDATA16_C,IPE_B2     #
#                            -Z(CODE)CSTART,ISR_CODE,CODE16=E800-FF7F          #
#                            -P(CODE)CODE=E800-FF7F,10000-23FFF                #
#                            -Z(CODE)CODE_PAD                                  #
#                            -Z(CONST)DATA20_C,DATA20_ID,CODE_ID=E800-FF7F,100 #
#                            00-23FFF                                          #
#                            -Z(CONST)SIGNATURE=FF80-FF8F                      #
#                            -Z(CODE)INTVEC=FF90-FFFF                          #
#                            -Z(CODE)RESET=FFFE-FFFF) -f                       #
#                            "C:\Program Files\IAR Systems\Embedded Workbench  #
#                            7.0\430\config\linker\multiplier32.xcl"           #
#                            (-e?Mul8Hw=?Mul8 -e?Mul16Hw=?Mul16                #
#                            -e?Mul16to32uHw=?Mul16to32u                       #
#                            -e?Mul16to32sHw=?Mul16to32s -e?Mul32Hw32=?Mul32   #
#                            -e?Mul64Hw32=_Mul64i                              #
#                            -e?Mul32u32uto64iHw32=_Mul32u32uto64i             #
#                            -e?Mul32fHw=_Mul32f -e_Mul64fHwPtr=_Mul64fPtr)    #
#                            -rt                                               #
#                            "C:\Program Files\IAR Systems\Embedded Workbench  #
#                            7.0\430\lib\dlib\dl430xllfn.r43"                  #
#                            -e_PrintfSmallNoMb=_Printf                        #
#                            -Omsp430_txt=D:\FCT_release\MasterMcu\IAR_project #
#                            \Release\Exe\Spump18_master.txt                   #
#                            -s __program_start -D__iar_430_MPU_base=0x5A0     #
#                            -g?mpu2_init -D__iar_430_MPUCTL0_value=0x0011     #
#                            -D__iar_430_MPUSAM_value=0x3513                   #
#                                                                              #
#                           Copyright (C) 1987-2014 IAR Systems AB.            #
################################################################################





                ****************************************
                *                                      *
                *           CROSS REFERENCE            *
                *                                      *
                ****************************************

       Program entry at :           EC00  Relocatable, from module : ?cstart




                ****************************************
                *                                      *
                *            RUNTIME MODEL             *
                *                                      *
                ****************************************

  __Heap_Handler             = Basic
  __SystemLibrary            = DLib
  __code_model               = large
  __core                     = 430X
  __data_model               = large
  __dlib_file_descriptor     = 0
  __dlib_full_locale_support = 0
  __double_size              = 32
  __pic                      = no
  __reg_r4                   = free
  __reg_r5                   = free
  __rt_version               = 3

                ****************************************
                *                                      *
                *    AUTOMATIC SYMBOL REDIRECTIONS     *
                *                                      *
                ****************************************

                  There are no automatic symbol redirections.

                ****************************************
                *                                      *
                *              ENTRY LIST              *
                *                                      *
                ****************************************

Module  Entry                                   Address
------  -----                                   -------
?FILLER_BYTES
?ABS_ENTRY_MOD
        __iar_430_MPUSAM_value                   3513
        __iar_430_MPUCTL0_value                  0011
        __iar_430_MPU_base                       05A0
        __iar_HWMUL                              04C0
        _DATA20_HEAP_SIZE                        0000
        _DATA16_HEAP_SIZE                        0000
        _STACK_SIZE                              0400
AppComm ( D:\FCT_release\MasterMcu\IAR_project\Release\Obj\AppComm.r43 )
        gg_last_cmd_return                       C800
        g_curr_motor_current                     C80A
        g_is_already_meet_hall                   CFF4
        AppCommOnSetCmdToHallRespond             0001486A
        AppCommOnSetCmdSleepRespond              00014584
        AppCommOnSetCmdMotorRunRespond           00014570
        AppCommOnSetCmdMotorStopRespond          000135FE
        AppCommOnSetCmdPowerUpRespond            00013642
        AppCommOnCommTestRespond                 000143A4
        AppCommOnQueryMotorCurrentRespond        0001487A
        AppCommOnQueryAdcRespond                 000145D4
        AppCommHandleCmdReturn                   00011278
        g_comm_cmd_responds                      000148FE
        g_comm_query_responds                    00014922
AppCommon ( D:\FCT_release\MasterMcu\IAR_project\Release\Obj\AppCommon.r43 )
        AppStartRun                              00013EFE
        AppStopRun                               000147F8
        ExcuteSleep                              00013D64
        ExcuteHallLocationCal                    00014450
AppDelivery ( D:\FCT_release\MasterMcu\IAR_project\Release\Obj\AppDelivery.r43 )
        ConvertTimeToSecond                      00012D74
        DiffDateTimeInOneDay                     00012D0C
AppEngineerMode ( D:\FCT_release\MasterMcu\IAR_project\Release\Obj\AppEngineerMode.r43 )
        strchr                                   000148DA
        AppEngineerModeRepeatRun                 0001485A
        AppEngineerModeOnReceiveByte             000125AA
        AppEngineerModeInit                      000142CE
        g_app_engineer_receive_str               CFF5
        g_app_engineer_receive_index             C80C
        g_app_engineer_last_receive_str          D031
        g_app_engineer_is_enable_cmd             D06D
        g_app_engineer_handlers_ptr              C810
        AppEngineerModeHelp                      0001336C
        AppEngineerModeExit                      000147BC
        AppEngineerModeRepeatLastCmd             00014420
        AppEngineerModeTime                      00013988
        AppEngineerModeEnableOutput              000130CC
        AppEngineerModeDisableOutput             00013124
        AppEngineerModeReadData                  000104DE
        AppEngineerModeOutputSensor              00013EA6
        AppEngineerModeCancelSleep               000142B2
        AppEngineerModeCalBattery                000138D2
        AppEngineerModeTestWatchdog              000148E6
        AppEngineerModeFakeMotorPos              000141E0
        AppEngineerModeStopWatchdog              00014598
        AppEngineerModeRun                       00014408
        AppEngineerModeRunBack                   00013E78
        AppEngineerModeClearData                 00013D36
        AppEngineerModeFctTestCom                00013BE4
        AppEngineerModePowerupCause              00014504
        AppEngineerModeFCTContinueMode           000143BE
        AppEngineerModeFCTMenuMode               00014322
        AppEngineerModeFCTCase0                  000147B0
        AppEngineerModeFCTCase1                  000147D4
        AppEngineerModeFCTCase2                  00014798
        AppEngineerModeFCTCase3                  00014712
        AppEngineerModeFCTCase4                  00014780
        AppEngineerModeFCTCase5                  000146E8
        AppEngineerModeFCTCase6                  000146DA
        AppEngineerModeFCTCase7                  000146CC
        AppEngineerModeFCTCase8                  0001478C
        AppEngineerModeFCTCase9                  00014766
        AppEngineerModeFCTCase10                 0001472E
        g_app_engineer_cmd_handlers              0001492E
        AppEngineerModeParseParams               0001327A
        AppEngineerModeParseCmd                  0001118E
AppFCT ( D:\FCT_release\MasterMcu\IAR_project\Release\Obj\AppFCT.r43 )
        _A_PAIN_L                                0200
        _A_PAOUT_L                               0202
        _A_PADIR_L                               0204
        _A_PASEL0_L                              020A
        _A_PASEL1_L                              020C
        _A_PBOUT_L                               0222
        _A_PCOUT_L                               0242
        g_display_string                         D06E
        g_timer_timeout                          D082
        g_battery_voltage                        C814
        g_battery_voltage_is_ready               D083
        g_is_use_continue_mode                   23E6
        g_is_get_mode_cmd                        D084
        g_case_num                               2000
        g_com_test_send_counter                  C816
        g_com_test_receive_counter               C81A
        g_send_pulse_signal_status               23E7
        g_pulse_signal_now                       D085
        g_pulse_signal_last                      D086
        GetTimerTimeOut                          00014882
        WaitKeyPressed                           00014370
        FCTLcdDisplay                            00013F2A
        FCTLcdDisplayCenter                      00014200
        BeepOneTime                              0001433C
        FCTTestShowVersion                       00013B4A
        FCTTestShowSN                            00012E40
        FCTTestKey                               000126AA
        FCTTestLcd                               00012BC6
        FCTTestBuzzer                            00012CA0
        FCTTestVibrator                          00012C34
        test_com                                 00012DDA
        FCTTestCom                               000101AC
        test_send_pulse                          00012988
        ReadPulseSignalLevel                     000146BC
        FCTTestPulse                             00010000
        FCTTestMotor                             00011958
        FCTTestHall                              00010E9C
        FCTTestEncoder                           00011514
        FCTTestADC                               FCFC
        FCTTestRTC                               00010626
        FCTTestSleepCurrent                      00013016
        FCTTestNormalCurrent                     0001352E
        FCTTestBacklightOnCurrent                0001317C
        FCTTestMotorOnCurrent                    00013452
        TestSpump                                00012910
        g_expect_circle                          C81E
        g_dose                                   D087
        g_delivery_counter                       D088
        start_delivery                           00011D8E
        TestApump                                00010FA2
        FCTTestPrecision                         0001272A
        FCTTestStart                             F842
        PAIN                                     0200
        PAIN_H                                   0201
        PAIN_L                                   0200
        PAOUT                                    0202
        PAOUT_H                                  0203
        PAOUT_L                                  0202
        PADIR                                    0204
        PADIR_H                                  0205
        PADIR_L                                  0204
        PASEL0                                   020A
        PASEL0_H                                 020B
        PASEL0_L                                 020A
        PASEL1                                   020C
        PASEL1_H                                 020D
        PASEL1_L                                 020C
        PBOUT                                    0222
        PBOUT_H                                  0223
        PBOUT_L                                  0222
        PCOUT                                    0242
        PCOUT_H                                  0243
        PCOUT_L                                  0242
        g_fct_case                               2002
Common ( D:\FCT_release\MasterMcu\IAR_project\Release\Obj\Common.r43 )
        g_is_module_enable_output                D089
        g_module_names                           23CE
        CommonInit                               000148F8
        SetModuleOutput                          0001480C
        SetModuleOutputByName                    00012FBA
        IsEnableOutput                           00014848
CtlAdc ( D:\FCT_release\MasterMcu\IAR_project\Release\Obj\CtlAdc.r43 )
CtlComm ( D:\FCT_release\MasterMcu\IAR_project\Release\Obj\CtlComm.r43 )
        CommOnRecvOneByteFromInternalCom         000117A6
        CommHandleNewReceiveData                 0001331E
        CommSendBytes                            00013FFA
        g_comm_internal_packet                   D08F
        g_comm_receive_pos_at_internal_packet    C822
CtlData ( D:\FCT_release\MasterMcu\IAR_project\Release\Obj\CtlData.r43 )
        g_motor_cali_circle                      C824
        g_cali_hal_to_end_len                    C828
        g_occl_cal_min                           C82A
        g_occl_speed_cal_min                     C82C
        g_occl_cal_max                           C82E
        g_occl_speed_cal_max                     C830
        g_battery_voltage_offset                 C832
        g_hardware_ver                           C834
        g_serial_number                          C838
        g_password_common                        C83C
        g_sys_para_infu_info                     C83E
        g_deliver_switch                         D099
        g_sys_para_thickness                     D09A
        g_sys_para_max_inf_dose                  CB3E
        g_sys_para_user_set_deli_power           D09B
        g_is_mute_mode                           D09C
        g_preset_dose_value                      CB40
        g_record_point                           CB42
        g_record_counter                         CB4A
        g_motor_position                         CB52
        g_deliver_start_motor_pos                CB56
        g_deliver_is_running                     CB5A
        g_mcu_abnormal_reset_state               D09D
        g_occlusion_alarm_is_set                 D09E
        g_batt_number                            CB5C
        g_delivery_state                         D09F
        SaveOrLoadSysPara                        EF74
        SaveSysPara                              00014872
        LoadSysPara                              000148AA
        SortTheRecordData                        00012AE4
        SaveRec                                  0001262A
        SaveRecEx                                00010346
        SaveMotorPos                             000116CC
        GetThicknessValue                        00014048
        DoseToEncoder                            00012898
        VolumeToEncoder                          00013B7E
        EncoderToVolume                          00013C16
        g_motor_pos_manager                      CB5E
CtlDelivery ( D:\FCT_release\MasterMcu\IAR_project\Release\Obj\CtlDelivery.r43 )
        g_delivery_dest_encoder                  CB6C
        g_delivery_deviation_encoder             CB70
        g_delivery_actural_encoder               CB74
        g_delivery_expect_encoder                CB78
        CtlDeliveryStart                         00013ED2
CtlDisplay ( D:\FCT_release\MasterMcu\IAR_project\Release\Obj\CtlDisplay.r43 )
        GetOffsetOfPage                          00011B8A
        DisplayFlush                             00012142
        DisplayFlushDirty                        00013072
        DisplayIsDirty                           00014862
        DisplaySetDirty                          00011880
        DisplayWriteData                         00014636
        DrawLineColumn                           000122FE
        DisplayClearAll                          00014180
        DisplayGetXSize                          00012F02
        DisplayOneCharAtPos                      00012A72
        DisplayTextAtPos                         000134E6
        DisplayTextAtXCenter                     00013E1C
        DisplayInit                              00014802
        g_display_cache                          D0A0
        g_display_dirty_rect                     CB7C
        g_display_is_dirty                       D2A0
        g_display_font_lib                       CB84
CtlEvent ( D:\FCT_release\MasterMcu\IAR_project\Release\Obj\CtlEvent.r43 )
        CtlEventGet                              00011C38
        CtlEventHandle                           00013C48
        CtlEventHandleAll                        0001406E
        CtlEventPost                             000120AC
        CtlEventBindHandle                       00014774
        CtlEventIsEmpty                          00014306
        g_event_queue                            CB88
        g_event_queue_begin_index                CCB4
        g_event_queue_end_index                  CCB8
        g_event_handle_fun_arr                   CCBC
CtlInterrupt ( D:\FCT_release\MasterMcu\IAR_project\Release\Obj\CtlInterrupt.r43 )
        InterruptCtlInit                         000148FA
CtlKey ( D:\FCT_release\MasterMcu\IAR_project\Release\Obj\CtlKey.r43 )
        g_key_handles                            CD40
        g_combination_key_handles                CD70
        g_combination_key_is_pressed             D2A1
        g_combination_key_map                    000167F8
        g_key_monitor_funs                       CD80
        g_key_is_block_when_one_key_pressed      D2A2
        g_key_current_handle_key                 D2A5
        g_key_current_valid_pressed_key          23E8
        CtlKeyScan                               000148EE
        CtlKeyInit                               00013F80
        CtlKeyIsPressed                          00014496
        CtlKeyPressedCounter                     00013B12
        CtlKeyHandle                             0001226E
        CtlKeyCombinationHandle                  00014356
        CtlKeyPressHandle                        00011436
        CtlKeyReleaseHandle                      0001249C
        CtlKeyHoldHandle                         000145FC
        CtlKeyHold2sHandle                       00014546
CtlMotor ( D:\FCT_release\MasterMcu\IAR_project\Release\Obj\CtlMotor.r43 )
        g_motor_running_dir                      23E9
        g_motor_state                            23EA
        g_motor_need_to_state                    23EB
        g_motor_is_allow_stop_by_other_cpu       D2A6
        g_motor_stop_cause                       D2A7
        g_motor_stop_cause_of_alarm              CD8C
        CtlMotorPrintStopInfor                   00010D88
        CtlMotorCheckEncoderStop                 000115F0
        CtlMotorStart                            00011A1A
        CtlMotorStopInternal                     00011AD6
        CtlMotorStopEx                           0001466C
        CtlMotorIsRunning                        0001468C
        CtlMotorIsStoping                        000145AC
        CtlMotorInit                             000147E0
        PBOUT                                    0222
        PBOUT_H                                  0223
        PBOUT_L                                  0222
        g_motor_last_encoder                     CD8E
        g_motor_first_stop_encoder               CD92
        g_motor_stoping_time                     CD96
CtlPower ( D:\FCT_release\MasterMcu\IAR_project\Release\Obj\CtlPower.r43 )
        CtlPwrInitial                            000148EA
CtlSpiComm ( D:\FCT_release\MasterMcu\IAR_project\Release\Obj\CtlSpiComm.r43 )
        SpiCommInit                              FF7E
        crc16                                    00013406
        SendSpiCommandToSlave                    000148B2
        SendSpiCommandToSlaveEx                  000129FE
CtlTime ( D:\FCT_release\MasterMcu\IAR_project\Release\Obj\CtlTime.r43 )
        g_time_is_tick_handled                   D2A8
        CtlTimeOnOneTick                         00013A6A
        CtlTimeElapse                            00013894
        CtlTimeSincePowerOn                      000146F6
        CtlTimeIsTickHandled                     0001488A
        CtlTimeSetTickHandled                    00014892
CtlTimer ( D:\FCT_release\MasterMcu\IAR_project\Release\Obj\CtlTimer.r43 )
        CtlTimerBindHandle                       00014530
        CtlTimerSet                              00012012
        CtlTimerSetRepeat                        00013CA8
        CtlTimerClear                            000144D8
        CtlTimerIsExist                          000145E8
        CtlTimerClearAll                         000127A6
        CtlTimerHandle                           00010B2E
        g_timer_mgr                              CD9A
DrvBeep ( D:\FCT_release\MasterMcu\IAR_project\Release\Obj\DrvBeep.r43 )
        DrvBuzzSetState                          000146AC
        DrvVibMotorSetState                      0001469C
        PBOUT                                    0222
        PBOUT_H                                  0223
        PBOUT_L                                  0222
DrvClk ( D:\FCT_release\MasterMcu\IAR_project\Release\Obj\DrvClk.r43 )
        _A_CSCTL0_L                              0160
        _A_CSCTL1_L                              0162
        _A_CSCTL2_L                              0164
        _A_CSCTL3_L                              0166
        _A_CSCTL4_L                              0168
        _A_CSCTL5_L                              016A
        _A_CSCTL6_L                              016C
        ClockInit                                00013E4A
        CSCTL0                                   0160
        CSCTL0_H                                 0161
        CSCTL0_L                                 0160
        CSCTL1                                   0162
        CSCTL1_H                                 0163
        CSCTL1_L                                 0162
        CSCTL2                                   0164
        CSCTL2_H                                 0165
        CSCTL2_L                                 0164
        CSCTL3                                   0166
        CSCTL3_H                                 0167
        CSCTL3_L                                 0166
        CSCTL4                                   0168
        CSCTL4_H                                 0169
        CSCTL4_L                                 0168
        CSCTL5                                   016A
        CSCTL5_H                                 016B
        CSCTL5_L                                 016A
        CSCTL6                                   016C
        CSCTL6_H                                 016D
        CSCTL6_L                                 016C
DrvEncoder ( D:\FCT_release\MasterMcu\IAR_project\Release\Obj\DrvEncoder.r43 )
        _A_PAIE_L                                021A
        _A_PAIFG_L                               021C
        TA0CTL                                   0340
        TA0CCTL1                                 0344
        TA0CCR1                                  0354
        TA0IV                                    036E
        g_encoder_counter                        CF8A
        g_encoder_expect_counter                 CF8E
        g_encoder_is_monitor                     D2AB
        g_encoder_need_stop_flag                 D2AC
        g_encoder_hz_counter                     CF92
        g_encoder_cap_start                      CF94
        g_encoder_cap_end                        CF96
        g_encoder_cap_period                     CF98
        g_encoder_Hz_done                        D2AD
        g_encoder_carry_cntr                     D2AE
        g_encoder_hz                             CF9C
        g_encoder_hz_result                      CFA0
        g_encoder_is_hz_result_ready             D2AF
        DrvEncoderInitial                        0001438A
        DrvEncoderEnable                         000131D2
        DrvEncoderDisable                        000143F0
        DrvEncoderDisableMotorPosMonitorOnce     000148A2
        DrvPortClearWakeupFlag                   0001489A
        Port1Isr                                 EC3C
        Timer0_A1_ISR                            EC60
        Port1Isr::??INTVEC 74                    FFDA
        Timer0_A1_ISR::??INTVEC 86               FFE6
        PADIR                                    0204
        PADIR_H                                  0205
        PADIR_L                                  0204
        PASEL0                                   020A
        PASEL0_H                                 020B
        PASEL0_L                                 020A
        PASEL1                                   020C
        PASEL1_H                                 020D
        PASEL1_L                                 020C
        PAIE                                     021A
        PAIE_H                                   021B
        PAIE_L                                   021A
        PAIFG                                    021C
        PAIFG_H                                  021D
        PAIFG_L                                  021C
        PBOUT                                    0222
        PBOUT_H                                  0223
        PBOUT_L                                  0222
        g_port_wakeup_flag                       D2A9
        g_encoder_is_disable_monitor_motor_pos   D2AA
DrvFram ( D:\FCT_release\MasterMcu\IAR_project\Release\Obj\DrvFram.r43 )
        FramReadData                             00014278
        FramWriteData                            0001425A
DrvKey ( D:\FCT_release\MasterMcu\IAR_project\Release\Obj\DrvKey.r43 )
        g_key_hold_time                          CFA2
        DrvKeyInitial                            00013A32
        DrvKeyGetState                           00010C66
        DrvKeyPostClearState                     00013ADA
        PAIN                                     0200
        PAIN_H                                   0201
        PAIN_L                                   0200
        g_key_pre_status                         D2B0
        g_key_status                             D2B3
        g_key_status_changed                     D2B6
        g_key_count                              D2B9
        DrvKeyGetValue                           000137D6
DrvLcd ( D:\FCT_release\MasterMcu\IAR_project\Release\Obj\DrvLcd.r43 )
        _A_PEOUT_L                               0282
        g_back_light_status                      23EC
        DrvLcdInit                               00012820
        DrvLcdClr                                00012F5E
        DrvLcdSetPos                             000133BA
        DrvLcdWriteByte                          0001370E
        DrvLcdSetBackLight                       000144AC
        DrvLcdLowPower                           00013FAA
        PAOUT                                    0202
        PAOUT_H                                  0203
        PAOUT_L                                  0202
        PBOUT                                    0222
        PBOUT_H                                  0223
        PBOUT_L                                  0222
        PEOUT                                    0282
        PEOUT_H                                  0283
        PEOUT_L                                  0282
DrvPort ( D:\FCT_release\MasterMcu\IAR_project\Release\Obj\DrvPort.r43 )
        _A_PAIES_L                               0218
        _A_PBDIR_L                               0224
        _A_PBSEL0_L                              022A
        _A_PBSEL1_L                              022C
        _A_PBSELC_L                              0236
        _A_PBIE_L                                023A
        _A_PCDIR_L                               0244
        _A_PCSEL0_L                              024A
        _A_PCSEL1_L                              024C
        _A_PCSELC_L                              0256
        _A_PEDIR_L                               0284
        _A_PESEL0_L                              028A
        _A_PESEL1_L                              028C
        _A_PESELC_L                              0296
        _A_PJDIR_L                               0324
        _A_PJSEL0_L                              032A
        _A_PJSEL1_L                              032C
        _A_PJSELC_L                              0336
        PortInit                                 00011E36
        PAOUT                                    0202
        PAOUT_H                                  0203
        PAOUT_L                                  0202
        PADIR                                    0204
        PADIR_H                                  0205
        PADIR_L                                  0204
        PASEL0                                   020A
        PASEL0_H                                 020B
        PASEL0_L                                 020A
        PASEL1                                   020C
        PASEL1_H                                 020D
        PASEL1_L                                 020C
        PAIES                                    0218
        PAIES_H                                  0219
        PAIES_L                                  0218
        PAIE                                     021A
        PAIE_H                                   021B
        PAIE_L                                   021A
        PBOUT                                    0222
        PBOUT_H                                  0223
        PBOUT_L                                  0222
        PBDIR                                    0224
        PBDIR_H                                  0225
        PBDIR_L                                  0224
        PBSEL0                                   022A
        PBSEL0_H                                 022B
        PBSEL0_L                                 022A
        PBSEL1                                   022C
        PBSEL1_H                                 022D
        PBSEL1_L                                 022C
        PBSELC                                   0236
        PBSELC_H                                 0237
        PBSELC_L                                 0236
        PBIE                                     023A
        PBIE_H                                   023B
        PBIE_L                                   023A
        PCDIR                                    0244
        PCDIR_H                                  0245
        PCDIR_L                                  0244
        PCSEL0                                   024A
        PCSEL0_H                                 024B
        PCSEL0_L                                 024A
        PCSEL1                                   024C
        PCSEL1_H                                 024D
        PCSEL1_L                                 024C
        PCSELC                                   0256
        PCSELC_H                                 0257
        PCSELC_L                                 0256
        PEDIR                                    0284
        PEDIR_H                                  0285
        PEDIR_L                                  0284
        PESEL0                                   028A
        PESEL0_H                                 028B
        PESEL0_L                                 028A
        PESEL1                                   028C
        PESEL1_H                                 028D
        PESEL1_L                                 028C
        PESELC                                   0296
        PESELC_H                                 0297
        PESELC_L                                 0296
        PJDIR                                    0324
        PJDIR_H                                  0325
        PJDIR_L                                  0324
        PJSEL0                                   032A
        PJSEL0_H                                 032B
        PJSEL0_L                                 032A
        PJSEL1                                   032C
        PJSEL1_H                                 032D
        PJSEL1_L                                 032C
        PJSELC                                   0336
        PJSELC_H                                 0337
        PJSELC_L                                 0336
DrvPower ( D:\FCT_release\MasterMcu\IAR_project\Release\Obj\DrvPower.r43 )
        _A_PM5CTL0_L                             0130
        _A_PJOUT_L                               0322
        _A_UCA0IE_L                              05DA
        _A_UCA1IE_L                              05FA
        DrvInitPowerControl                      000148BE
        DrvMCULowPower                           00014852
        DrvPortLowPower                          00011F74
        DrvBeepDisable                           000148C4
        DrvVibDisable                            000148CA
        DrvRPIDisable                            000148D0
        DrvPowerEnterLowMode                     000139C2
        DrvPowerExitLowMode                      0001483E
        PM5CTL0                                  0130
        PM5CTL0_H                                0131
        PM5CTL0_L                                0130
        PAOUT                                    0202
        PAOUT_H                                  0203
        PAOUT_L                                  0202
        PADIR                                    0204
        PADIR_H                                  0205
        PADIR_L                                  0204
        PASEL0                                   020A
        PASEL0_H                                 020B
        PASEL0_L                                 020A
        PASEL1                                   020C
        PASEL1_H                                 020D
        PASEL1_L                                 020C
        PAIES                                    0218
        PAIES_H                                  0219
        PAIES_L                                  0218
        PAIE                                     021A
        PAIE_H                                   021B
        PAIE_L                                   021A
        PAIFG                                    021C
        PAIFG_H                                  021D
        PAIFG_L                                  021C
        PBOUT                                    0222
        PBOUT_H                                  0223
        PBOUT_L                                  0222
        PBDIR                                    0224
        PBDIR_H                                  0225
        PBDIR_L                                  0224
        PBSEL0                                   022A
        PBSEL0_H                                 022B
        PBSEL0_L                                 022A
        PBSEL1                                   022C
        PBSEL1_H                                 022D
        PBSEL1_L                                 022C
        PCOUT                                    0242
        PCOUT_H                                  0243
        PCOUT_L                                  0242
        PCDIR                                    0244
        PCDIR_H                                  0245
        PCDIR_L                                  0244
        PCSEL0                                   024A
        PCSEL0_H                                 024B
        PCSEL0_L                                 024A
        PCSEL1                                   024C
        PCSEL1_H                                 024D
        PCSEL1_L                                 024C
        PEOUT                                    0282
        PEOUT_H                                  0283
        PEOUT_L                                  0282
        PEDIR                                    0284
        PEDIR_H                                  0285
        PEDIR_L                                  0284
        PESEL0                                   028A
        PESEL0_H                                 028B
        PESEL0_L                                 028A
        PESEL1                                   028C
        PESEL1_H                                 028D
        PESEL1_L                                 028C
        PJOUT                                    0322
        PJOUT_H                                  0323
        PJOUT_L                                  0322
        PJDIR                                    0324
        PJDIR_H                                  0325
        PJDIR_L                                  0324
        PJSEL0                                   032A
        PJSEL0_H                                 032B
        PJSEL0_L                                 032A
        PJSEL1                                   032C
        PJSEL1_H                                 032D
        PJSEL1_L                                 032C
        UCA0IE                                   05DA
        UCA0IE_H                                 05DB
        UCA0IE_L                                 05DA
        UCA1IE                                   05FA
        UCA1IE_H                                 05FB
        UCA1IE_L                                 05FA
DrvRtc ( D:\FCT_release\MasterMcu\IAR_project\Release\Obj\DrvRtc.r43 )
        _A_PCIN_L                                0240
        g_current_time                           CFA8
        delay                                    00014704
        Write1Byte                               000135BA
        Read1Byte                                00013794
        WData                                    00013FD2
        BurstWrite1302                           000132CE
        BurstRead1302                            00013910
        Ds1302TimeRead                           FEAA
        PCIN                                     0240
        PCIN_H                                   0241
        PCIN_L                                   0240
        PCOUT                                    0242
        PCOUT_H                                  0243
        PCOUT_L                                  0242
        PCDIR                                    0244
        PCDIR_H                                  0245
        PCDIR_L                                  0244
        ConvertBcdToDec                          00013D08
DrvSpi ( D:\FCT_release\MasterMcu\IAR_project\Release\Obj\DrvSpi.r43 )
        _A_UCB0CTLW0_L                           0640
        _A_UCB0BRW_L                             0646
        _A_UCB0STATW_L                           0648
        _A_UCB0RXBUF_L                           064C
        _A_UCB0TXBUF_L                           064E
        _A_UCB0IE_L                              066A
        _A_UCB0IFG_L                             066C
        UCB0IV                                   066E
        g_rx_data                                D2BC
        USCI_B0_ISR                              EE22
        USCI_B0_ISR::??INTVEC 92                 FFEC
        PASEL0                                   020A
        PASEL0_H                                 020B
        PASEL0_L                                 020A
        PASEL1                                   020C
        PASEL1_H                                 020D
        PASEL1_L                                 020C
        UCB0CTLW0                                0640
        UCB0CTLW0_H                              0641
        UCB0CTLW0_L                              0640
        UCB0BRW                                  0646
        UCB0BRW_H                                0647
        UCB0BRW_L                                0646
        UCB0STATW                                0648
        UCB0STATW_H                              0649
        UCB0STATW_L                              0648
        UCB0RXBUF                                064C
        UCB0RXBUF_H                              064D
        UCB0RXBUF_L                              064C
        UCB0TXBUF                                064E
        UCB0TXBUF_H                              064F
        UCB0TXBUF_L                              064E
        UCB0IE                                   066A
        UCB0IE_H                                 066B
        UCB0IE_L                                 066A
        UCB0IFG                                  066C
        UCB0IFG_H                                066D
        UCB0IFG_L                                066C
        USCI_B0_ISR::i                           D2C4
DrvTimer ( D:\FCT_release\MasterMcu\IAR_project\Release\Obj\DrvTimer.r43 )
        TA0CCTL0                                 0342
        TA0CCR0                                  0352
        TA1CTL                                   0380
        TA1CCTL0                                 0382
        TA1R                                     0390
        TA1CCR0                                  0392
        TA2CTL                                   0400
        TA2CCTL0                                 0402
        TA2CCR0                                  0412
        TA3CTL                                   0440
        TA3CCTL0                                 0442
        TA3CCR0                                  0452
        TB0CTL                                   03C0
        TB0CCTL0                                 03C2
        TB0CCR0                                  03D2
        g_time_ms_elapse                         CFC4
        g_timer_pass_count                       CFC8
        g_timer_next_check_rtc_count             CFCC
        g_auto_wakeup_timer_ms                   CFD0
        g_auto_wakeup_time                       CFD4
        DrvTimerInitial                          00013BB2
        DrvTimerCheckAndSetAutoWakeupTimer       00012524
        DrvTimerEnable                           000110A4
        DrvTimerDisable                          00012B56
        TimerA0Isr                               EE5C
        TimerA1Isr                               EE5E
        TimerA2Isr                               EECA
        TimerA3Isr                               EEDE
        TimerB0Isr                               EEEC
        TimerA3Isr::??INTVEC 66                  FFD2
        TimerA2Isr::??INTVEC 72                  FFD8
        TimerA1Isr::??INTVEC 78                  FFDE
        TimerA0Isr::??INTVEC 88                  FFE8
        TimerB0Isr::??INTVEC 102                 FFF6
DrvUart ( D:\FCT_release\MasterMcu\IAR_project\Release\Obj\DrvUart.r43 )
        _A_UCA0CTLW0_L                           05C0
        _A_UCA0BRW_L                             05C6
        _A_UCA0MCTLW_L                           05C8
        _A_UCA0RXBUF_L                           05CC
        _A_UCA0TXBUF_L                           05CE
        _A_UCA0IFG_L                             05DC
        UCA0IV                                   05DE
        _A_UCA1CTLW0_L                           05E0
        _A_UCA1BRW_L                             05E6
        _A_UCA1MCTLW_L                           05E8
        _A_UCA1RXBUF_L                           05EC
        _A_UCA1TXBUF_L                           05EE
        _A_UCA1IFG_L                             05FC
        UCA1IV                                   05FE
        DrvUart0Init                             00013D92
        DrvUart1Init                             00013DC0
        Uart0SendByte                            0001473C
        Uart0SendData                            000141A0
        Uart1SendByte                            00014758
        Uart1SendData                            00014160
        UartOnReceiveNewByte                     00011CE4
        UartReceivedBufferSize                   00013686
        UartReceiveByte                          0001238A
        UartGetNewDataFlag                       000144C2
        UartClearNewDataFlag                     00014480
        USCI_A0_ISR                              EEF8
        USCI_A1_ISR                              EF1E
        __write                                  00013752
        USCI_A1_ISR::??INTVEC 84                 FFE4
        USCI_A0_ISR::??INTVEC 94                 FFEE
        PASEL0                                   020A
        PASEL0_H                                 020B
        PASEL0_L                                 020A
        PASEL1                                   020C
        PASEL1_H                                 020D
        PASEL1_L                                 020C
        PBSEL0                                   022A
        PBSEL0_H                                 022B
        PBSEL0_L                                 022A
        PBSEL1                                   022C
        PBSEL1_H                                 022D
        PBSEL1_L                                 022C
        UCA0CTLW0                                05C0
        UCA0CTLW0_H                              05C1
        UCA0CTLW0_L                              05C0
        UCA0BRW                                  05C6
        UCA0BRW_H                                05C7
        UCA0BRW_L                                05C6
        UCA0MCTLW                                05C8
        UCA0MCTLW_H                              05C9
        UCA0MCTLW_L                              05C8
        UCA0RXBUF                                05CC
        UCA0RXBUF_H                              05CD
        UCA0RXBUF_L                              05CC
        UCA0TXBUF                                05CE
        UCA0TXBUF_H                              05CF
        UCA0TXBUF_L                              05CE
        UCA0IE                                   05DA
        UCA0IE_H                                 05DB
        UCA0IE_L                                 05DA
        UCA0IFG                                  05DC
        UCA0IFG_H                                05DD
        UCA0IFG_L                                05DC
        UCA1CTLW0                                05E0
        UCA1CTLW0_H                              05E1
        UCA1CTLW0_L                              05E0
        UCA1BRW                                  05E6
        UCA1BRW_H                                05E7
        UCA1BRW_L                                05E6
        UCA1MCTLW                                05E8
        UCA1MCTLW_H                              05E9
        UCA1MCTLW_L                              05E8
        UCA1RXBUF                                05EC
        UCA1RXBUF_H                              05ED
        UCA1RXBUF_L                              05EC
        UCA1TXBUF                                05EE
        UCA1TXBUF_H                              05EF
        UCA1TXBUF_L                              05EE
        UCA1IE                                   05FA
        UCA1IE_H                                 05FB
        UCA1IE_L                                 05FA
        UCA1IFG                                  05FC
        UCA1IFG_H                                05FD
        UCA1IFG_L                                05FC
        g_uart_rx_buff                           D2C5
Fonts ( D:\FCT_release\MasterMcu\IAR_project\Release\Obj\Fonts.r43 )
        nAsciiDot                                000169DD
        g_AsciiDot_code                          00016FE9
        gg_ASCII_font                            00015D2E
        FontFindCharIndex                        0001394C
        FontFindCharPos                          00013816
        FontGetCharInfo                          00012414
Init ( D:\FCT_release\MasterMcu\IAR_project\Release\Obj\Init.r43 )
        InitDriver                               00013F56
        InitKernel                               00014468
        InitApp                                  000148D6
        SysInit                                  0001411E
        InitDataIfNotInit                        000121D8
        TestLcd                                  0001349C
        Initial                                  000147A4
main ( D:\FCT_release\MasterMcu\IAR_project\Release\Obj\main.r43 )
        _A_SYSSNIV_L                             019C
        _A_SYSRSTIV_L                            019E
        _A_WDTCTL_L                              015C
        g_power_up_cause                         CFF0
        __low_level_init                         00014820
        main                                     00011358
        SYSNMI_ISR                               EF44
        SYSNMI_ISR::??INTVEC 108                 FFFC
        PM5CTL0                                  0130
        PM5CTL0_H                                0131
        PM5CTL0_L                                0130
        PAOUT                                    0202
        PAOUT_H                                  0203
        PAOUT_L                                  0202
        SYSSNIV                                  019C
        SYSSNIV_H                                019D
        SYSSNIV_L                                019C
        SYSRSTIV                                 019E
        SYSRSTIV_H                               019F
        SYSRSTIV_L                               019E
        WDTCTL                                   015C
        WDTCTL_H                                 015D
        WDTCTL_L                                 015C
test_comm ( D:\FCT_release\MasterMcu\IAR_project\Release\Obj\test_comm.r43 )
test_display ( D:\FCT_release\MasterMcu\IAR_project\Release\Obj\test_display.r43 )
test_low_power ( D:\FCT_release\MasterMcu\IAR_project\Release\Obj\test_low_power.r43 )
test_timer ( D:\FCT_release\MasterMcu\IAR_project\Release\Obj\test_timer.r43 )
unit_test ( D:\FCT_release\MasterMcu\IAR_project\Release\Obj\unit_test.r43 )
version ( D:\FCT_release\MasterMcu\IAR_project\Release\Obj\version.r43 )
?abort ( C:\Program Files\IAR Systems\Embedded Workbench 7.0\430\lib\dlib\dl430xllfn.r43 )
?__dbg_break ( C:\Program Files\IAR Systems\Embedded Workbench 7.0\430\lib\dlib\dl430xllfn.r43 )
        __DebugBreak                             000148F6
?__exit ( C:\Program Files\IAR Systems\Embedded Workbench 7.0\430\lib\dlib\dl430xllfn.r43 )
        __exit                                   0001451A
?atoi ( C:\Program Files\IAR Systems\Embedded Workbench 7.0\430\lib\dlib\dl430xllfn.r43 )
        atoi                                     00014834
?_exit ( C:\Program Files\IAR Systems\Embedded Workbench 7.0\430\lib\dlib\dl430xllfn.r43 )
        _exit                                    000148DE
?cppinit ( C:\Program Files\IAR Systems\Embedded Workbench 7.0\430\lib\dlib\dl430xllfn.r43 )
?cstart ( C:\Program Files\IAR Systems\Embedded Workbench 7.0\430\lib\dlib\dl430xllfn.r43 )
        __program_start                          EC00
        ?cstart_begin                            EC00
        ?cstart_call_mpu_init                    EC04
        ?cstart_call_low_level_init              EC08
        ?cstart_init_zero20                      EC10
        ?cstart_init_copy20                      EC20
        ?cstart_call_main                        EC34
        ?cstart_end                              EC3C
?reset_vector ( C:\Program Files\IAR Systems\Embedded Workbench 7.0\430\lib\dlib\dl430xllfn.r43 )
        ?reset_vector                            FFFE
?errno ( C:\Program Files\IAR Systems\Embedded Workbench 7.0\430\lib\dlib\dl430xllfn.r43 )
        __iar_Errno                              CFF2
?exit ( C:\Program Files\IAR Systems\Embedded Workbench 7.0\430\lib\dlib\dl430xllfn.r43 )
        exit                                     000148E2
?Mul32fHw ( C:\Program Files\IAR Systems\Embedded Workbench 7.0\430\lib\dlib\dl430xllfn.r43 )
        ?Mul32fHw                                000109F0
?Cast32f32i ( C:\Program Files\IAR Systems\Embedded Workbench 7.0\430\lib\dlib\dl430xllfn.r43 )
        _Cast32sto32f                            00011ED6
        _Cast32uto32f                            00011EEC
_Cast32fto32u ( C:\Program Files\IAR Systems\Embedded Workbench 7.0\430\lib\dlib\dl430xllfn.r43 )
        _Cast32fto32u                            000147C8
?FLT_Extract ( C:\Program Files\IAR Systems\Embedded Workbench 7.0\430\lib\dlib\dl430xllfn.r43 )
        ?FLT_Extract                             00013226
_Div32f ( C:\Program Files\IAR Systems\Embedded Workbench 7.0\430\lib\dlib\dl430xllfn.r43 )
        _Div32f                                  000108B0
_Add32f ( C:\Program Files\IAR Systems\Embedded Workbench 7.0\430\lib\dlib\dl430xllfn.r43 )
?malloc ( C:\Program Files\IAR Systems\Embedded Workbench 7.0\430\lib\dlib\dl430xllfn.r43 )
?DivMod816u ( C:\Program Files\IAR Systems\Embedded Workbench 7.0\430\lib\dlib\dl430xllfn.r43 )
        ?DivMod8u                                000142EA
        ?DivMod16u                               000142EE
?DivMod816s ( C:\Program Files\IAR Systems\Embedded Workbench 7.0\430\lib\dlib\dl430xllfn.r43 )
        ?DivMod8s                                000139FA
        ?DivMod16s                               000139FE
?DivMod32u ( C:\Program Files\IAR Systems\Embedded Workbench 7.0\430\lib\dlib\dl430xllfn.r43 )
        ?DivMod32u                               000136CA
?DivMod32s ( C:\Program Files\IAR Systems\Embedded Workbench 7.0\430\lib\dlib\dl430xllfn.r43 )
        ?DivMod32s                               00013576
?ShiftLeft32 ( C:\Program Files\IAR Systems\Embedded Workbench 7.0\430\lib\dlib\dl430xllfn.r43 )
?ShiftLeft32_8n ( C:\Program Files\IAR Systems\Embedded Workbench 7.0\430\lib\dlib\dl430xllfn.r43 )
?memchr ( C:\Program Files\IAR Systems\Embedded Workbench 7.0\430\lib\dlib\dl430xllfn.r43 )
        __iar_Memchr                             000140DA
?memcmp ( C:\Program Files\IAR Systems\Embedded Workbench 7.0\430\lib\dlib\dl430xllfn.r43 )
        memcmp                                   00013CD8
?memcpy ( C:\Program Files\IAR Systems\Embedded Workbench 7.0\430\lib\dlib\dl430xllfn.r43 )
        memcpy                                   0001423C
?memmove ( C:\Program Files\IAR Systems\Embedded Workbench 7.0\430\lib\dlib\dl430xllfn.r43 )
?CopyMemoryBytes ( C:\Program Files\IAR Systems\Embedded Workbench 7.0\430\lib\dlib\dl430xllfn.r43 )
        ?CopyMemoryBytes                         000145C0
?CopyMemoryWords20 ( C:\Program Files\IAR Systems\Embedded Workbench 7.0\430\lib\dlib\dl430xllfn.r43 )
        ?CopyMemoryWords20                       000144EE
?memset ( C:\Program Files\IAR Systems\Embedded Workbench 7.0\430\lib\dlib\dl430xllfn.r43 )
        memset                                   0001421E
?memzero ( C:\Program Files\IAR Systems\Embedded Workbench 7.0\430\lib\dlib\dl430xllfn.r43 )
        __data20_memzero                         00014438
        __data20_memcpy                          000148F2
?MpuInit ( C:\Program Files\IAR Systems\Embedded Workbench 7.0\430\lib\dlib\dl430xllfn.r43 )
        __iar_430_mpu_init                       00014140
        ?mpu2_init                               00014140
?Mul32Hw32 ( C:\Program Files\IAR Systems\Embedded Workbench 7.0\430\lib\dlib\dl430xllfn.r43 )
        ?Mul32Hw32                               00014092
?printf ( C:\Program Files\IAR Systems\Embedded Workbench 7.0\430\lib\dlib\dl430xllfn.r43 )
        printf                                   00014296
?putchar ( C:\Program Files\IAR Systems\Embedded Workbench 7.0\430\lib\dlib\dl430xllfn.r43 )
        putchar                                  00013DEE
?puts ( C:\Program Files\IAR Systems\Embedded Workbench 7.0\430\lib\dlib\dl430xllfn.r43 )
        puts                                     00013856
?setjmp ( C:\Program Files\IAR Systems\Embedded Workbench 7.0\430\lib\dlib\dl430xllfn.r43 )
?longjmp ( C:\Program Files\IAR Systems\Embedded Workbench 7.0\430\lib\dlib\dl430xllfn.r43 )
?sprintf ( C:\Program Files\IAR Systems\Embedded Workbench 7.0\430\lib\dlib\dl430xllfn.r43 )
        sprintf                                  00013AA2
?strchr ( C:\Program Files\IAR Systems\Embedded Workbench 7.0\430\lib\dlib\dl430xllfn.r43 )
        __iar_Strchr                             0001467C
?strcmp ( C:\Program Files\IAR Systems\Embedded Workbench 7.0\430\lib\dlib\dl430xllfn.r43 )
        strcmp                                   000140FC
?strcpy ( C:\Program Files\IAR Systems\Embedded Workbench 7.0\430\lib\dlib\dl430xllfn.r43 )
        strcpy                                   00014648
?strlen ( C:\Program Files\IAR Systems\Embedded Workbench 7.0\430\lib\dlib\dl430xllfn.r43 )
        strlen                                   000141C0
?xcloseall ( C:\Program Files\IAR Systems\Embedded Workbench 7.0\430\lib\dlib\dl430xllfn.r43 )
?xgetmemchunk ( C:\Program Files\IAR Systems\Embedded Workbench 7.0\430\lib\dlib\dl430xllfn.r43 )
?xprintfsmall_nomb ( C:\Program Files\IAR Systems\Embedded Workbench 7.0\430\lib\dlib\dl430xllfn.r43 )
        _PrintfSmallNoMb                         F494
        LoadInt                                  00012EA4
        pad                                      00013C78
        _LitobSmallNoMb                          0001076E
        _PutcharSmallNoMb                        000140B6
        _PutcharsSmallNoMb                       00014022
?xprout ( C:\Program Files\IAR Systems\Embedded Workbench 7.0\430\lib\dlib\dl430xllfn.r43 )
        _Prout                                   000143D8
?xsprout ( C:\Program Files\IAR Systems\Embedded Workbench 7.0\430\lib\dlib\dl430xllfn.r43 )
        _SProut                                  00014624
?xstoul ( C:\Program Files\IAR Systems\Embedded Workbench 7.0\430\lib\dlib\dl430xllfn.r43 )
        __iar_Stoulx                             FB4A
        __iar_Stoul                              000148B8
?xxmemxfree ( C:\Program Files\IAR Systems\Embedded Workbench 7.0\430\lib\dlib\dl430xllfn.r43 )
?xxmemxmalloc ( C:\Program Files\IAR Systems\Embedded Workbench 7.0\430\lib\dlib\dl430xllfn.r43 )


                ****************************************
                *                                      *
                *            MODULE SUMMARY            *
                *                                      *
                ****************************************

Module                CODE      DATA       CONST
------                ----      ----       -----
                     (Rel)  (Rel)  (Abs)   (Rel)
?Cast32f32i            158
?CopyMemoryBytes        20
?CopyMemoryWords20      22
?DivMod32s              68
?DivMod32u              68
?DivMod816s             56
?DivMod816u             28
?FLT_Extract            84
?MpuInit                34
?Mul32Hw32              36
?Mul32fHw              318
?__dbg_break             2
?__exit                 22
?_exit                   4
?atoi                   10
?cstart                 60
?errno                          2
?exit                    4
?memchr                 34
?memcmp                 48
?memcpy                 30
?memset                 30
?memzero                28
?printf                 28
?putchar                46
?puts                   62                     1
?reset_vector            2
?sprintf                56
?strchr                 16
?strcmp                 34
?strcpy                 18
?strlen                 32
?xprintfsmall_nomb   1 584                     6
?xprout                 24
?xsprout                18
?xstoul                454                    74
AppComm                462     13            207
AppCommon              124                     7
AppDelivery            206
AppEngineerMode      1 732    129          5 876
  + shared               4
AppFCT               5 018  1 017          2 556
  + shared                            14
Common                 114     30             82
CtlComm                336     12             80
CtlData              2 456    847
CtlDelivery             44     16
CtlDisplay           1 162    525            114
CtlEvent               446    440
CtlInterrupt             2
CtlKey                 694     82              5
CtlMotor               928     19            450
CtlPower                 4
CtlSpiComm             200                    34
CtlTime                148      1
CtlTimer               700    496
DrvBeep                 32
DrvClk                  46            14
DrvEncoder             636     31      6
  + shared              88             6
  + common
DrvFram                 60
DrvKey                 466     18
DrvLcd                 418      1              1
  + shared                             2
DrvPort                160            10
  + shared                            26
DrvPower               256             2
  + shared                             6
DrvRtc                 586     28      2
DrvSpi                  58      9     16
  + common              94
DrvTimer               686     44     30
  + common             104
DrvUart                746    134     28
  + common              96
Fonts                  260                 1 746
Init                   340
_Cast32fto32u           12
_Div32f                320
main                   280      2      6      25
  + common             110
N/A (command line)          1 024
N/A (alignment)
----------          ------  -----    ---  ------
Total:              23 680  4 920    168  11 264
  + common             110


                ****************************************
                *                                      *
                *      SEGMENTS IN ADDRESS ORDER       *
                *                                      *
                ****************************************


SEGMENT              SPACE    START ADDRESS   END ADDRESS     SIZE  TYPE  ALIGN
=======              =====    =============   ===========     ====  ====  =====
DATA16_AN                              0130 - 0131               2   rel    0
                                       015C - 015D               2 
                                       0160 - 016D               E 
                                       019C - 019F               4 
                                       0200 - 0205               6 
                                       020A - 020D               4 
                                       0218 - 021D               6 
                                       0222 - 0225               4 
                                       022A - 022D               4 
                                       0236 - 0237               2 
                                       023A - 023B               2 
                                       0240 - 0245               6 
                                       024A - 024D               4 
                                       0256 - 0257               2 
                                       0282 - 0285               4 
                                       028A - 028D               4 
                                       0296 - 0297               2 
                                       0322 - 0325               4 
                                       032A - 032D               4 
                                       0336 - 0337               2 
                                       0340 - 0345               6 
                                       0352 - 0355               4 
                                       036E - 036F               2 
                                       0380 - 0383               4 
                                       0390 - 0393               4 
                                       03C0 - 03C3               4 
                                       03D2 - 03D3               2 
                                       0400 - 0403               4 
                                       0412 - 0413               2 
                                       0440 - 0443               4 
                                       0452 - 0453               2 
                                       05C0 - 05C1               2 
                                       05C6 - 05C9               4 
                                       05CC - 05CF               4 
                                       05DA - 05E1               8 
                                       05E6 - 05E9               4 
                                       05EC - 05EF               4 
                                       05FA - 05FF               6 
                                       0640 - 0641               2 
                                       0646 - 0649               4 
                                       064C - 064F               4 
                                       066A - 066F               6 
CSTACK                                 1C00 - 1FFF             400   rel    1
CODE_I                                    2000                       rel    1
DATA20_I                               2000 - 23EC             3ED   rel    1
DATA20_Z                               C800 - D34A             B4B   rel    1
DATA20_N                                  D34C                       rel    1
DATA20_HEAP                               D34C                       rel    1
MPU_B1                                    D400                       rel   10
DATA16_C                               E800 - E807               8   rel    0
MPU_B2                                    EC00                       rel   10
CSTART                                 EC00 - EC3B              3C   rel    1
ISR_CODE                               EC3C - EF73             338   rel    1
<CODE> 1                               EF74 - FF7F            100C   rel    1
INTVEC                                 FF90 - FFFD              6E   com    1
RESET                                  FFFE - FFFF               2   rel    1
<CODE> 2                           00010000 - 000148FB        48FC   rel    1
CODE_PAD                           000148FC - 000148FD           2   rel    1
DATA20_C                           000148FE - 00017108        280B   rel    1
DATA20_ID                          0001710A - 000174F6         3ED   rel    1
CODE_ID                                 000174F8                     rel    1

                ****************************************
                *                                      *
                *        END OF CROSS REFERENCE        *
                *                                      *
                ****************************************

 23 790 bytes of CODE  memory
  4 920 bytes of DATA  memory (+ 168 absolute )
 11 264 bytes of CONST memory

Errors: none
Warnings: none

