################################################################################
#                                                                              #
#      IAR Universal Linker V6.1.3.56                                          #
#                                                                              #
#           Link time     =  14/Jun/2019  18:29:24                             #
#           Target CPU    =  MSP430                                            #
#           List file     =  D:\FCT_com\SlaverMcu\IAR_project\Release\List\Spu #
#                            mp18_slaver.map                                   #
#           Output file 1 =  D:\FCT_com\SlaverMcu\IAR_project\Release\Exe\Spum #
#                            p18_slaver.d43                                    #
#                            Format: debug                                     #
#                            UBROF version 10.0.6                              #
#                            Using library modules for C-SPY (-rt)             #
#           Output file 2 =  D:\FCT_com\SlaverMcu\IAR_project\Release\Exe\Spum #
#                            p18_slaver.txt                                    #
#                            Format: msp430_txt                                #
#           Command line  =  D:\FCT_com\SlaverMcu\IAR_project\Release\Obj\AppA #
#                            larm.r43                                          #
#                            D:\FCT_com\SlaverMcu\IAR_project\Release\Obj\AppE #
#                            ngineerMode.r43                                   #
#                            D:\FCT_com\SlaverMcu\IAR_project\Release\Obj\AppE #
#                            ventHandle.r43                                    #
#                            D:\FCT_com\SlaverMcu\IAR_project\Release\Obj\AppM #
#                            onitor.r43                                        #
#                            D:\FCT_com\SlaverMcu\IAR_project\Release\Obj\AppS #
#                            ysState.r43                                       #
#                            D:\FCT_com\SlaverMcu\IAR_project\Release\Obj\Comm #
#                            on.r43                                            #
#                            D:\FCT_com\SlaverMcu\IAR_project\Release\Obj\CtlA #
#                            dc.r43                                            #
#                            D:\FCT_com\SlaverMcu\IAR_project\Release\Obj\CtlA #
#                            larm.r43                                          #
#                            D:\FCT_com\SlaverMcu\IAR_project\Release\Obj\CtlC #
#                            omm.r43                                           #
#                            D:\FCT_com\SlaverMcu\IAR_project\Release\Obj\CtlD #
#                            ata.r43                                           #
#                            D:\FCT_com\SlaverMcu\IAR_project\Release\Obj\CtlD #
#                            elivery.r43                                       #
#                            D:\FCT_com\SlaverMcu\IAR_project\Release\Obj\CtlE #
#                            vent.r43                                          #
#                            D:\FCT_com\SlaverMcu\IAR_project\Release\Obj\CtlI #
#                            nterrupt.r43                                      #
#                            D:\FCT_com\SlaverMcu\IAR_project\Release\Obj\CtlM #
#                            otor.r43                                          #
#                            D:\FCT_com\SlaverMcu\IAR_project\Release\Obj\CtlP #
#                            ower.r43                                          #
#                            D:\FCT_com\SlaverMcu\IAR_project\Release\Obj\CtlS #
#                            piComm.r43                                        #
#                            D:\FCT_com\SlaverMcu\IAR_project\Release\Obj\CtlT #
#                            ime.r43                                           #
#                            D:\FCT_com\SlaverMcu\IAR_project\Release\Obj\CtlT #
#                            imer.r43                                          #
#                            D:\FCT_com\SlaverMcu\IAR_project\Release\Obj\DrvA #
#                            dc.r43                                            #
#                            D:\FCT_com\SlaverMcu\IAR_project\Release\Obj\DrvB #
#                            eep.r43                                           #
#                            D:\FCT_com\SlaverMcu\IAR_project\Release\Obj\DrvC #
#                            lk.r43                                            #
#                            D:\FCT_com\SlaverMcu\IAR_project\Release\Obj\DrvE #
#                            ncoder.r43                                        #
#                            D:\FCT_com\SlaverMcu\IAR_project\Release\Obj\DrvF #
#                            ram.r43                                           #
#                            D:\FCT_com\SlaverMcu\IAR_project\Release\Obj\DrvH #
#                            all.r43                                           #
#                            D:\FCT_com\SlaverMcu\IAR_project\Release\Obj\DrvM #
#                            otor.r43                                          #
#                            D:\FCT_com\SlaverMcu\IAR_project\Release\Obj\DrvP #
#                            ort.r43                                           #
#                            D:\FCT_com\SlaverMcu\IAR_project\Release\Obj\DrvP #
#                            ower.r43                                          #
#                            D:\FCT_com\SlaverMcu\IAR_project\Release\Obj\DrvS #
#                            pi.r43                                            #
#                            D:\FCT_com\SlaverMcu\IAR_project\Release\Obj\DrvT #
#                            imer.r43                                          #
#                            D:\FCT_com\SlaverMcu\IAR_project\Release\Obj\DrvU #
#                            art.r43                                           #
#                            D:\FCT_com\SlaverMcu\IAR_project\Release\Obj\Init #
#                            .r43                                              #
#                            D:\FCT_com\SlaverMcu\IAR_project\Release\Obj\main #
#                            .r43                                              #
#                            D:\FCT_com\SlaverMcu\IAR_project\Release\Obj\test #
#                            _battery.r43                                      #
#                            D:\FCT_com\SlaverMcu\IAR_project\Release\Obj\test #
#                            _low_power.r43                                    #
#                            D:\FCT_com\SlaverMcu\IAR_project\Release\Obj\test #
#                            _pulse.r43                                        #
#                            D:\FCT_com\SlaverMcu\IAR_project\Release\Obj\test #
#                            _timer.r43                                        #
#                            D:\FCT_com\SlaverMcu\IAR_project\Release\Obj\unit #
#                            _test.r43                                         #
#                            D:\FCT_com\SlaverMcu\IAR_project\Release\Obj\vers #
#                            ion.r43                                           #
#                            -o                                                #
#                            D:\FCT_com\SlaverMcu\IAR_project\Release\Exe\Spum #
#                            p18_slaver.d43                                    #
#                            -l                                                #
#                            D:\FCT_com\SlaverMcu\IAR_project\Release\List\Spu #
#                            mp18_slaver.map                                   #
#                            -xesn                                             #
#                            "-IC:\Program Files\IAR Systems\Embedded Workbenc #
#                            h 7.0\430\LIB\"                                   #
#                            -f                                                #
#                            D:\FCT_com\SlaverMcu\IAR_project\msp430fr5989.xcl #
#                            (-D_STACK_SIZE=400 -D_DATA16_HEAP_SIZE=0          #
#                            -D_DATA20_HEAP_SIZE=0 -cmsp430 -QCODE_I=CODE_ID   #
#                            -QTLS16_I=TLS16_ID -D__iar_HWMUL=4C0              #
#                            -Z(CONST)INFO=1800-19FF                           #
#                            -Z(CONST)INFOA=1980-19FF                          #
#                            -Z(CONST)INFOB=1900-197F                          #
#                            -Z(CONST)INFOC=1880-18FF                          #
#                            -Z(CONST)INFOD=1800-187F                          #
#                            -Z(DATA)CSTACK+_STACK_SIZE=1C00-23FF              #
#                            -Z(DATA)DATA16_I,DATA16_Z,DATA16_N,TLS16_I=1C00-2 #
#                            3FF,4400-63FF                                     #
#                            -Z(DATA)CODE_I                                    #
#                            -Z(DATA)DATA20_I,DATA20_Z,DATA20_N                #
#                            -Z(CONST)DATA16_P,DATA20_P=1C00-23FF,4400-63FF    #
#                            -Z(DATA)DATA16_HEAP+_DATA16_HEAP_SIZE             #
#                            -Z(DATA)DATA20_HEAP+_DATA20_HEAP_SIZE             #
#                            -Z(CONST)MPU_B1                                   #
#                            -Z(CONST)DATA16_C,DATA16_ID,TLS16_ID,DIFUNCT,CHEC #
#                            KSUM=6400-FF7F                                    #
#                            -Z(CONST)MPU_B2 -Z(CONST)IPE_B1=6400-FF7F         #
#                            -Z(CODE)IPECODE16 -Z(CONST)IPEDATA16_C,IPE_B2     #
#                            -Z(CODE)CSTART,ISR_CODE,CODE16=6400-FF7F          #
#                            -P(CODE)CODE=6400-FF7F,10000-23FFF                #
#                            -Z(CODE)CODE_PAD                                  #
#                            -Z(CONST)DATA20_C,DATA20_ID,CODE_ID=6400-FF7F,100 #
#                            00-23FFF                                          #
#                            -Z(CONST)SIGNATURE=FF80-FF8F                      #
#                            -Z(CODE)INTVEC=FF90-FFFF                          #
#                            -Z(CODE)RESET=FFFE-FFFF) -f                       #
#                            "C:\Program Files\IAR Systems\Embedded Workbench  #
#                            7.0\430\config\linker\multiplier32.xcl"           #
#                            (-e?Mul8Hw=?Mul8 -e?Mul16Hw=?Mul16                #
#                            -e?Mul16to32uHw=?Mul16to32u                       #
#                            -e?Mul16to32sHw=?Mul16to32s -e?Mul32Hw32=?Mul32   #
#                            -e?Mul64Hw32=_Mul64i                              #
#                            -e?Mul32u32uto64iHw32=_Mul32u32uto64i             #
#                            -e?Mul32fHw=_Mul32f -e_Mul64fHwPtr=_Mul64fPtr)    #
#                            -rt                                               #
#                            "C:\Program Files\IAR Systems\Embedded Workbench  #
#                            7.0\430\lib\dlib\dl430xllfn.r43"                  #
#                            -Omsp430_txt=D:\FCT_com\SlaverMcu\IAR_project\Rel #
#                            ease\Exe\Spump18_slaver.txt                       #
#                            -s __program_start -D__iar_430_MPU_base=0x5A0     #
#                            -g?mpu2_init -D__iar_430_MPUCTL0_value=0x0011     #
#                            -D__iar_430_MPUSAM_value=0x3513                   #
#                                                                              #
#                           Copyright (C) 1987-2014 IAR Systems AB.            #
################################################################################





                ****************************************
                *                                      *
                *           CROSS REFERENCE            *
                *                                      *
                ****************************************

       Program entry at :           6400  Relocatable, from module : ?cstart




                ****************************************
                *                                      *
                *            RUNTIME MODEL             *
                *                                      *
                ****************************************

  __Heap_Handler             = Basic
  __SystemLibrary            = DLib
  __code_model               = large
  __core                     = 430X
  __data_model               = large
  __dlib_file_descriptor     = 0
  __dlib_full_locale_support = 0
  __double_size              = 32
  __pic                      = no
  __reg_r4                   = free
  __reg_r5                   = free
  __rt_version               = 3

                ****************************************
                *                                      *
                *    AUTOMATIC SYMBOL REDIRECTIONS     *
                *                                      *
                ****************************************

       All references to: _Printf
         were redirected to: _PrintfLargeNoMb

                ****************************************
                *                                      *
                *              ENTRY LIST              *
                *                                      *
                ****************************************

Module  Entry                                  Address
------  -----                                  -------
?FILLER_BYTES
?ABS_ENTRY_MOD
        __iar_430_MPUSAM_value                  3513
        __iar_430_MPUCTL0_value                 0011
        __iar_430_MPU_base                      05A0
        __iar_HWMUL                             04C0
        _DATA20_HEAP_SIZE                       0000
        _DATA16_HEAP_SIZE                       0000
        _STACK_SIZE                             0400
AppAlarm ( D:\FCT_com\SlaverMcu\IAR_project\Release\Obj\AppAlarm.r43 )
        AlarmPlay                               9728
        AlarmStop                               A4C8
AppEngineerMode ( D:\FCT_com\SlaverMcu\IAR_project\Release\Obj\AppEngineerMode.r43 )
        strchr                                  A5A6
        AppEngineerModeRepeatRun                A52E
        test_com                                9B0A
        AppEngineerModeOnReceiveByte            91C0
        AppEngineerModeInit                     A044
        g_app_engineer_receive_str              4AB8
        g_app_engineer_receive_index            4400
        g_app_engineer_last_receive_str         4AF4
        g_app_engineer_is_enable_cmd            4B30
        g_app_engineer_handlers_ptr             4404
        g_app_engineer_com_test_send            4408
        AppEngineerModeHelp                     9778
        AppEngineerModeExit                     A474
        AppEngineerModeRepeatLastCmd            A1AE
        AppEngineerModeTime                     A14E
        AppEngineerModeEnableOutput             95D2
        AppEngineerModeDisableOutput            957A
        AppEngineerModeOutputSensor             7E6A
        AppEngineerModeTestWatchdog             A596
        AppEngineerModeStopWatchdog             A40A
        AppEngineerModePowerupCause             A24A
        AppEngineerModeTestCom                  9BA6
        AppEngineerModeTestComStop              A29C
        AppEngineerModeComTest                  A196
        g_app_engineer_cmd_handlers             A5C0
        AppEngineerModeParseParams              9680
        AppEngineerModeParseCmd                 892E
AppEventHandle ( D:\FCT_com\SlaverMcu\IAR_project\Release\Obj\AppEventHandle.r43 )
        _A_PAOUT_L                              0202
        g_mcu_reset_flag                        440C
        AppTimerHandleAfterMasterMcuReset       A5BC
        AppEventHandleInit                      A1DC
        PAOUT                                   0202
        PAOUT_H                                 0203
        PAOUT_L                                 0202
        AppEventHanldeResetMasterMcu            9860
        AppEventHanldeNull                      A5BA
AppMonitor ( D:\FCT_com\SlaverMcu\IAR_project\Release\Obj\AppMonitor.r43 )
        _A_PAIN_L                               0200
        _A_PEOUT_L                              0282
        g_mcu_reset_counter                     440E
        g_is_external_sys_resetting             4B31
        pulse_signal_last                       4B32
        SystemMonitorStart                      9D7A
        ExcuteSleep                             A59A
        MonitorCheckPulseSignal                 9C66
        ExternSysMonitorStart                   9468
        ExternSysMonitorStop                    9DF8
        PAIN                                    0200
        PAIN_H                                  0201
        PAIN_L                                  0200
        PEOUT                                   0282
        PEOUT_H                                 0283
        PEOUT_L                                 0282
        MonitorCheckSystemStatus                A5B4
        ReadPulseSignalLevel                    A4D4
        ExternSysFail                           9A0E
AppSysState ( D:\FCT_com\SlaverMcu\IAR_project\Release\Obj\AppSysState.r43 )
        AppSysStateInit                         9CC4
        AppStateHanldeOnEnterStop               A2B0
        AppStateHanldeOnEnterPause              A356
        AppStateHanldeOnEnterRun                A376
        AppStateHanldeOnEnterSleep              A4A4
Common ( D:\FCT_com\SlaverMcu\IAR_project\Release\Obj\Common.r43 )
        g_is_module_enable_output               4B33
        g_module_names                          2000
        CommonInit                              A5B8
        SetModuleOutput                         A4DE
        SetModuleOutputByName                   9520
        IsEnableOutput                          A4E8
CtlAdc ( D:\FCT_com\SlaverMcu\IAR_project\Release\Obj\CtlAdc.r43 )
        AdcGetAverageValue                      92BC
        g_motor_vol                             4410
        g_s_vol_cal                             4424
        g_batt_vol                              4438
        g_batt_perf                             444C
        CalcAverageValue                        7AE2
CtlAlarm ( D:\FCT_com\SlaverMcu\IAR_project\Release\Obj\CtlAlarm.r43 )
        SetPlayNone                             9DA4
        SetPlayOnce                             93A2
        SetPlayOnceNoVibration                  9D4E
        SetPlayTwice                            A026
        TimerHandleStopBeep                     A3B6
        TimerHandleStopVibrate                  A450
        TimerHandleStartVibrate                 A3D2
CtlComm ( D:\FCT_com\SlaverMcu\IAR_project\Release\Obj\CtlComm.r43 )
        CommOnRecvFromInternalComTimeOut        A102
        CommOnRecvOneByteFromInternalCom        8732
        CommHandleNewReceiveData                97C6
        CommSendBytes                           9E48
        CommInit                                A4B0
        g_comm_internal_packet                  4B37
        g_comm_receive_pos_at_internal_packet   4460
CtlData ( D:\FCT_com\SlaverMcu\IAR_project\Release\Obj\CtlData.r43 )
        g_delivery_state                        4B41
        g_sys_para_infu_info                    4462
        g_deliver_dose_value                    4762
        g_deliver_dose_actual                   4764
        g_sys_para_thickness                    4B42
        g_sys_para_max_inf_dose                 4766
        g_sys_para_actual_day_total             4768
        g_deliver_switch                        4B43
        g_dose_number                           476A
        g_min_alarm_dose                        476C
        g_min_alarm_battery                     476E
        g_motor_position                        4770
        g_motor_monitor_pos_point               4772
        g_motor_monitor_pos_counter             4776
        g_occlusion_state                       4B44
        g_motor_cali_circle                     477A
        g_deli_cali_rate                        477C
        g_deli_power                            477E
        g_software_ver                          4780
        g_alarm_status                          4782
        g_record_point                          4784
        g_record_counter                        478C
        g_password_private                      4794
        g_password_common                       4796
        g_mcu_abnormal_reset_state              4B45
        SaveSysPara                             744A
CtlDelivery ( D:\FCT_com\SlaverMcu\IAR_project\Release\Obj\CtlDelivery.r43 )
        CtlDeliveryInit                         A3C4
        CtlSetDeliveryState                     A56E
CtlEvent ( D:\FCT_com\SlaverMcu\IAR_project\Release\Obj\CtlEvent.r43 )
        CtlEventGet                             8C6C
        CtlEventHandle                          9C06
        CtlEventHandleAll                       9F02
        CtlEventPost                            8F96
        CtlEventBindHandle                      A468
        g_event_queue                           4798
        g_event_queue_begin_index               48C4
        g_event_queue_end_index                 48C8
        g_event_handle_fun_arr                  48CC
CtlInterrupt ( D:\FCT_com\SlaverMcu\IAR_project\Release\Obj\CtlInterrupt.r43 )
        InterruptCtlInit                        A5B2
CtlMotor ( D:\FCT_com\SlaverMcu\IAR_project\Release\Obj\CtlMotor.r43 )
        g_motor_running_dir                     2010
        g_motor_is_running                      4B46
        g_motor_is_meet_hall                    4B47
        g_motor_is_reach_expect_encoder         4B48
        g_motor_stop_cause                      4B49
        g_motor_is_need_check_hall              4B4A
        CtlMotorStart                           A524
        CtlMotorStartEx                         8A18
        CtlMotorStop                            84EC
CtlPower ( D:\FCT_com\SlaverMcu\IAR_project\Release\Obj\CtlPower.r43 )
CtlSpiComm ( D:\FCT_com\SlaverMcu\IAR_project\Release\Obj\CtlSpiComm.r43 )
        g_com_receive                           4944
        SpiCommInit                             A5B6
        crc16                                   98AC
        SetSpiCommandToMaster                   9240
        test_com_save_recv                      A2EA
        AnalysisSendCommand                     7FCA
        AnalysisSendQueryCommand                8122
        AnalysisCommmandFromMaster              9814
CtlTime ( D:\FCT_com\SlaverMcu\IAR_project\Release\Obj\CtlTime.r43 )
        g_time_is_tick_handled                  4B4B
        CtlTimeOnOneTick                        9B74
        CtlTimeSincePowerOn                     A3EE
        CtlTimeIsTickHandled                    A576
        CtlTimeSetTickHandled                   A536
CtlTimer ( D:\FCT_com\SlaverMcu\IAR_project\Release\Obj\CtlTimer.r43 )
        CtlTimerBindHandle                      A1F2
        CtlTimerSet                             8EFC
        CtlTimerSetRepeat                       9C36
        CtlTimerClear                           A208
        CtlTimerIsExist                         A260
        CtlTimerHandle                          861E
        g_timer_mgr                             4948
DrvAdc ( D:\FCT_com\SlaverMcu\IAR_project\Release\Obj\DrvAdc.r43 )
        _A_ADC12CTL0_L                          0800
        _A_ADC12CTL1_L                          0802
        _A_ADC12CTL2_L                          0804
        _A_ADC12CTL3_L                          0806
        _A_ADC12IER0_L                          0812
        _A_ADC12MCTL0_L                         0820
        _A_ADC12MCTL1_L                         0822
        _A_ADC12MCTL2_L                         0824
        _A_ADC12MCTL3_L                         0826
        _A_ADC12MEM0_L                          0860
        _A_ADC12MEM1_L                          0862
        _A_ADC12MEM2_L                          0864
        _A_ADC12MEM3_L                          0866
        _A_PBOUT_L                              0222
        _A_PEDIR_L                              0284
        _A_PESEL0_L                             028A
        _A_PESEL1_L                             028C
        _A_REFCTL0_L                            01B0
        g_adc_data                              4A48
        g_adc_completed_flag                    4B4C
        AdcInit                                 9406
        DrvAdcEnable                            A2C4
        DrvAdcDisable                           A396
        DrvAdcDeinit                            A2D8
        DrvBattVoltChkEn                        A590
        DrvBattPerfChkEn                        A584
        ADC12_ISR                               6434
        ADC12_ISR::??INTVEC 90                  FFEA
        ADC12CTL0                               0800
        ADC12CTL0_H                             0801
        ADC12CTL0_L                             0800
        ADC12CTL1                               0802
        ADC12CTL1_H                             0803
        ADC12CTL1_L                             0802
        ADC12CTL2                               0804
        ADC12CTL2_H                             0805
        ADC12CTL2_L                             0804
        ADC12CTL3                               0806
        ADC12CTL3_H                             0807
        ADC12CTL3_L                             0806
        ADC12IER0                               0812
        ADC12IER0_H                             0813
        ADC12IER0_L                             0812
        ADC12MCTL0                              0820
        ADC12MCTL0_H                            0821
        ADC12MCTL0_L                            0820
        ADC12MCTL1                              0822
        ADC12MCTL1_H                            0823
        ADC12MCTL1_L                            0822
        ADC12MCTL2                              0824
        ADC12MCTL2_H                            0825
        ADC12MCTL2_L                            0824
        ADC12MCTL3                              0826
        ADC12MCTL3_H                            0827
        ADC12MCTL3_L                            0826
        ADC12MEM0                               0860
        ADC12MEM0_H                             0861
        ADC12MEM0_L                             0860
        ADC12MEM1                               0862
        ADC12MEM1_H                             0863
        ADC12MEM1_L                             0862
        ADC12MEM2                               0864
        ADC12MEM2_H                             0865
        ADC12MEM2_L                             0864
        ADC12MEM3                               0866
        ADC12MEM3_H                             0867
        ADC12MEM3_L                             0866
        PBOUT                                   0222
        PBOUT_H                                 0223
        PBOUT_L                                 0222
        PEDIR                                   0284
        PEDIR_H                                 0285
        PEDIR_L                                 0284
        PESEL0                                  028A
        PESEL0_H                                028B
        PESEL0_L                                028A
        PESEL1                                  028C
        PESEL1_H                                028D
        PESEL1_L                                028C
        REFCTL0                                 01B0
        REFCTL0_H                               01B1
        REFCTL0_L                               01B0
        g_adc_sample_count                      4B4D
DrvBeep ( D:\FCT_com\SlaverMcu\IAR_project\Release\Obj\DrvBeep.r43 )
        DrvBuzzSetState                         A366
        DrvVibMotorSetState                     A288
        PAOUT                                   0202
        PAOUT_H                                 0203
        PAOUT_L                                 0202
        PBOUT                                   0222
        PBOUT_H                                 0223
        PBOUT_L                                 0222
DrvClk ( D:\FCT_com\SlaverMcu\IAR_project\Release\Obj\DrvClk.r43 )
        _A_CSCTL0_L                             0160
        _A_CSCTL1_L                             0162
        _A_CSCTL2_L                             0164
        _A_CSCTL3_L                             0166
        _A_CSCTL5_L                             016A
        _A_CSCTL6_L                             016C
        ClockInit                               9E20
        CSCTL0                                  0160
        CSCTL0_H                                0161
        CSCTL0_L                                0160
        CSCTL1                                  0162
        CSCTL1_H                                0163
        CSCTL1_L                                0162
        CSCTL2                                  0164
        CSCTL2_H                                0165
        CSCTL2_L                                0164
        CSCTL3                                  0166
        CSCTL3_H                                0167
        CSCTL3_L                                0166
        CSCTL5                                  016A
        CSCTL5_H                                016B
        CSCTL5_L                                016A
        CSCTL6                                  016C
        CSCTL6_H                                016D
        CSCTL6_L                                016C
DrvEncoder ( D:\FCT_com\SlaverMcu\IAR_project\Release\Obj\DrvEncoder.r43 )
        _A_PADIR_L                              0204
        _A_PASEL0_L                             020A
        _A_PASEL1_L                             020C
        TA0CTL                                  0340
        TA0CCTL1                                0344
        TA0IV                                   036E
        g_encoder_counter                       4A98
        g_encoder_expect_counter                4A9C
        DrvEncoderInitial                       A0E8
        DrvEncoderEnable                        A3FC
        DrvEncoderDisable                       A418
        Timer0_A1_ISR                           64A6
        Timer0_A1_ISR::??INTVEC 86              FFE6
        PADIR                                   0204
        PADIR_H                                 0205
        PADIR_L                                 0204
        PASEL0                                  020A
        PASEL0_H                                020B
        PASEL0_L                                020A
        PASEL1                                  020C
        PASEL1_H                                020D
        PASEL1_L                                020C
DrvFram ( D:\FCT_com\SlaverMcu\IAR_project\Release\Obj\DrvFram.r43 )
        FramReadData                            A0CE
        FramWriteData                           A0B4
DrvHall ( D:\FCT_com\SlaverMcu\IAR_project\Release\Obj\DrvHall.r43 )
        _A_PAIE_L                               021A
        _A_PAIFG_L                              021C
        P1IV                                    020E
        DrvHallInit                             A426
        DrvHallEnable                           A51A
        DrvHallDisable                          A510
        Port_1                                  64F4
        Port_1::??INTVEC 74                     FFDA
        PAIN                                    0200
        PAIN_H                                  0201
        PAIN_L                                  0200
        PADIR                                   0204
        PADIR_H                                 0205
        PADIR_L                                 0204
        PASEL0                                  020A
        PASEL0_H                                020B
        PASEL0_L                                020A
        PASEL1                                  020C
        PASEL1_H                                020D
        PASEL1_L                                020C
        PAIE                                    021A
        PAIE_H                                  021B
        PAIE_L                                  021A
        PAIFG                                   021C
        PAIFG_H                                 021D
        PAIFG_L                                 021C
        PBOUT                                   0222
        PBOUT_H                                 0223
        PBOUT_L                                 0222
DrvMotor ( D:\FCT_com\SlaverMcu\IAR_project\Release\Obj\DrvMotor.r43 )
        _A_PCDIR_L                              0244
        _A_PCSEL0_L                             024A
        _A_PCSEL1_L                             024C
        _A_PJOUT_L                              0322
        TA1CTL                                  0380
        TA1CCTL1                                0384
        TA1R                                    0390
        TA1CCR1                                 0394
        TA1IV                                   03AE
        TA1EX0                                  03A0
        DrvMotorInitial                         A546
        DrvMotorSetRun                          9EDE
        DrvMotorSetStopDriver                   A55E
        DrvMotorSetSleep                        A54E
        pulse_counter                           4AA0
        begin                                   4AA2
        end                                     4AA4
        time                                    4AA6
        flag_Hz_done                            4B4E
        hz                                      4AAA
        g_hz_value                              4AAE
        g_carry_cnter                           4AB0
        g_motor_current_done                    4B4F
        DrvMotorCurrentInit                     A008
        DrvMotorCurrentEnable                   9DCE
        DrvMotorCurrentDisable                  A442
        Timer1_A1_ISR                           652E
        Timer1_A1_ISR::??INTVEC 76              FFDC
        PCDIR                                   0244
        PCDIR_H                                 0245
        PCDIR_L                                 0244
        PCSEL0                                  024A
        PCSEL0_H                                024B
        PCSEL0_L                                024A
        PCSEL1                                  024C
        PCSEL1_H                                024D
        PCSEL1_L                                024C
        PJOUT                                   0322
        PJOUT_H                                 0323
        PJOUT_L                                 0322
DrvPort ( D:\FCT_com\SlaverMcu\IAR_project\Release\Obj\DrvPort.r43 )
        _A_PBDIR_L                              0224
        _A_PBSEL0_L                             022A
        _A_PBSEL1_L                             022C
        _A_PBIE_L                               023A
        _A_PCOUT_L                              0242
        _A_PJDIR_L                              0324
        _A_PJSEL0_L                             032A
        _A_PJSEL1_L                             032C
        PortInit                                8E60
        PAOUT                                   0202
        PAOUT_H                                 0203
        PAOUT_L                                 0202
        PADIR                                   0204
        PADIR_H                                 0205
        PADIR_L                                 0204
        PASEL0                                  020A
        PASEL0_H                                020B
        PASEL0_L                                020A
        PASEL1                                  020C
        PASEL1_H                                020D
        PASEL1_L                                020C
        PAIE                                    021A
        PAIE_H                                  021B
        PAIE_L                                  021A
        PBOUT                                   0222
        PBOUT_H                                 0223
        PBOUT_L                                 0222
        PBDIR                                   0224
        PBDIR_H                                 0225
        PBDIR_L                                 0224
        PBSEL0                                  022A
        PBSEL0_H                                022B
        PBSEL0_L                                022A
        PBSEL1                                  022C
        PBSEL1_H                                022D
        PBSEL1_L                                022C
        PBIE                                    023A
        PBIE_H                                  023B
        PBIE_L                                  023A
        PCOUT                                   0242
        PCOUT_H                                 0243
        PCOUT_L                                 0242
        PCDIR                                   0244
        PCDIR_H                                 0245
        PCDIR_L                                 0244
        PCSEL0                                  024A
        PCSEL0_H                                024B
        PCSEL0_L                                024A
        PCSEL1                                  024C
        PCSEL1_H                                024D
        PCSEL1_L                                024C
        PEOUT                                   0282
        PEOUT_H                                 0283
        PEOUT_L                                 0282
        PEDIR                                   0284
        PEDIR_H                                 0285
        PEDIR_L                                 0284
        PESEL0                                  028A
        PESEL0_H                                028B
        PESEL0_L                                028A
        PESEL1                                  028C
        PESEL1_H                                028D
        PESEL1_L                                028C
        PJOUT                                   0322
        PJOUT_H                                 0323
        PJOUT_L                                 0322
        PJDIR                                   0324
        PJDIR_H                                 0325
        PJDIR_L                                 0324
        PJSEL0                                  032A
        PJSEL0_H                                032B
        PJSEL0_L                                032A
        PJSEL1                                  032C
        PJSEL1_H                                032D
        PJSEL1_L                                032C
DrvPower ( D:\FCT_com\SlaverMcu\IAR_project\Release\Obj\DrvPower.r43 )
        _A_PM5CTL0_L                            0130
        _A_PAIES_L                              0218
        _A_PBIES_L                              0238
        _A_PBIFG_L                              023C
        _A_UCA0IE_L                             05DA
        _A_UCA1IE_L                             05FA
        g_enter_low_power_state                 4B50
        DrvInitPowerControl                     A5B0
        DrvMCULowPower                          A53E
        DrvPortLowPower                         8BB6
        DrvPowerEnableHallAndMotorCurrent       A58A
        DrvPowerDisableHallAndMotorCurrent      A57E
        DrvLowPower                             94C6
        PM5CTL0                                 0130
        PM5CTL0_H                               0131
        PM5CTL0_L                               0130
        PAOUT                                   0202
        PAOUT_H                                 0203
        PAOUT_L                                 0202
        PADIR                                   0204
        PADIR_H                                 0205
        PADIR_L                                 0204
        PASEL0                                  020A
        PASEL0_H                                020B
        PASEL0_L                                020A
        PASEL1                                  020C
        PASEL1_H                                020D
        PASEL1_L                                020C
        PAIES                                   0218
        PAIES_H                                 0219
        PAIES_L                                 0218
        PAIE                                    021A
        PAIE_H                                  021B
        PAIE_L                                  021A
        PAIFG                                   021C
        PAIFG_H                                 021D
        PAIFG_L                                 021C
        PBOUT                                   0222
        PBOUT_H                                 0223
        PBOUT_L                                 0222
        PBDIR                                   0224
        PBDIR_H                                 0225
        PBDIR_L                                 0224
        PBSEL0                                  022A
        PBSEL0_H                                022B
        PBSEL0_L                                022A
        PBSEL1                                  022C
        PBSEL1_H                                022D
        PBSEL1_L                                022C
        PBIES                                   0238
        PBIES_H                                 0239
        PBIES_L                                 0238
        PBIE                                    023A
        PBIE_H                                  023B
        PBIE_L                                  023A
        PBIFG                                   023C
        PBIFG_H                                 023D
        PBIFG_L                                 023C
        PCOUT                                   0242
        PCOUT_H                                 0243
        PCOUT_L                                 0242
        PCDIR                                   0244
        PCDIR_H                                 0245
        PCDIR_L                                 0244
        PCSEL0                                  024A
        PCSEL0_H                                024B
        PCSEL0_L                                024A
        PCSEL1                                  024C
        PCSEL1_H                                024D
        PCSEL1_L                                024C
        PEOUT                                   0282
        PEOUT_H                                 0283
        PEOUT_L                                 0282
        PEDIR                                   0284
        PEDIR_H                                 0285
        PEDIR_L                                 0284
        PESEL0                                  028A
        PESEL0_H                                028B
        PESEL0_L                                028A
        PESEL1                                  028C
        PESEL1_H                                028D
        PESEL1_L                                028C
        PJOUT                                   0322
        PJOUT_H                                 0323
        PJOUT_L                                 0322
        PJDIR                                   0324
        PJDIR_H                                 0325
        PJDIR_L                                 0324
        PJSEL0                                  032A
        PJSEL0_H                                032B
        PJSEL0_L                                032A
        PJSEL1                                  032C
        PJSEL1_H                                032D
        PJSEL1_L                                032C
        UCA0IE                                  05DA
        UCA0IE_H                                05DB
        UCA0IE_L                                05DA
        UCA1IE                                  05FA
        UCA1IE_H                                05FB
        UCA1IE_L                                05FA
DrvSpi ( D:\FCT_com\SlaverMcu\IAR_project\Release\Obj\DrvSpi.r43 )
        _A_UCB0CTLW0_L                          0640
        _A_UCB0BRW_L                            0646
        _A_UCB0STATW_L                          0648
        _A_UCB0RXBUF_L                          064C
        _A_UCB0TXBUF_L                          064E
        _A_UCB0IE_L                             066A
        _A_UCB0IFG_L                            066C
        UCB0IV                                  066E
        g_rx_data                               4B51
        g_feedback_data                         2011
        g_feedback_hz                           4B59
        g_feedback_type                         4B61
        g_receive_finished                      4B62
        USCI_B0_ISR                             66A8
        USCI_B0_ISR::??INTVEC 92                FFEC
        PASEL0                                  020A
        PASEL0_H                                020B
        PASEL0_L                                020A
        PASEL1                                  020C
        PASEL1_H                                020D
        PASEL1_L                                020C
        UCB0CTLW0                               0640
        UCB0CTLW0_H                             0641
        UCB0CTLW0_L                             0640
        UCB0BRW                                 0646
        UCB0BRW_H                               0647
        UCB0BRW_L                               0646
        UCB0STATW                               0648
        UCB0STATW_H                             0649
        UCB0STATW_L                             0648
        UCB0RXBUF                               064C
        UCB0RXBUF_H                             064D
        UCB0RXBUF_L                             064C
        UCB0TXBUF                               064E
        UCB0TXBUF_H                             064F
        UCB0TXBUF_L                             064E
        UCB0IE                                  066A
        UCB0IE_H                                066B
        UCB0IE_L                                066A
        UCB0IFG                                 066C
        UCB0IFG_H                               066D
        UCB0IFG_L                               066C
        USCI_B0_ISR::get_head_flag              4B63
        USCI_B0_ISR::head_flag                  4B64
        USCI_B0_ISR::get_feekback_flag          4B65
        USCI_B0_ISR::get_head_finished          4B66
        USCI_B0_ISR::i                          4B67
        USCI_B0_ISR::j                          4B68
        USCI_B0_ISR::head                       4B69
        USCI_B0_ISR::receive_num                4B6B
DrvTimer ( D:\FCT_com\SlaverMcu\IAR_project\Release\Obj\DrvTimer.r43 )
        TA0CCTL0                                0342
        TA0CCR0                                 0352
        TA1CCTL0                                0382
        TA1CCR0                                 0392
        TA2CTL                                  0400
        TA2CCTL0                                0402
        TA2CCR0                                 0412
        TA3CTL                                  0440
        TA3CCTL0                                0442
        TA3CCR0                                 0452
        TA3EX0                                  0460
        TB0CTL                                  03C0
        TB0CCTL0                                03C2
        TB0CCR0                                 03D2
        g_time_ms_elapse                        4AB2
        DrvTimerInitial                         A166
        DrvTimerEnable                          913E
        DrvTimerDisable                         9332
        TimerA0Isr                              687E
        TimerA1Isr                              6880
        TimerA2Isr                              6882
        TimerA3Isr                              6892
        TimerB0Isr                              68A0
        TimerA3Isr::??INTVEC 66                 FFD2
        TimerA2Isr::??INTVEC 72                 FFD8
        TimerA1Isr::??INTVEC 78                 FFDE
        TimerA0Isr::??INTVEC 88                 FFE8
        TimerB0Isr::??INTVEC 102                FFF6
DrvUart ( D:\FCT_com\SlaverMcu\IAR_project\Release\Obj\DrvUart.r43 )
        _A_UCA0CTLW0_L                          05C0
        _A_UCA0BRW_L                            05C6
        _A_UCA0MCTLW_L                          05C8
        _A_UCA0RXBUF_L                          05CC
        _A_UCA0TXBUF_L                          05CE
        _A_UCA0IFG_L                            05DC
        UCA0IV                                  05DE
        _A_UCA1CTLW0_L                          05E0
        _A_UCA1BRW_L                            05E6
        _A_UCA1MCTLW_L                          05E8
        _A_UCA1RXBUF_L                          05EC
        _A_UCA1TXBUF_L                          05EE
        _A_UCA1IFG_L                            05FC
        UCA1IV                                  05FE
        DrvUart0Init                            9D20
        DrvUart1Init                            9C96
        Uart0SendByte                           A434
        Uart0SendData                           9F6A
        Uart1SendByte                           A3E0
        Uart1SendData                           9F8A
        UartOnReceiveNewByte                    8D18
        UartReceivedBufferSize                  99CA
        UartReceiveByte                         902C
        UartGetNewDataFlag                      A21E
        UartClearNewDataFlag                    A234
        USCI_A0_ISR                             68AC
        USCI_A1_ISR                             68D2
        __write                                 9A52
        USCI_A1_ISR::??INTVEC 84                FFE4
        USCI_A0_ISR::??INTVEC 94                FFEE
        PASEL0                                  020A
        PASEL0_H                                020B
        PASEL0_L                                020A
        PASEL1                                  020C
        PASEL1_H                                020D
        PASEL1_L                                020C
        PBSEL0                                  022A
        PBSEL0_H                                022B
        PBSEL0_L                                022A
        PBSEL1                                  022C
        PBSEL1_H                                022D
        PBSEL1_L                                022C
        UCA0CTLW0                               05C0
        UCA0CTLW0_H                             05C1
        UCA0CTLW0_L                             05C0
        UCA0BRW                                 05C6
        UCA0BRW_H                               05C7
        UCA0BRW_L                               05C6
        UCA0MCTLW                               05C8
        UCA0MCTLW_H                             05C9
        UCA0MCTLW_L                             05C8
        UCA0RXBUF                               05CC
        UCA0RXBUF_H                             05CD
        UCA0RXBUF_L                             05CC
        UCA0TXBUF                               05CE
        UCA0TXBUF_H                             05CF
        UCA0TXBUF_L                             05CE
        UCA0IE                                  05DA
        UCA0IE_H                                05DB
        UCA0IE_L                                05DA
        UCA0IFG                                 05DC
        UCA0IFG_H                               05DD
        UCA0IFG_L                               05DC
        UCA1CTLW0                               05E0
        UCA1CTLW0_H                             05E1
        UCA1CTLW0_L                             05E0
        UCA1BRW                                 05E6
        UCA1BRW_H                               05E7
        UCA1BRW_L                               05E6
        UCA1MCTLW                               05E8
        UCA1MCTLW_H                             05E9
        UCA1MCTLW_L                             05E8
        UCA1RXBUF                               05EC
        UCA1RXBUF_H                             05ED
        UCA1RXBUF_L                             05EC
        UCA1TXBUF                               05EE
        UCA1TXBUF_H                             05EF
        UCA1TXBUF_L                             05EE
        UCA1IE                                  05FA
        UCA1IE_H                                05FB
        UCA1IE_L                                05FA
        UCA1IFG                                 05FC
        UCA1IFG_H                               05FD
        UCA1IFG_L                               05FC
        g_uart_rx_buff                          4B6C
Init ( D:\FCT_com\SlaverMcu\IAR_project\Release\Obj\Init.r43 )
        InitDriver                              9B42
        InitKernel                              A3A6
        InitApp                                 A480
        SysInit                                 A498
        Initial                                 A566
        PBOUT                                   0222
        PBOUT_H                                 0223
        PBOUT_L                                 0222
main ( D:\FCT_com\SlaverMcu\IAR_project\Release\Obj\main.r43 )
        _A_SYSSNIV_L                            019C
        _A_SYSRSTIV_L                           019E
        _A_WDTCTL_L                             015C
        g_power_up_cause                        4AB6
        main                                    8834
        SYSNMI_ISR                              68FA
        SYSNMI_ISR::??INTVEC 108                FFFC
        PM5CTL0                                 0130
        PM5CTL0_H                               0131
        PM5CTL0_L                               0130
        PAIN                                    0200
        PAIN_H                                  0201
        PAIN_L                                  0200
        PBOUT                                   0222
        PBOUT_H                                 0223
        PBOUT_L                                 0222
        PEOUT                                   0282
        PEOUT_H                                 0283
        PEOUT_L                                 0282
        SYSSNIV                                 019C
        SYSSNIV_H                               019D
        SYSSNIV_L                               019C
        SYSRSTIV                                019E
        SYSRSTIV_H                              019F
        SYSRSTIV_L                              019E
        WDTCTL                                  015C
        WDTCTL_H                                015D
        WDTCTL_L                                015C
test_battery ( D:\FCT_com\SlaverMcu\IAR_project\Release\Obj\test_battery.r43 )
test_low_power ( D:\FCT_com\SlaverMcu\IAR_project\Release\Obj\test_low_power.r43 )
test_pulse ( D:\FCT_com\SlaverMcu\IAR_project\Release\Obj\test_pulse.r43 )
test_timer ( D:\FCT_com\SlaverMcu\IAR_project\Release\Obj\test_timer.r43 )
unit_test ( D:\FCT_com\SlaverMcu\IAR_project\Release\Obj\unit_test.r43 )
version ( D:\FCT_com\SlaverMcu\IAR_project\Release\Obj\version.r43 )
?abort ( C:\Program Files\IAR Systems\Embedded Workbench 7.0\430\lib\dlib\dl430xllfn.r43 )
?__dbg_break ( C:\Program Files\IAR Systems\Embedded Workbench 7.0\430\lib\dlib\dl430xllfn.r43 )
        __DebugBreak                            A5AE
?__exit ( C:\Program Files\IAR Systems\Embedded Workbench 7.0\430\lib\dlib\dl430xllfn.r43 )
        __exit                                  A1C6
?_exit ( C:\Program Files\IAR Systems\Embedded Workbench 7.0\430\lib\dlib\dl430xllfn.r43 )
        _exit                                   A5AA
?cppinit ( C:\Program Files\IAR Systems\Embedded Workbench 7.0\430\lib\dlib\dl430xllfn.r43 )
?cstart ( C:\Program Files\IAR Systems\Embedded Workbench 7.0\430\lib\dlib\dl430xllfn.r43 )
        __program_start                         6400
        ?cstart_begin                           6400
        ?cstart_call_mpu_init                   6404
        ?cstart_init_zero20                     6408
        ?cstart_init_copy20                     6418
        ?cstart_call_main                       642C
        ?cstart_end                             6434
lowinit ( C:\Program Files\IAR Systems\Embedded Workbench 7.0\430\lib\dlib\dl430xllfn.r43 )
?reset_vector ( C:\Program Files\IAR Systems\Embedded Workbench 7.0\430\lib\dlib\dl430xllfn.r43 )
        ?reset_vector                           FFFE
?div64i ( C:\Program Files\IAR Systems\Embedded Workbench 7.0\430\lib\dlib\dl430xllfn.r43 )
        _Div64u                                 8AFE
        _Mod64u                                 90B6
?div ( C:\Program Files\IAR Systems\Embedded Workbench 7.0\430\lib\dlib\dl430xllfn.r43 )
        div                                     A11C
?exit ( C:\Program Files\IAR Systems\Embedded Workbench 7.0\430\lib\dlib\dl430xllfn.r43 )
        exit                                    A5A2
?Mul32fHw ( C:\Program Files\IAR Systems\Embedded Workbench 7.0\430\lib\dlib\dl430xllfn.r43 )
        ?Mul32fHw                               83AE
?Cast32f32i ( C:\Program Files\IAR Systems\Embedded Workbench 7.0\430\lib\dlib\dl430xllfn.r43 )
        _Cast32sto32f                           8DC2
        _Cast32uto32f                           8DD8
_Cast32fto32u ( C:\Program Files\IAR Systems\Embedded Workbench 7.0\430\lib\dlib\dl430xllfn.r43 )
        _Cast32fto32u                           A4BC
?FLT_Extract ( C:\Program Files\IAR Systems\Embedded Workbench 7.0\430\lib\dlib\dl430xllfn.r43 )
        ?FLT_Extract                            96D4
?FLT_LT ( C:\Program Files\IAR Systems\Embedded Workbench 7.0\430\lib\dlib\dl430xllfn.r43 )
        ?FLT_LT                                 962A
_CmpLt32f ( C:\Program Files\IAR Systems\Embedded Workbench 7.0\430\lib\dlib\dl430xllfn.r43 )
        _CmpLt32f                               A506
_Div32f ( C:\Program Files\IAR Systems\Embedded Workbench 7.0\430\lib\dlib\dl430xllfn.r43 )
        _Div32f                                 826E
_Add32f ( C:\Program Files\IAR Systems\Embedded Workbench 7.0\430\lib\dlib\dl430xllfn.r43 )
        _Add32f                                 7CFC
        _Sub32f                                 7CF8
?malloc ( C:\Program Files\IAR Systems\Embedded Workbench 7.0\430\lib\dlib\dl430xllfn.r43 )
?DivMod816u ( C:\Program Files\IAR Systems\Embedded Workbench 7.0\430\lib\dlib\dl430xllfn.r43 )
        ?DivMod8u                               A098
        ?DivMod16u                              A09C
?DivMod816s ( C:\Program Files\IAR Systems\Embedded Workbench 7.0\430\lib\dlib\dl430xllfn.r43 )
        ?DivMod8s                               9AD2
        ?DivMod16s                              9AD6
?DivMod32u ( C:\Program Files\IAR Systems\Embedded Workbench 7.0\430\lib\dlib\dl430xllfn.r43 )
        ?DivMod32u                              9986
?DivMod32s ( C:\Program Files\IAR Systems\Embedded Workbench 7.0\430\lib\dlib\dl430xllfn.r43 )
        ?DivMod32s                              9942
?ShiftLeft32 ( C:\Program Files\IAR Systems\Embedded Workbench 7.0\430\lib\dlib\dl430xllfn.r43 )
?memchr ( C:\Program Files\IAR Systems\Embedded Workbench 7.0\430\lib\dlib\dl430xllfn.r43 )
        __iar_Memchr                            9F26
?memcmp ( C:\Program Files\IAR Systems\Embedded Workbench 7.0\430\lib\dlib\dl430xllfn.r43 )
        memcmp                                  9BD6
?memcpy ( C:\Program Files\IAR Systems\Embedded Workbench 7.0\430\lib\dlib\dl430xllfn.r43 )
        memcpy                                  9FEA
?memmove ( C:\Program Files\IAR Systems\Embedded Workbench 7.0\430\lib\dlib\dl430xllfn.r43 )
?ClearMemoryWords ( C:\Program Files\IAR Systems\Embedded Workbench 7.0\430\lib\dlib\dl430xllfn.r43 )
?memset ( C:\Program Files\IAR Systems\Embedded Workbench 7.0\430\lib\dlib\dl430xllfn.r43 )
?memzero ( C:\Program Files\IAR Systems\Embedded Workbench 7.0\430\lib\dlib\dl430xllfn.r43 )
        __data20_memzero                        A17E
        __data20_memcpy                         A59E
?MpuInit ( C:\Program Files\IAR Systems\Embedded Workbench 7.0\430\lib\dlib\dl430xllfn.r43 )
        __iar_430_mpu_init                      9FCA
        ?mpu2_init                              9FCA
?Mul32Hw32 ( C:\Program Files\IAR Systems\Embedded Workbench 7.0\430\lib\dlib\dl430xllfn.r43 )
        ?Mul32Hw32                              9EBA
?printf ( C:\Program Files\IAR Systems\Embedded Workbench 7.0\430\lib\dlib\dl430xllfn.r43 )
        printf                                  A060
?putchar ( C:\Program Files\IAR Systems\Embedded Workbench 7.0\430\lib\dlib\dl430xllfn.r43 )
        putchar                                 9CF2
?puts ( C:\Program Files\IAR Systems\Embedded Workbench 7.0\430\lib\dlib\dl430xllfn.r43 )
        puts                                    9A94
?setjmp ( C:\Program Files\IAR Systems\Embedded Workbench 7.0\430\lib\dlib\dl430xllfn.r43 )
?longjmp ( C:\Program Files\IAR Systems\Embedded Workbench 7.0\430\lib\dlib\dl430xllfn.r43 )
?sprintf ( C:\Program Files\IAR Systems\Embedded Workbench 7.0\430\lib\dlib\dl430xllfn.r43 )
?strchr ( C:\Program Files\IAR Systems\Embedded Workbench 7.0\430\lib\dlib\dl430xllfn.r43 )
        __iar_Strchr                            A386
?strcmp ( C:\Program Files\IAR Systems\Embedded Workbench 7.0\430\lib\dlib\dl430xllfn.r43 )
        strcmp                                  9F48
?strcpy ( C:\Program Files\IAR Systems\Embedded Workbench 7.0\430\lib\dlib\dl430xllfn.r43 )
        strcpy                                  A2FC
?strlen ( C:\Program Files\IAR Systems\Embedded Workbench 7.0\430\lib\dlib\dl430xllfn.r43 )
        strlen                                  9FAA
?xcloseall ( C:\Program Files\IAR Systems\Embedded Workbench 7.0\430\lib\dlib\dl430xllfn.r43 )
?xdunscal ( C:\Program Files\IAR Systems\Embedded Workbench 7.0\430\lib\dlib\dl430xllfn.r43 )
        __iar_Dunscale                          98F8
?xgetmemchunk ( C:\Program Files\IAR Systems\Embedded Workbench 7.0\430\lib\dlib\dl430xllfn.r43 )
?xprintflarge_nomb ( C:\Program Files\IAR Systems\Embedded Workbench 7.0\430\lib\dlib\dl430xllfn.r43 )
        _PrintfLargeNoMb                        6EBE
        _LdtobLargeNoMb                         693C
        scale                                   6BBC
        _LitobLargeNoMb                         6BFE
        pad                                     6DFC
        LoadInt                                 6E2C
        _GenldLargeNoMb                         7840
        _PutcharLargeNoMb                       9E96
        _PutcharsLargeNoMb                      9E70
?xprout ( C:\Program Files\IAR Systems\Embedded Workbench 7.0\430\lib\dlib\dl430xllfn.r43 )
        _Prout                                  A136
?xsprout ( C:\Program Files\IAR Systems\Embedded Workbench 7.0\430\lib\dlib\dl430xllfn.r43 )
?xxmemxfree ( C:\Program Files\IAR Systems\Embedded Workbench 7.0\430\lib\dlib\dl430xllfn.r43 )
?xxmemxmalloc ( C:\Program Files\IAR Systems\Embedded Workbench 7.0\430\lib\dlib\dl430xllfn.r43 )


                ****************************************
                *                                      *
                *            MODULE SUMMARY            *
                *                                      *
                ****************************************

Module                CODE      DATA      CONST
------                ----      ----      -----
                     (Rel)  (Rel)  (Abs)  (Rel)
?Cast32f32i            158
?DivMod32s              68
?DivMod32u              68
?DivMod816s             56
?DivMod816u             28
?FLT_Extract            84
?FLT_LT                 86
?MpuInit                34
?Mul32Hw32              36
?Mul32fHw              318
?__dbg_break             2
?__exit                 22
?_exit                   4
?cstart                 52
?div                    26
?div64i                430
?exit                    4
?memchr                 34
?memcmp                 48
?memcpy                 30
?memzero                28
?printf                 28
?putchar                46
?puts                   62                    1
?reset_vector            2
?strchr                 16
?strcmp                 34
?strcpy                 18
?strlen                 32
?xdunscal               74
?xprintflarge_nomb   3 658                   25
?xprout                 24
AppAlarm                92
AppEngineerMode      1 336    133         2 605
  + shared               4
AppEventHandle         102      2
  + shared                             2
AppMonitor             308      4            88
  + shared                             4
AppSysState            110
Common                 112     20            50
CtlAdc                 652     80
CtlAlarm               256
CtlComm                414     12            79
CtlData              1 014    827
CtlDelivery             22
CtlEvent               418    428
CtlInterrupt             2
CtlMotor               546      6           325
CtlSpiComm             972      4           104
CtlTime                 80      1
CtlTimer               542    256
DrvAdc                 278     82     28
  + shared              92             8
  + common
DrvBeep                 36
DrvClk                  40            12
DrvEncoder             132      8      4
  + shared              88             8
  + common
DrvFram                 52
DrvHall                 92             2
  + shared              76             4
  + common
DrvMotor               524     20     10
  + shared              78            10
  + common
DrvPort                156
  + shared                            16
DrvPower               294      1      6     15
  + shared                             6
DrvSpi                 470     35     16      8
  + common              94
DrvTimer               312      4     28
  + common             104
DrvUart                748    134     28
  + common              96
Init                    98
_Add32f                370
_Cast32fto32u           12
_CmpLt32f               10
_Div32f                320
main                   298      2      6     47
  + common             110
N/A (command line)          1 024
N/A (alignment)
----------          ------  -----    ---  -----
Total:              16 834  3 083    198  3 347
  + common             110


                ****************************************
                *                                      *
                *      SEGMENTS IN ADDRESS ORDER       *
                *                                      *
                ****************************************


SEGMENT              SPACE    START ADDRESS   END ADDRESS     SIZE  TYPE  ALIGN
=======              =====    =============   ===========     ====  ====  =====
DATA16_AN                              0130 - 0131               2   rel    0
                                       015C - 015D               2 
                                       0160 - 0167               8 
                                       016A - 016D               4 
                                       019C - 019F               4 
                                       01B0 - 01B1               2 
                                       0200 - 0205               6 
                                       020A - 020F               6 
                                       0218 - 021D               6 
                                       0222 - 0225               4 
                                       022A - 022D               4 
                                       0238 - 023D               6 
                                       0242 - 0245               4 
                                       024A - 024D               4 
                                       0282 - 0285               4 
                                       028A - 028D               4 
                                       0322 - 0325               4 
                                       032A - 032D               4 
                                       0340 - 0345               6 
                                       0352 - 0353               2 
                                       036E - 036F               2 
                                       0380 - 0385               6 
                                       0390 - 0395               6 
                                       03A0 - 03A1               2 
                                       03AE - 03AF               2 
                                       03C0 - 03C3               4 
                                       03D2 - 03D3               2 
                                       0400 - 0403               4 
                                       0412 - 0413               2 
                                       0440 - 0443               4 
                                       0452 - 0453               2 
                                       0460 - 0461               2 
                                       05C0 - 05C1               2 
                                       05C6 - 05C9               4 
                                       05CC - 05CF               4 
                                       05DA - 05E1               8 
                                       05E6 - 05E9               4 
                                       05EC - 05EF               4 
                                       05FA - 05FF               6 
                                       0640 - 0641               2 
                                       0646 - 0649               4 
                                       064C - 064F               4 
                                       066A - 066F               6 
                                       0800 - 0807               8 
                                       0812 - 0813               2 
                                       0820 - 0827               8 
                                       0860 - 0867               8 
CSTACK                                 1C00 - 1FFF             400   rel    1
CODE_I                                    2000                       rel    1
DATA20_I                               2000 - 2018              19   rel    1
DATA20_Z                               4400 - 4BF1             7F2   rel    1
DATA20_HEAP                               4BF2                       rel    1
DATA20_N                                  4BF2                       rel    1
MPU_B1                                    4C00                       rel   10
MPU_B2                                    6400                       rel   10
CSTART                                 6400 - 6433              34   rel    1
ISR_CODE                               6434 - 6929             4F6   rel    1
<CODE> 1                               692A - A5BD            3C94   rel    1
CODE_PAD                               A5BE - A5BF               2   rel    1
DATA20_C                               A5C0 - B2B9             CFA   rel    1
DATA20_ID                              B2BA - B2D2              19   rel    1
CODE_ID                                   B2D4                       rel    1
INTVEC                                 FF90 - FFFD              6E   com    1
RESET                                  FFFE - FFFF               2   rel    1

                ****************************************
                *                                      *
                *        END OF CROSS REFERENCE        *
                *                                      *
                ****************************************

 16 944 bytes of CODE  memory
  3 083 bytes of DATA  memory (+ 198 absolute )
  3 347 bytes of CONST memory

Errors: none
Warnings: none

