################################################################################
#                                                                              #
#      IAR Universal Linker V6.1.3.56                                          #
#                                                                              #
#           Link time     =  17/Jun/2019  10:10:59                             #
#           Target CPU    =  MSP430                                            #
#           List file     =  D:\FCT_release\MasterMcu\IAR_project\Debug\List\S #
#                            pump18_master.map                                 #
#           Output file 1 =  D:\FCT_release\MasterMcu\IAR_project\Debug\Exe\Sp #
#                            ump18_master.d43                                  #
#                            Format: debug                                     #
#                            UBROF version 10.0.6                              #
#                            Using library modules for C-SPY (-rt)             #
#           Output file 2 =  D:\FCT_release\MasterMcu\IAR_project\Debug\Exe\Sp #
#                            ump18_master.txt                                  #
#                            Format: msp430_txt                                #
#           Command line  =  D:\FCT_release\MasterMcu\IAR_project\Debug\Obj\Ap #
#                            pComm.r43                                         #
#                            D:\FCT_release\MasterMcu\IAR_project\Debug\Obj\Ap #
#                            pCommon.r43                                       #
#                            D:\FCT_release\MasterMcu\IAR_project\Debug\Obj\Ap #
#                            pDelivery.r43                                     #
#                            D:\FCT_release\MasterMcu\IAR_project\Debug\Obj\Ap #
#                            pEngineerMode.r43                                 #
#                            D:\FCT_release\MasterMcu\IAR_project\Debug\Obj\Ap #
#                            pFCT.r43                                          #
#                            D:\FCT_release\MasterMcu\IAR_project\Debug\Obj\Co #
#                            mmon.r43                                          #
#                            D:\FCT_release\MasterMcu\IAR_project\Debug\Obj\Ct #
#                            lAdc.r43                                          #
#                            D:\FCT_release\MasterMcu\IAR_project\Debug\Obj\Ct #
#                            lComm.r43                                         #
#                            D:\FCT_release\MasterMcu\IAR_project\Debug\Obj\Ct #
#                            lData.r43                                         #
#                            D:\FCT_release\MasterMcu\IAR_project\Debug\Obj\Ct #
#                            lDelivery.r43                                     #
#                            D:\FCT_release\MasterMcu\IAR_project\Debug\Obj\Ct #
#                            lDisplay.r43                                      #
#                            D:\FCT_release\MasterMcu\IAR_project\Debug\Obj\Ct #
#                            lEvent.r43                                        #
#                            D:\FCT_release\MasterMcu\IAR_project\Debug\Obj\Ct #
#                            lInterrupt.r43                                    #
#                            D:\FCT_release\MasterMcu\IAR_project\Debug\Obj\Ct #
#                            lKey.r43                                          #
#                            D:\FCT_release\MasterMcu\IAR_project\Debug\Obj\Ct #
#                            lMotor.r43                                        #
#                            D:\FCT_release\MasterMcu\IAR_project\Debug\Obj\Ct #
#                            lPower.r43                                        #
#                            D:\FCT_release\MasterMcu\IAR_project\Debug\Obj\Ct #
#                            lSpiComm.r43                                      #
#                            D:\FCT_release\MasterMcu\IAR_project\Debug\Obj\Ct #
#                            lTime.r43                                         #
#                            D:\FCT_release\MasterMcu\IAR_project\Debug\Obj\Ct #
#                            lTimer.r43                                        #
#                            D:\FCT_release\MasterMcu\IAR_project\Debug\Obj\Dr #
#                            vBeep.r43                                         #
#                            D:\FCT_release\MasterMcu\IAR_project\Debug\Obj\Dr #
#                            vClk.r43                                          #
#                            D:\FCT_release\MasterMcu\IAR_project\Debug\Obj\Dr #
#                            vEncoder.r43                                      #
#                            D:\FCT_release\MasterMcu\IAR_project\Debug\Obj\Dr #
#                            vFram.r43                                         #
#                            D:\FCT_release\MasterMcu\IAR_project\Debug\Obj\Dr #
#                            vKey.r43                                          #
#                            D:\FCT_release\MasterMcu\IAR_project\Debug\Obj\Dr #
#                            vLcd.r43                                          #
#                            D:\FCT_release\MasterMcu\IAR_project\Debug\Obj\Dr #
#                            vPort.r43                                         #
#                            D:\FCT_release\MasterMcu\IAR_project\Debug\Obj\Dr #
#                            vPower.r43                                        #
#                            D:\FCT_release\MasterMcu\IAR_project\Debug\Obj\Dr #
#                            vRtc.r43                                          #
#                            D:\FCT_release\MasterMcu\IAR_project\Debug\Obj\Dr #
#                            vSpi.r43                                          #
#                            D:\FCT_release\MasterMcu\IAR_project\Debug\Obj\Dr #
#                            vTimer.r43                                        #
#                            D:\FCT_release\MasterMcu\IAR_project\Debug\Obj\Dr #
#                            vUart.r43                                         #
#                            D:\FCT_release\MasterMcu\IAR_project\Debug\Obj\Fo #
#                            nts.r43                                           #
#                            D:\FCT_release\MasterMcu\IAR_project\Debug\Obj\In #
#                            it.r43                                            #
#                            D:\FCT_release\MasterMcu\IAR_project\Debug\Obj\ma #
#                            in.r43                                            #
#                            D:\FCT_release\MasterMcu\IAR_project\Debug\Obj\te #
#                            st_comm.r43                                       #
#                            D:\FCT_release\MasterMcu\IAR_project\Debug\Obj\te #
#                            st_display.r43                                    #
#                            D:\FCT_release\MasterMcu\IAR_project\Debug\Obj\te #
#                            st_low_power.r43                                  #
#                            D:\FCT_release\MasterMcu\IAR_project\Debug\Obj\te #
#                            st_timer.r43                                      #
#                            D:\FCT_release\MasterMcu\IAR_project\Debug\Obj\un #
#                            it_test.r43                                       #
#                            D:\FCT_release\MasterMcu\IAR_project\Debug\Obj\ve #
#                            rsion.r43                                         #
#                            -o                                                #
#                            D:\FCT_release\MasterMcu\IAR_project\Debug\Exe\Sp #
#                            ump18_master.d43                                  #
#                            -l                                                #
#                            D:\FCT_release\MasterMcu\IAR_project\Debug\List\S #
#                            pump18_master.map                                 #
#                            -xesn                                             #
#                            "-IC:\Program Files\IAR Systems\Embedded Workbenc #
#                            h 7.0\430\LIB\"                                   #
#                            -f                                                #
#                            D:\FCT_release\MasterMcu\IAR_project\msp430fr5989 #
#                            .xcl                                              #
#                            (-D_STACK_SIZE=400 -D_DATA16_HEAP_SIZE=0          #
#                            -D_DATA20_HEAP_SIZE=0 -cmsp430 -QCODE_I=CODE_ID   #
#                            -QTLS16_I=TLS16_ID -D__iar_HWMUL=4C0              #
#                            -Z(CONST)INFO=1800-19FF                           #
#                            -Z(CONST)INFOA=1980-19FF                          #
#                            -Z(CONST)INFOB=1900-197F                          #
#                            -Z(CONST)INFOC=1880-18FF                          #
#                            -Z(CONST)INFOD=1800-187F                          #
#                            -Z(DATA)CSTACK+_STACK_SIZE=1C00-23FF              #
#                            -Z(DATA)DATA16_I,DATA16_Z,DATA16_N,TLS16_I=1C00-2 #
#                            3FF,C800-E7FF                                     #
#                            -Z(DATA)CODE_I                                    #
#                            -Z(DATA)DATA20_I,DATA20_Z,DATA20_N                #
#                            -Z(CONST)DATA16_P,DATA20_P=1C00-23FF,C800-E7FF    #
#                            -Z(DATA)DATA16_HEAP+_DATA16_HEAP_SIZE             #
#                            -Z(DATA)DATA20_HEAP+_DATA20_HEAP_SIZE             #
#                            -Z(CONST)MPU_B1                                   #
#                            -Z(CONST)DATA16_C,DATA16_ID,TLS16_ID,DIFUNCT,CHEC #
#                            KSUM=E800-FF7F,10000-23FFF                        #
#                            -Z(CONST)MPU_B2 -Z(CONST)IPE_B1=E800-FF7F         #
#                            -Z(CODE)IPECODE16 -Z(CONST)IPEDATA16_C,IPE_B2     #
#                            -Z(CODE)CSTART,ISR_CODE,CODE16=E800-FF7F          #
#                            -P(CODE)CODE=E800-FF7F,10000-23FFF                #
#                            -Z(CODE)CODE_PAD                                  #
#                            -Z(CONST)DATA20_C,DATA20_ID,CODE_ID=E800-FF7F,100 #
#                            00-23FFF                                          #
#                            -Z(CONST)SIGNATURE=FF80-FF8F                      #
#                            -Z(CODE)INTVEC=FF90-FFFF                          #
#                            -Z(CODE)RESET=FFFE-FFFF) -f                       #
#                            "C:\Program Files\IAR Systems\Embedded Workbench  #
#                            7.0\430\config\linker\multiplier32.xcl"           #
#                            (-e?Mul8Hw=?Mul8 -e?Mul16Hw=?Mul16                #
#                            -e?Mul16to32uHw=?Mul16to32u                       #
#                            -e?Mul16to32sHw=?Mul16to32s -e?Mul32Hw32=?Mul32   #
#                            -e?Mul64Hw32=_Mul64i                              #
#                            -e?Mul32u32uto64iHw32=_Mul32u32uto64i             #
#                            -e?Mul32fHw=_Mul32f -e_Mul64fHwPtr=_Mul64fPtr)    #
#                            -rt                                               #
#                            "C:\Program Files\IAR Systems\Embedded Workbench  #
#                            7.0\430\lib\dlib\dl430xllfn.r43"                  #
#                            -e_PrintfSmallNoMb=_Printf                        #
#                            -Omsp430_txt=D:\FCT_release\MasterMcu\IAR_project #
#                            \Debug\Exe\Spump18_master.txt                     #
#                            -s __program_start -D__iar_430_MPU_base=0x5A0     #
#                            -g?mpu2_init -D__iar_430_MPUCTL0_value=0x0011     #
#                            -D__iar_430_MPUSAM_value=0x3513                   #
#                                                                              #
#                           Copyright (C) 1987-2014 IAR Systems AB.            #
################################################################################





                ****************************************
                *                                      *
                *           CROSS REFERENCE            *
                *                                      *
                ****************************************

       Program entry at :           EC00  Relocatable, from module : ?cstart




                ****************************************
                *                                      *
                *            RUNTIME MODEL             *
                *                                      *
                ****************************************

  __Heap_Handler             = Basic
  __SystemLibrary            = DLib
  __code_model               = large
  __core                     = 430X
  __data_model               = large
  __dlib_file_descriptor     = 0
  __dlib_full_locale_support = 0
  __double_size              = 32
  __pic                      = no
  __reg_r4                   = free
  __reg_r5                   = free
  __rt_version               = 3

                ****************************************
                *                                      *
                *    AUTOMATIC SYMBOL REDIRECTIONS     *
                *                                      *
                ****************************************

                  There are no automatic symbol redirections.

                ****************************************
                *                                      *
                *              ENTRY LIST              *
                *                                      *
                ****************************************

Module  Entry                                   Address
------  -----                                   -------
?FILLER_BYTES
?ABS_ENTRY_MOD
        __iar_430_MPUSAM_value                   3513
        __iar_430_MPUCTL0_value                  0011
        __iar_430_MPU_base                       05A0
        __iar_HWMUL                              04C0
        _DATA20_HEAP_SIZE                        0000
        _DATA16_HEAP_SIZE                        0000
        _STACK_SIZE                              0400
AppComm ( D:\FCT_release\MasterMcu\IAR_project\Debug\Obj\AppComm.r43 )
        gg_last_cmd_return                       CC24
        g_curr_motor_current                     CC2E
        g_is_already_meet_hall                   D418
        AppCommOnSetCmdToHallRespond             00014EBC
        AppCommOnSetCmdSleepRespond              00014BE6
        AppCommOnSetCmdMotorRunRespond           00014C22
        AppCommOnSetCmdMotorStopRespond          00013B80
        AppCommOnSetCmdPowerUpRespond            00013C90
        AppCommOnCommTestRespond                 00014A28
        AppCommOnQueryMotorCurrentRespond        00014EE4
        AppCommOnQueryAdcRespond                 00014C5E
        AppCommHandleCmdReturn                   00010FE4
        g_comm_cmd_responds                      00014F6C
        g_comm_query_responds                    00014F90
AppCommon ( D:\FCT_release\MasterMcu\IAR_project\Debug\Obj\AppCommon.r43 )
        AppStartRun                              00014552
        AppStopRun                               00014EA8
        ExcuteSleep                              000144C8
        ExcuteHallLocationCal                    00014A90
AppDelivery ( D:\FCT_release\MasterMcu\IAR_project\Debug\Obj\AppDelivery.r43 )
        ConvertTimeToSecond                      0001335C
        DiffDateTimeInOneDay                     00012D86
AppEngineerMode ( D:\FCT_release\MasterMcu\IAR_project\Debug\Obj\AppEngineerMode.r43 )
        strchr                                   00014F44
        AppEngineerModeRepeatRun                 00014EC4
        AppEngineerModeOnReceiveByte             00012C8A
        AppEngineerModeInit                      000149BC
        g_app_engineer_receive_str               D419
        g_app_engineer_receive_index             CC30
        g_app_engineer_last_receive_str          D455
        g_app_engineer_is_enable_cmd             D491
        g_app_engineer_handlers_ptr              CC34
        AppEngineerModeHelp                      000138E2
        AppEngineerModeExit                      00014DF8
        AppEngineerModeRepeatLastCmd             00014AD8
        AppEngineerModeTime                      00013F8E
        AppEngineerModeEnableOutput              000135F2
        AppEngineerModeDisableOutput             0001364A
        AppEngineerModeReadData                  0001061C
        AppEngineerModeOutputSensor              000145D6
        AppEngineerModeCancelSleep               000149A0
        AppEngineerModeCalBattery                00013E5C
        AppEngineerModeTestWatchdog              00014F54
        AppEngineerModeFakeMotorPos              00014892
        AppEngineerModeStopWatchdog              00014C4A
        AppEngineerModeRun                       00014B20
        AppEngineerModeRunBack                   0001449A
        AppEngineerModeClearData                 000143E2
        AppEngineerModeFctTestCom                00014852
        AppEngineerModePowerupCause              00014B7A
        AppEngineerModeFCTContinueMode           00014A0E
        AppEngineerModeFCTMenuMode               00014A76
        AppEngineerModeFCTCase0                  00014E4C
        AppEngineerModeFCTCase1                  00014DE0
        AppEngineerModeFCTCase2                  00014DEC
        AppEngineerModeFCTCase3                  00014D8E
        AppEngineerModeFCTCase4                  00014E04
        AppEngineerModeFCTCase5                  00014D3A
        AppEngineerModeFCTCase6                  00014D48
        AppEngineerModeFCTCase7                  00014D56
        AppEngineerModeFCTCase8                  00014E40
        AppEngineerModeFCTCase9                  00014D64
        AppEngineerModeFCTCase10                 00014D72
        g_app_engineer_cmd_handlers              00014F9C
        AppEngineerModeParseParams               000136F8
        AppEngineerModeParseCmd                  000116E6
AppFCT ( D:\FCT_release\MasterMcu\IAR_project\Debug\Obj\AppFCT.r43 )
        _A_PAIN_L                                0200
        _A_PAOUT_L                               0202
        _A_PADIR_L                               0204
        _A_PASEL0_L                              020A
        _A_PASEL1_L                              020C
        _A_PBOUT_L                               0222
        _A_PCOUT_L                               0242
        g_display_string                         D492
        g_timer_timeout                          D4A6
        g_battery_voltage                        CC38
        g_battery_voltage_is_ready               D4A7
        g_motor_current_is_ready                 D4A8
        g_is_use_continue_mode                   CC1C
        g_is_get_mode_cmd                        D4A9
        g_case_num                               C800
        g_com_test_send_counter                  CC3A
        g_com_test_receive_counter               CC3E
        g_send_pulse_signal_status               CC1D
        g_pulse_signal_now                       D4AA
        g_pulse_signal_last                      D4AB
        GetTimerTimeOut                          00014F04
        WaitKeyPressed                           00014A42
        FCTLcdDisplay                            0001457E
        FCTLcdDisplayCenter                      0001490E
        BeepOneTime                              00014A5C
        FCTTestShowVersion                       00014228
        FCTTestShowSN                            000133C2
        FCTTestKey                               00012C0A
        FCTTestLcd                               000131B0
        FCTTestBuzzer                            0001328A
        FCTTestVibrator                          0001321E
        test_com                                 000132F6
        FCTTestCom                               000101AE
        test_send_pulse                          00012FE4
        ReadPulseSignalLevel                     00014CCC
        FCTTestPulse                             00010348
        FCTTestMotor                             00012116
        FCTTestHall                              00011212
        FCTTestEncoder                           00011A70
        FCTTestMotorCurrent                      00010B24
        FCTTestADC                               00010000
        FCTTestRTC                               000104D4
        FCTTestSleepCurrent                      0001353C
        FCTTestNormalCurrent                     00013AA8
        FCTTestBacklightOnCurrent                000136A2
        FCTTestMotorOnCurrent                    00013A14
        TestSpump                                00012EF4
        g_expect_circle                          CC42
        g_dose                                   D4AC
        g_delivery_counter                       D4AD
        start_delivery                           000126C0
        TestApump                                00011318
        FCTTestPrecision                         00012D0A
        FCTTestStart                             F890
        PAIN                                     0200
        PAIN_H                                   0201
        PAIN_L                                   0200
        PAOUT                                    0202
        PAOUT_H                                  0203
        PAOUT_L                                  0202
        PADIR                                    0204
        PADIR_H                                  0205
        PADIR_L                                  0204
        PASEL0                                   020A
        PASEL0_H                                 020B
        PASEL0_L                                 020A
        PASEL1                                   020C
        PASEL1_H                                 020D
        PASEL1_L                                 020C
        PBOUT                                    0222
        PBOUT_H                                  0223
        PBOUT_L                                  0222
        PCOUT                                    0242
        PCOUT_H                                  0243
        PCOUT_L                                  0242
        g_fct_case                               C802
Common ( D:\FCT_release\MasterMcu\IAR_project\Debug\Obj\Common.r43 )
        g_is_module_enable_output                D4AE
        g_module_names                           CC04
        CommonInit                               00014F60
        SetModuleOutput                          00014E8A
        SetModuleOutputByName                    00013484
        IsEnableOutput                           00014E9E
CtlAdc ( D:\FCT_release\MasterMcu\IAR_project\Debug\Obj\CtlAdc.r43 )
CtlComm ( D:\FCT_release\MasterMcu\IAR_project\Debug\Obj\CtlComm.r43 )
        CommOnRecvOneByteFromInternalCom         00011C28
        CommHandleNewReceiveData                 00013894
        CommSendBytes                            000146D2
        g_comm_internal_packet                   D4B4
        g_comm_receive_pos_at_internal_packet    CC46
CtlData ( D:\FCT_release\MasterMcu\IAR_project\Debug\Obj\CtlData.r43 )
        g_motor_cali_circle                      CC48
        g_cali_hal_to_end_len                    CC4C
        g_occl_cal_min                           CC4E
        g_occl_speed_cal_min                     CC50
        g_occl_cal_max                           CC52
        g_occl_speed_cal_max                     CC54
        g_battery_voltage_offset                 CC56
        g_hardware_ver                           CC58
        g_serial_number                          CC5C
        g_password_common                        CC60
        g_sys_para_infu_info                     CC62
        g_deliver_switch                         D4BE
        g_sys_para_thickness                     D4BF
        g_sys_para_max_inf_dose                  CF62
        g_sys_para_user_set_deli_power           D4C0
        g_is_mute_mode                           D4C1
        g_preset_dose_value                      CF64
        g_record_point                           CF66
        g_record_counter                         CF6E
        g_motor_position                         CF76
        g_deliver_start_motor_pos                CF7A
        g_deliver_is_running                     CF7E
        g_mcu_abnormal_reset_state               D4C2
        g_occlusion_alarm_is_set                 D4C3
        g_batt_number                            CF80
        g_delivery_state                         D4C4
        SaveOrLoadSysPara                        EFA2
        SaveSysPara                              00014F0C
        LoadSysPara                              00014EF4
        SortTheRecordData                        000130CE
        SaveRec                                  000128A6
        SaveRecEx                                FBD6
        SaveMotorPos                             00011D02
        GetThicknessValue                        00013AF0
        DoseToEncoder                            00012F6C
        VolumeToEncoder                          000141F4
        EncoderToVolume                          00014290
        g_motor_pos_manager                      CF82
CtlDelivery ( D:\FCT_release\MasterMcu\IAR_project\Debug\Obj\CtlDelivery.r43 )
        g_delivery_dest_encoder                  CF90
        g_delivery_deviation_encoder             CF94
        g_delivery_actural_encoder               CF98
        g_delivery_expect_encoder                CF9C
        CtlDeliveryStart                         00014602
CtlDisplay ( D:\FCT_release\MasterMcu\IAR_project\Debug\Obj\CtlDisplay.r43 )
        GetOffsetOfPage                          000117D0
        DisplayFlush                             00011F86
        DisplayFlushDirty                        00013598
        DisplayIsDirty                           00014ED4
        DisplaySetDirty                          00011DDC
        DisplayWriteData                         0001397C
        DrawLineColumn                           000121D8
        DisplayClearAll                          00014872
        DisplayGetXSize                          0001204E
        DisplayOneCharAtPos                      00010D96
        DisplayTextAtPos                         00013B38
        DisplayTextAtXCenter                     0001443E
        DisplayInit                              00014E58
        g_display_cache                          D4C5
        g_display_dirty_rect                     CFA0
        g_display_is_dirty                       D6C5
        g_display_font_lib                       CFA8
CtlEvent ( D:\FCT_release\MasterMcu\IAR_project\Debug\Obj\CtlEvent.r43 )
        CtlEventGet                              0001256A
        CtlEventHandle                           00014384
        CtlEventHandleAll                        00014744
        CtlEventPost                             00012352
        CtlEventBindHandle                       00014E34
        CtlEventIsEmpty                          00014984
        g_event_queue                            CFAC
        g_event_queue_begin_index                D0D8
        g_event_queue_end_index                  D0DC
        g_event_handle_fun_arr                   D0E0
CtlInterrupt ( D:\FCT_release\MasterMcu\IAR_project\Debug\Obj\CtlInterrupt.r43 )
        InterruptCtlInit                         00014F68
CtlKey ( D:\FCT_release\MasterMcu\IAR_project\Debug\Obj\CtlKey.r43 )
        g_key_handles                            D164
        g_combination_key_handles                D194
        g_combination_key_is_pressed             D6C6
        g_combination_key_map                    00017657
        g_key_monitor_funs                       D1A4
        g_key_is_block_when_one_key_pressed      D6C7
        g_key_current_handle_key                 D6CA
        g_key_current_valid_pressed_key          CC1E
        CtlKeyScan                               00014F5C
        CtlKeyInit                               00014658
        CtlKeyIsPressed                          000141BE
        CtlKeyPressedCounter                     000140E0
        CtlKeyHandle                             000124BC
        CtlKeyCombinationHandle                  00013E1E
        CtlKeyPressHandle                        00011992
        CtlKeyReleaseHandle                      00012B82
        CtlKeyHoldHandle                         00014BFA
        CtlKeyHold2sHandle                       00014B64
CtlMotor ( D:\FCT_release\MasterMcu\IAR_project\Debug\Obj\CtlMotor.r43 )
        g_motor_running_dir                      CC1F
        g_motor_state                            CC20
        g_motor_need_to_state                    CC21
        g_motor_is_allow_stop_by_other_cpu       D6CB
        g_motor_stop_cause                       D6CC
        g_motor_stop_cause_of_alarm              D1B0
        CtlMotorPrintStopInfor                   000110FE
        CtlMotorCheckEncoderStop                 00011B4C
        CtlMotorStart                            00012296
        CtlMotorStopInternal                     00012408
        CtlMotorStopEx                           00014CFC
        CtlMotorIsRunning                        00014D0C
        CtlMotorIsStoping                        00014BD2
        CtlMotorInit                             00014DD4
        PBOUT                                    0222
        PBOUT_H                                  0223
        PBOUT_L                                  0222
        g_motor_last_encoder                     D1B2
        g_motor_first_stop_encoder               D1B6
        g_motor_stoping_time                     D1BA
CtlPower ( D:\FCT_release\MasterMcu\IAR_project\Debug\Obj\CtlPower.r43 )
        CtlPwrInitial                            00014F58
CtlSpiComm ( D:\FCT_release\MasterMcu\IAR_project\Debug\Obj\CtlSpiComm.r43 )
        SpiCommInit                              00014F62
        crc16                                    000139C8
        SendSpiCommandToSlave                    00014F22
        SendSpiCommandToSlaveEx                  0001305A
CtlTime ( D:\FCT_release\MasterMcu\IAR_project\Debug\Obj\CtlTime.r43 )
        g_time_is_tick_handled                   D6CD
        CtlTimeOnOneTick                         00014150
        CtlTimeElapse                            00013ED8
        CtlTimeSincePowerOn                      00014D80
        CtlTimeIsTickHandled                     00014F14
        CtlTimeSetTickHandled                    00014ECC
CtlTimer ( D:\FCT_release\MasterMcu\IAR_project\Debug\Obj\CtlTimer.r43 )
        CtlTimerBindHandle                       00014038
        CtlTimerSet                              00011EB4
        CtlTimerSetRepeat                        00014354
        CtlTimerClear                            00014188
        CtlTimerIsExist                          0001425C
        CtlTimerClearAll                         00012E02
        CtlTimerHandle                           00010C5E
        g_timer_mgr                              D1BE
DrvBeep ( D:\FCT_release\MasterMcu\IAR_project\Debug\Obj\DrvBeep.r43 )
        DrvBuzzSetState                          00014CEC
        DrvVibMotorSetState                      00014D1C
        PBOUT                                    0222
        PBOUT_H                                  0223
        PBOUT_L                                  0222
DrvClk ( D:\FCT_release\MasterMcu\IAR_project\Debug\Obj\DrvClk.r43 )
        _A_CSCTL0_L                              0160
        _A_CSCTL1_L                              0162
        _A_CSCTL2_L                              0164
        _A_CSCTL3_L                              0166
        _A_CSCTL4_L                              0168
        _A_CSCTL5_L                              016A
        _A_CSCTL6_L                              016C
        ClockInit                                00014524
        CSCTL0                                   0160
        CSCTL0_H                                 0161
        CSCTL0_L                                 0160
        CSCTL1                                   0162
        CSCTL1_H                                 0163
        CSCTL1_L                                 0162
        CSCTL2                                   0164
        CSCTL2_H                                 0165
        CSCTL2_L                                 0164
        CSCTL3                                   0166
        CSCTL3_H                                 0167
        CSCTL3_L                                 0166
        CSCTL4                                   0168
        CSCTL4_H                                 0169
        CSCTL4_L                                 0168
        CSCTL5                                   016A
        CSCTL5_H                                 016B
        CSCTL5_L                                 016A
        CSCTL6                                   016C
        CSCTL6_H                                 016D
        CSCTL6_L                                 016C
DrvEncoder ( D:\FCT_release\MasterMcu\IAR_project\Debug\Obj\DrvEncoder.r43 )
        _A_PAIE_L                                021A
        _A_PAIFG_L                               021C
        TA0CTL                                   0340
        TA0CCTL1                                 0344
        TA0CCR1                                  0354
        TA0IV                                    036E
        g_encoder_counter                        D3AE
        g_encoder_expect_counter                 D3B2
        g_encoder_is_monitor                     D6D0
        g_encoder_need_stop_flag                 D6D1
        g_encoder_hz_counter                     D3B6
        g_encoder_cap_start                      D3B8
        g_encoder_cap_end                        D3BA
        g_encoder_cap_period                     D3BC
        g_encoder_Hz_done                        D6D2
        g_encoder_carry_cntr                     D6D3
        g_encoder_hz                             D3C0
        g_encoder_hz_result                      D3C4
        g_encoder_is_hz_result_ready             D6D4
        DrvEncoderInitial                        000149F4
        DrvEncoderEnable                         000137A0
        DrvEncoderDisable                        00014AA8
        DrvEncoderDisableMotorPosMonitorOnce     00014EDC
        DrvPortClearWakeupFlag                   00014EEC
        Port1Isr                                 EC3C
        Timer0_A1_ISR                            EC60
        Port1Isr::??INTVEC 74                    FFDA
        Timer0_A1_ISR::??INTVEC 86               FFE6
        PADIR                                    0204
        PADIR_H                                  0205
        PADIR_L                                  0204
        PASEL0                                   020A
        PASEL0_H                                 020B
        PASEL0_L                                 020A
        PASEL1                                   020C
        PASEL1_H                                 020D
        PASEL1_L                                 020C
        PAIE                                     021A
        PAIE_H                                   021B
        PAIE_L                                   021A
        PAIFG                                    021C
        PAIFG_H                                  021D
        PAIFG_L                                  021C
        PBOUT                                    0222
        PBOUT_H                                  0223
        PBOUT_L                                  0222
        g_port_wakeup_flag                       D6CE
        g_encoder_is_disable_monitor_motor_pos   D6CF
DrvFram ( D:\FCT_release\MasterMcu\IAR_project\Debug\Obj\DrvFram.r43 )
        FramReadData                             000148D2
        FramWriteData                            000148F0
DrvKey ( D:\FCT_release\MasterMcu\IAR_project\Debug\Obj\DrvKey.r43 )
        g_key_hold_time                          D3C6
        DrvKeyInitial                            00014118
        DrvKeyGetState                           00010EC2
        DrvKeyPostClearState                     00013FC8
        PAIN                                     0200
        PAIN_H                                   0201
        PAIN_L                                   0200
        g_key_pre_status                         D6D5
        g_key_status                             D6D8
        g_key_status_changed                     D6DB
        g_key_count                              D6DE
        DrvKeyGetValue                           00013DDE
DrvLcd ( D:\FCT_release\MasterMcu\IAR_project\Debug\Obj\DrvLcd.r43 )
        _A_PEOUT_L                               0282
        g_back_light_status                      CC22
        DrvLcdInit                               00012E7C
        DrvLcdClr                                000134E0
        DrvLcdSetPos                             00013930
        DrvLcdWriteByte                          00013CD4
        DrvLcdSetBackLight                       00014BBC
        DrvLcdLowPower                           00014682
        PAOUT                                    0202
        PAOUT_H                                  0203
        PAOUT_L                                  0202
        PBOUT                                    0222
        PBOUT_H                                  0223
        PBOUT_L                                  0222
        PEOUT                                    0282
        PEOUT_H                                  0283
        PEOUT_L                                  0282
DrvPort ( D:\FCT_release\MasterMcu\IAR_project\Debug\Obj\DrvPort.r43 )
        _A_PAIES_L                               0218
        _A_PBDIR_L                               0224
        _A_PBSEL0_L                              022A
        _A_PBSEL1_L                              022C
        _A_PBSELC_L                              0236
        _A_PBIE_L                                023A
        _A_PCDIR_L                               0244
        _A_PCSEL0_L                              024A
        _A_PCSEL1_L                              024C
        _A_PCSELC_L                              0256
        _A_PEDIR_L                               0284
        _A_PESEL0_L                              028A
        _A_PESEL1_L                              028C
        _A_PESELC_L                              0296
        _A_PJDIR_L                               0324
        _A_PJSEL0_L                              032A
        _A_PJSEL1_L                              032C
        _A_PJSELC_L                              0336
        PortInit                                 00012768
        PAOUT                                    0202
        PAOUT_H                                  0203
        PAOUT_L                                  0202
        PADIR                                    0204
        PADIR_H                                  0205
        PADIR_L                                  0204
        PASEL0                                   020A
        PASEL0_H                                 020B
        PASEL0_L                                 020A
        PASEL1                                   020C
        PASEL1_H                                 020D
        PASEL1_L                                 020C
        PAIES                                    0218
        PAIES_H                                  0219
        PAIES_L                                  0218
        PAIE                                     021A
        PAIE_H                                   021B
        PAIE_L                                   021A
        PBOUT                                    0222
        PBOUT_H                                  0223
        PBOUT_L                                  0222
        PBDIR                                    0224
        PBDIR_H                                  0225
        PBDIR_L                                  0224
        PBSEL0                                   022A
        PBSEL0_H                                 022B
        PBSEL0_L                                 022A
        PBSEL1                                   022C
        PBSEL1_H                                 022D
        PBSEL1_L                                 022C
        PBSELC                                   0236
        PBSELC_H                                 0237
        PBSELC_L                                 0236
        PBIE                                     023A
        PBIE_H                                   023B
        PBIE_L                                   023A
        PCDIR                                    0244
        PCDIR_H                                  0245
        PCDIR_L                                  0244
        PCSEL0                                   024A
        PCSEL0_H                                 024B
        PCSEL0_L                                 024A
        PCSEL1                                   024C
        PCSEL1_H                                 024D
        PCSEL1_L                                 024C
        PCSELC                                   0256
        PCSELC_H                                 0257
        PCSELC_L                                 0256
        PEDIR                                    0284
        PEDIR_H                                  0285
        PEDIR_L                                  0284
        PESEL0                                   028A
        PESEL0_H                                 028B
        PESEL0_L                                 028A
        PESEL1                                   028C
        PESEL1_H                                 028D
        PESEL1_L                                 028C
        PESELC                                   0296
        PESELC_H                                 0297
        PESELC_L                                 0296
        PJDIR                                    0324
        PJDIR_H                                  0325
        PJDIR_L                                  0324
        PJSEL0                                   032A
        PJSEL0_H                                 032B
        PJSEL0_L                                 032A
        PJSEL1                                   032C
        PJSEL1_H                                 032D
        PJSEL1_L                                 032C
        PJSELC                                   0336
        PJSELC_H                                 0337
        PJSELC_L                                 0336
DrvPower ( D:\FCT_release\MasterMcu\IAR_project\Debug\Obj\DrvPower.r43 )
        _A_PM5CTL0_L                             0130
        _A_PJOUT_L                               0322
        _A_UCA0IE_L                              05DA
        _A_UCA1IE_L                              05FA
        DrvInitPowerControl                      00014F1C
        DrvMCULowPower                           00014EFC
        DrvPortLowPower                          000129DA
        DrvBeepDisable                           00014F2E
        DrvVibDisable                            00014F34
        DrvRPIDisable                            00014F3A
        DrvPowerEnterLowMode                     00014070
        DrvPowerExitLowMode                      00014E6C
        PM5CTL0                                  0130
        PM5CTL0_H                                0131
        PM5CTL0_L                                0130
        PAOUT                                    0202
        PAOUT_H                                  0203
        PAOUT_L                                  0202
        PADIR                                    0204
        PADIR_H                                  0205
        PADIR_L                                  0204
        PASEL0                                   020A
        PASEL0_H                                 020B
        PASEL0_L                                 020A
        PASEL1                                   020C
        PASEL1_H                                 020D
        PASEL1_L                                 020C
        PAIES                                    0218
        PAIES_H                                  0219
        PAIES_L                                  0218
        PAIE                                     021A
        PAIE_H                                   021B
        PAIE_L                                   021A
        PAIFG                                    021C
        PAIFG_H                                  021D
        PAIFG_L                                  021C
        PBOUT                                    0222
        PBOUT_H                                  0223
        PBOUT_L                                  0222
        PBDIR                                    0224
        PBDIR_H                                  0225
        PBDIR_L                                  0224
        PBSEL0                                   022A
        PBSEL0_H                                 022B
        PBSEL0_L                                 022A
        PBSEL1                                   022C
        PBSEL1_H                                 022D
        PBSEL1_L                                 022C
        PCOUT                                    0242
        PCOUT_H                                  0243
        PCOUT_L                                  0242
        PCDIR                                    0244
        PCDIR_H                                  0245
        PCDIR_L                                  0244
        PCSEL0                                   024A
        PCSEL0_H                                 024B
        PCSEL0_L                                 024A
        PCSEL1                                   024C
        PCSEL1_H                                 024D
        PCSEL1_L                                 024C
        PEOUT                                    0282
        PEOUT_H                                  0283
        PEOUT_L                                  0282
        PEDIR                                    0284
        PEDIR_H                                  0285
        PEDIR_L                                  0284
        PESEL0                                   028A
        PESEL0_H                                 028B
        PESEL0_L                                 028A
        PESEL1                                   028C
        PESEL1_H                                 028D
        PESEL1_L                                 028C
        PJOUT                                    0322
        PJOUT_H                                  0323
        PJOUT_L                                  0322
        PJDIR                                    0324
        PJDIR_H                                  0325
        PJDIR_L                                  0324
        PJSEL0                                   032A
        PJSEL0_H                                 032B
        PJSEL0_L                                 032A
        PJSEL1                                   032C
        PJSEL1_H                                 032D
        PJSEL1_L                                 032C
        UCA0IE                                   05DA
        UCA0IE_H                                 05DB
        UCA0IE_L                                 05DA
        UCA1IE                                   05FA
        UCA1IE_H                                 05FB
        UCA1IE_L                                 05FA
DrvRtc ( D:\FCT_release\MasterMcu\IAR_project\Debug\Obj\DrvRtc.r43 )
        _A_PCIN_L                                0240
        g_current_time                           D3CC
        delay                                    00014DC6
        Write1Byte                               00013C08
        Read1Byte                                FF3E
        WData                                    000146AA
        BurstWrite1302                           000137F4
        BurstRead1302                            00013F52
        Ds1302TimeRead                           0001150C
        PCIN                                     0240
        PCIN_H                                   0241
        PCIN_L                                   0240
        PCOUT                                    0242
        PCOUT_H                                  0243
        PCOUT_L                                  0242
        PCDIR                                    0244
        PCDIR_H                                  0245
        PCDIR_L                                  0244
        ConvertBcdToDec                          000143B4
DrvSpi ( D:\FCT_release\MasterMcu\IAR_project\Debug\Obj\DrvSpi.r43 )
        _A_UCB0CTLW0_L                           0640
        _A_UCB0BRW_L                             0646
        _A_UCB0STATW_L                           0648
        _A_UCB0RXBUF_L                           064C
        _A_UCB0TXBUF_L                           064E
        _A_UCB0IE_L                              066A
        _A_UCB0IFG_L                             066C
        UCB0IV                                   066E
        g_rx_data                                D6E1
        USCI_B0_ISR                              EE22
        USCI_B0_ISR::??INTVEC 92                 FFEC
        PASEL0                                   020A
        PASEL0_H                                 020B
        PASEL0_L                                 020A
        PASEL1                                   020C
        PASEL1_H                                 020D
        PASEL1_L                                 020C
        UCB0CTLW0                                0640
        UCB0CTLW0_H                              0641
        UCB0CTLW0_L                              0640
        UCB0BRW                                  0646
        UCB0BRW_H                                0647
        UCB0BRW_L                                0646
        UCB0STATW                                0648
        UCB0STATW_H                              0649
        UCB0STATW_L                              0648
        UCB0RXBUF                                064C
        UCB0RXBUF_H                              064D
        UCB0RXBUF_L                              064C
        UCB0TXBUF                                064E
        UCB0TXBUF_H                              064F
        UCB0TXBUF_L                              064E
        UCB0IE                                   066A
        UCB0IE_H                                 066B
        UCB0IE_L                                 066A
        UCB0IFG                                  066C
        UCB0IFG_H                                066D
        UCB0IFG_L                                066C
        USCI_B0_ISR::i                           D6E9
DrvTimer ( D:\FCT_release\MasterMcu\IAR_project\Debug\Obj\DrvTimer.r43 )
        TA0CCTL0                                 0342
        TA0CCR0                                  0352
        TA1CTL                                   0380
        TA1CCTL0                                 0382
        TA1R                                     0390
        TA1CCR0                                  0392
        TA2CTL                                   0400
        TA2CCTL0                                 0402
        TA2CCR0                                  0412
        TA3CTL                                   0440
        TA3CCTL0                                 0442
        TA3CCR0                                  0452
        TB0CTL                                   03C0
        TB0CCTL0                                 03C2
        TB0CCR0                                  03D2
        g_time_ms_elapse                         D3E8
        g_timer_pass_count                       D3EC
        g_timer_next_check_rtc_count             D3F0
        g_auto_wakeup_timer_ms                   D3F4
        g_auto_wakeup_time                       D3F8
        DrvTimerInitial                          000142C2
        DrvTimerCheckAndSetAutoWakeupTimer       0001141A
        DrvTimerEnable                           000115FC
        DrvTimerDisable                          00013140
        TimerA0Isr                               EE5C
        TimerA1Isr                               EE64
        TimerA2Isr                               EED0
        TimerA3Isr                               EEE4
        TimerB0Isr                               EEF8
        TimerA3Isr::??INTVEC 66                  FFD2
        TimerA2Isr::??INTVEC 72                  FFD8
        TimerA1Isr::??INTVEC 78                  FFDE
        TimerA0Isr::??INTVEC 88                  FFE8
        TimerB0Isr::??INTVEC 102                 FFF6
DrvUart ( D:\FCT_release\MasterMcu\IAR_project\Debug\Obj\DrvUart.r43 )
        _A_UCA0CTLW0_L                           05C0
        _A_UCA0BRW_L                             05C6
        _A_UCA0MCTLW_L                           05C8
        _A_UCA0RXBUF_L                           05CC
        _A_UCA0TXBUF_L                           05CE
        _A_UCA0IFG_L                             05DC
        UCA0IV                                   05DE
        _A_UCA1CTLW0_L                           05E0
        _A_UCA1BRW_L                             05E6
        _A_UCA1MCTLW_L                           05E8
        _A_UCA1RXBUF_L                           05EC
        _A_UCA1TXBUF_L                           05EE
        _A_UCA1IFG_L                             05FC
        UCA1IV                                   05FE
        DrvUart0Init                             00014410
        DrvUart1Init                             000144F6
        Uart0SendByte                            00014DAA
        Uart0SendData                            000148B2
        Uart1SendByte                            00014DB8
        Uart1SendData                            000147F2
        UartOnReceiveNewByte                     00012616
        UartReceivedBufferSize                   00013BC4
        UartReceiveByte                          00012A70
        UartGetNewDataFlag                       00014B38
        UartClearNewDataFlag                     00014B4E
        USCI_A0_ISR                              EF0A
        USCI_A1_ISR                              EF30
        __write                                  00013D5C
        USCI_A1_ISR::??INTVEC 84                 FFE4
        USCI_A0_ISR::??INTVEC 94                 FFEE
        PASEL0                                   020A
        PASEL0_H                                 020B
        PASEL0_L                                 020A
        PASEL1                                   020C
        PASEL1_H                                 020D
        PASEL1_L                                 020C
        PBSEL0                                   022A
        PBSEL0_H                                 022B
        PBSEL0_L                                 022A
        PBSEL1                                   022C
        PBSEL1_H                                 022D
        PBSEL1_L                                 022C
        UCA0CTLW0                                05C0
        UCA0CTLW0_H                              05C1
        UCA0CTLW0_L                              05C0
        UCA0BRW                                  05C6
        UCA0BRW_H                                05C7
        UCA0BRW_L                                05C6
        UCA0MCTLW                                05C8
        UCA0MCTLW_H                              05C9
        UCA0MCTLW_L                              05C8
        UCA0RXBUF                                05CC
        UCA0RXBUF_H                              05CD
        UCA0RXBUF_L                              05CC
        UCA0TXBUF                                05CE
        UCA0TXBUF_H                              05CF
        UCA0TXBUF_L                              05CE
        UCA0IE                                   05DA
        UCA0IE_H                                 05DB
        UCA0IE_L                                 05DA
        UCA0IFG                                  05DC
        UCA0IFG_H                                05DD
        UCA0IFG_L                                05DC
        UCA1CTLW0                                05E0
        UCA1CTLW0_H                              05E1
        UCA1CTLW0_L                              05E0
        UCA1BRW                                  05E6
        UCA1BRW_H                                05E7
        UCA1BRW_L                                05E6
        UCA1MCTLW                                05E8
        UCA1MCTLW_H                              05E9
        UCA1MCTLW_L                              05E8
        UCA1RXBUF                                05EC
        UCA1RXBUF_H                              05ED
        UCA1RXBUF_L                              05EC
        UCA1TXBUF                                05EE
        UCA1TXBUF_H                              05EF
        UCA1TXBUF_L                              05EE
        UCA1IE                                   05FA
        UCA1IE_H                                 05FB
        UCA1IE_L                                 05FA
        UCA1IFG                                  05FC
        UCA1IFG_H                                05FD
        UCA1IFG_L                                05FC
        g_uart_rx_buff                           D6EA
Fonts ( D:\FCT_release\MasterMcu\IAR_project\Debug\Obj\Fonts.r43 )
        nAsciiDot                                0001793E
        g_AsciiDot_code                          00017F4A
        gg_ASCII_font                            0001639C
        FontFindCharIndex                        00013F16
        FontFindCharPos                          00013D9E
        FontGetCharInfo                          00012AFA
Init ( D:\FCT_release\MasterMcu\IAR_project\Debug\Obj\Init.r43 )
        InitDriver                               0001462E
        InitKernel                               00014B08
        InitApp                                  00014F40
        SysInit                                  000147D0
        InitDataIfNotInit                        00012944
        TestLcd                                  00013A5E
        Initial                                  00014E10
main ( D:\FCT_release\MasterMcu\IAR_project\Debug\Obj\main.r43 )
        _A_SYSSNIV_L                             019C
        _A_SYSRSTIV_L                            019E
        _A_WDTCTL_L                              015C
        g_power_up_cause                         D414
        __low_level_init                         00014E76
        main                                     000118B4
        SYSNMI_ISR                               EF56
        SYSNMI_ISR::??INTVEC 108                 FFFC
        PM5CTL0                                  0130
        PM5CTL0_H                                0131
        PM5CTL0_L                                0130
        PAOUT                                    0202
        PAOUT_H                                  0203
        PAOUT_L                                  0202
        SYSSNIV                                  019C
        SYSSNIV_H                                019D
        SYSSNIV_L                                019C
        SYSRSTIV                                 019E
        SYSRSTIV_H                               019F
        SYSRSTIV_L                               019E
        WDTCTL                                   015C
        WDTCTL_H                                 015D
        WDTCTL_L                                 015C
test_comm ( D:\FCT_release\MasterMcu\IAR_project\Debug\Obj\test_comm.r43 )
test_display ( D:\FCT_release\MasterMcu\IAR_project\Debug\Obj\test_display.r43 )
test_low_power ( D:\FCT_release\MasterMcu\IAR_project\Debug\Obj\test_low_power.r43 )
test_timer ( D:\FCT_release\MasterMcu\IAR_project\Debug\Obj\test_timer.r43 )
unit_test ( D:\FCT_release\MasterMcu\IAR_project\Debug\Obj\unit_test.r43 )
version ( D:\FCT_release\MasterMcu\IAR_project\Debug\Obj\version.r43 )
?abort ( C:\Program Files\IAR Systems\Embedded Workbench 7.0\430\lib\dlib\dl430xllfn.r43 )
        abort                                    00014CBC
?__dbg_break ( C:\Program Files\IAR Systems\Embedded Workbench 7.0\430\lib\dlib\dl430xllfn.r43 )
        __DebugBreak                             00014F64
?_ReportAssert ( C:\Program Files\IAR Systems\Embedded Workbench 7.0\430\lib\dlib\dl430xllfn.r43 )
        __iar_ReportAssert                       000145AA
?__exit ( C:\Program Files\IAR Systems\Embedded Workbench 7.0\430\lib\dlib\dl430xllfn.r43 )
        __exit                                   00014BA6
?atoi ( C:\Program Files\IAR Systems\Embedded Workbench 7.0\430\lib\dlib\dl430xllfn.r43 )
        atoi                                     00014EB2
?_exit ( C:\Program Files\IAR Systems\Embedded Workbench 7.0\430\lib\dlib\dl430xllfn.r43 )
        _exit                                    00014F48
?cppinit ( C:\Program Files\IAR Systems\Embedded Workbench 7.0\430\lib\dlib\dl430xllfn.r43 )
?cstart ( C:\Program Files\IAR Systems\Embedded Workbench 7.0\430\lib\dlib\dl430xllfn.r43 )
        __program_start                          EC00
        ?cstart_begin                            EC00
        ?cstart_call_mpu_init                    EC04
        ?cstart_call_low_level_init              EC08
        ?cstart_init_zero20                      EC10
        ?cstart_init_copy20                      EC20
        ?cstart_call_main                        EC34
        ?cstart_end                              EC3C
?reset_vector ( C:\Program Files\IAR Systems\Embedded Workbench 7.0\430\lib\dlib\dl430xllfn.r43 )
        ?reset_vector                            FFFE
?errno ( C:\Program Files\IAR Systems\Embedded Workbench 7.0\430\lib\dlib\dl430xllfn.r43 )
        __iar_Errno                              D416
?exit ( C:\Program Files\IAR Systems\Embedded Workbench 7.0\430\lib\dlib\dl430xllfn.r43 )
        exit                                     00014F4C
?Mul32fHw ( C:\Program Files\IAR Systems\Embedded Workbench 7.0\430\lib\dlib\dl430xllfn.r43 )
        ?Mul32fHw                                000109E6
?Cast32f32i ( C:\Program Files\IAR Systems\Embedded Workbench 7.0\430\lib\dlib\dl430xllfn.r43 )
        _Cast32sto32f                            00012808
        _Cast32uto32f                            0001281E
_Cast32fto32u ( C:\Program Files\IAR Systems\Embedded Workbench 7.0\430\lib\dlib\dl430xllfn.r43 )
        _Cast32fto32u                            00014E1C
?FLT_Extract ( C:\Program Files\IAR Systems\Embedded Workbench 7.0\430\lib\dlib\dl430xllfn.r43 )
        ?FLT_Extract                             0001374C
_Div32f ( C:\Program Files\IAR Systems\Embedded Workbench 7.0\430\lib\dlib\dl430xllfn.r43 )
        _Div32f                                  000108A6
_Add32f ( C:\Program Files\IAR Systems\Embedded Workbench 7.0\430\lib\dlib\dl430xllfn.r43 )
?malloc ( C:\Program Files\IAR Systems\Embedded Workbench 7.0\430\lib\dlib\dl430xllfn.r43 )
?DivMod816u ( C:\Program Files\IAR Systems\Embedded Workbench 7.0\430\lib\dlib\dl430xllfn.r43 )
        ?DivMod8u                                000149D8
        ?DivMod16u                               000149DC
?DivMod816s ( C:\Program Files\IAR Systems\Embedded Workbench 7.0\430\lib\dlib\dl430xllfn.r43 )
        ?DivMod8s                                000140A8
        ?DivMod16s                               000140AC
?DivMod32u ( C:\Program Files\IAR Systems\Embedded Workbench 7.0\430\lib\dlib\dl430xllfn.r43 )
        ?DivMod32u                               00013D18
?DivMod32s ( C:\Program Files\IAR Systems\Embedded Workbench 7.0\430\lib\dlib\dl430xllfn.r43 )
        ?DivMod32s                               00013C4C
?ShiftLeft32 ( C:\Program Files\IAR Systems\Embedded Workbench 7.0\430\lib\dlib\dl430xllfn.r43 )
?ShiftLeft32_8n ( C:\Program Files\IAR Systems\Embedded Workbench 7.0\430\lib\dlib\dl430xllfn.r43 )
?memchr ( C:\Program Files\IAR Systems\Embedded Workbench 7.0\430\lib\dlib\dl430xllfn.r43 )
        __iar_Memchr                             000147AE
?memcmp ( C:\Program Files\IAR Systems\Embedded Workbench 7.0\430\lib\dlib\dl430xllfn.r43 )
        memcmp                                   000142F4
?memcpy ( C:\Program Files\IAR Systems\Embedded Workbench 7.0\430\lib\dlib\dl430xllfn.r43 )
        memcpy                                   0001492C
?memmove ( C:\Program Files\IAR Systems\Embedded Workbench 7.0\430\lib\dlib\dl430xllfn.r43 )
?CopyMemoryBytes ( C:\Program Files\IAR Systems\Embedded Workbench 7.0\430\lib\dlib\dl430xllfn.r43 )
        ?CopyMemoryBytes                         00014C0E
?CopyMemoryWords20 ( C:\Program Files\IAR Systems\Embedded Workbench 7.0\430\lib\dlib\dl430xllfn.r43 )
        ?CopyMemoryWords20                       00014B90
?memset ( C:\Program Files\IAR Systems\Embedded Workbench 7.0\430\lib\dlib\dl430xllfn.r43 )
        memset                                   0001494A
?memzero ( C:\Program Files\IAR Systems\Embedded Workbench 7.0\430\lib\dlib\dl430xllfn.r43 )
        __data20_memzero                         00014AF0
        __data20_memcpy                          00014F50
?MpuInit ( C:\Program Files\IAR Systems\Embedded Workbench 7.0\430\lib\dlib\dl430xllfn.r43 )
        __iar_430_mpu_init                       00014832
        ?mpu2_init                               00014832
?Mul32Hw32 ( C:\Program Files\IAR Systems\Embedded Workbench 7.0\430\lib\dlib\dl430xllfn.r43 )
        ?Mul32Hw32                               00014720
?printf ( C:\Program Files\IAR Systems\Embedded Workbench 7.0\430\lib\dlib\dl430xllfn.r43 )
        printf                                   00014968
?putchar ( C:\Program Files\IAR Systems\Embedded Workbench 7.0\430\lib\dlib\dl430xllfn.r43 )
        putchar                                  0001446C
?puts ( C:\Program Files\IAR Systems\Embedded Workbench 7.0\430\lib\dlib\dl430xllfn.r43 )
        puts                                     00013E9A
?setjmp ( C:\Program Files\IAR Systems\Embedded Workbench 7.0\430\lib\dlib\dl430xllfn.r43 )
?longjmp ( C:\Program Files\IAR Systems\Embedded Workbench 7.0\430\lib\dlib\dl430xllfn.r43 )
?sprintf ( C:\Program Files\IAR Systems\Embedded Workbench 7.0\430\lib\dlib\dl430xllfn.r43 )
        sprintf                                  00014000
?strchr ( C:\Program Files\IAR Systems\Embedded Workbench 7.0\430\lib\dlib\dl430xllfn.r43 )
        __iar_Strchr                             00014CDC
?strcmp ( C:\Program Files\IAR Systems\Embedded Workbench 7.0\430\lib\dlib\dl430xllfn.r43 )
        strcmp                                   0001478C
?strcpy ( C:\Program Files\IAR Systems\Embedded Workbench 7.0\430\lib\dlib\dl430xllfn.r43 )
        strcpy                                   00014CAA
?strlen ( C:\Program Files\IAR Systems\Embedded Workbench 7.0\430\lib\dlib\dl430xllfn.r43 )
        strlen                                   00014812
?xassert ( C:\Program Files\IAR Systems\Embedded Workbench 7.0\430\lib\dlib\dl430xllfn.r43 )
        __iar_EmptyStepPoint                     00014F66
        __aeabi_assert                           00013844
?xcloseall ( C:\Program Files\IAR Systems\Embedded Workbench 7.0\430\lib\dlib\dl430xllfn.r43 )
?xgetmemchunk ( C:\Program Files\IAR Systems\Embedded Workbench 7.0\430\lib\dlib\dl430xllfn.r43 )
?xprintfsmall_nomb ( C:\Program Files\IAR Systems\Embedded Workbench 7.0\430\lib\dlib\dl430xllfn.r43 )
        _PrintfSmallNoMb                         F4E2
        LoadInt                                  00013426
        pad                                      00014324
        _LitobSmallNoMb                          00010764
        _PutcharSmallNoMb                        00014768
        _PutcharsSmallNoMb                       000146FA
?xprout ( C:\Program Files\IAR Systems\Embedded Workbench 7.0\430\lib\dlib\dl430xllfn.r43 )
        _Prout                                   00014AC0
?xsprout ( C:\Program Files\IAR Systems\Embedded Workbench 7.0\430\lib\dlib\dl430xllfn.r43 )
        _SProut                                  00014C86
?xstoul ( C:\Program Files\IAR Systems\Embedded Workbench 7.0\430\lib\dlib\dl430xllfn.r43 )
        __iar_Stoulx                             FD8C
        __iar_Stoul                              00014F28
?xxmemxfree ( C:\Program Files\IAR Systems\Embedded Workbench 7.0\430\lib\dlib\dl430xllfn.r43 )
?xxmemxmalloc ( C:\Program Files\IAR Systems\Embedded Workbench 7.0\430\lib\dlib\dl430xllfn.r43 )


                ****************************************
                *                                      *
                *            MODULE SUMMARY            *
                *                                      *
                ****************************************

Module                CODE      DATA       CONST
------                ----      ----       -----
                     (Rel)  (Rel)  (Abs)   (Rel)
?Cast32f32i            158
?CopyMemoryBytes        20
?CopyMemoryWords20      22
?DivMod32s              68
?DivMod32u              68
?DivMod816s             56
?DivMod816u             28
?FLT_Extract            84
?MpuInit                34
?Mul32Hw32              36
?Mul32fHw              318
?_ReportAssert          44
?__dbg_break             2
?__exit                 22
?_exit                   4
?abort                  16
?atoi                   10
?cstart                 60
?errno                          2
?exit                    4
?memchr                 34
?memcmp                 48
?memcpy                 30
?memset                 30
?memzero                28
?printf                 28
?putchar                46
?puts                   62                     1
?reset_vector            2
?sprintf                56
?strchr                 16
?strcmp                 34
?strcpy                 18
?strlen                 32
?xassert                92
?xprintfsmall_nomb   1 584                     6
?xprout                 24
?xsprout                18
?xstoul                454                    74
AppComm                520     13            391
AppCommon              124                     7
AppDelivery            226                   124
AppEngineerMode      1 714    129          5 840
  + shared               4
AppFCT               5 362  1 072          2 791
  + shared                            14
Common                 114     30             82
CtlComm                336     12             80
CtlData              2 582    847            336
CtlDelivery             44     16
CtlDisplay           1 668    525          1 130
CtlEvent               478    440             64
CtlInterrupt             2
CtlKey                 792     82            169
CtlMotor               928     19            450
CtlPower                 4
CtlSpiComm             200                    34
CtlTime                148      1
CtlTimer               854    496             78
DrvBeep                 32
DrvClk                  46            14
DrvEncoder             636     31      6
  + shared              88             6
  + common
DrvFram                 60
DrvKey                 466     18
DrvLcd                 418      1              1
  + shared                             2
DrvPort                160            10
  + shared                            26
DrvPower               248             2
  + shared                             6
DrvRtc                 614     28      2     112
DrvSpi                  58      9     16
  + common              94
DrvTimer               812     44     30      68
  + common             104
DrvUart                746    134     28
  + common              96
Fonts                  260                 1 746
Init                   340
_Cast32fto32u           12
_Div32f                320
main                   308      2      6     127
  + common             110
N/A (command line)          1 024
N/A (alignment)
----------          ------  -----    ---  ------
Total:              25 326  4 975    168  13 711
  + common             110


                ****************************************
                *                                      *
                *      SEGMENTS IN ADDRESS ORDER       *
                *                                      *
                ****************************************


SEGMENT              SPACE    START ADDRESS   END ADDRESS     SIZE  TYPE  ALIGN
=======              =====    =============   ===========     ====  ====  =====
DATA16_AN                              0130 - 0131               2   rel    0
                                       015C - 015D               2 
                                       0160 - 016D               E 
                                       019C - 019F               4 
                                       0200 - 0205               6 
                                       020A - 020D               4 
                                       0218 - 021D               6 
                                       0222 - 0225               4 
                                       022A - 022D               4 
                                       0236 - 0237               2 
                                       023A - 023B               2 
                                       0240 - 0245               6 
                                       024A - 024D               4 
                                       0256 - 0257               2 
                                       0282 - 0285               4 
                                       028A - 028D               4 
                                       0296 - 0297               2 
                                       0322 - 0325               4 
                                       032A - 032D               4 
                                       0336 - 0337               2 
                                       0340 - 0345               6 
                                       0352 - 0355               4 
                                       036E - 036F               2 
                                       0380 - 0383               4 
                                       0390 - 0393               4 
                                       03C0 - 03C3               4 
                                       03D2 - 03D3               2 
                                       0400 - 0403               4 
                                       0412 - 0413               2 
                                       0440 - 0443               4 
                                       0452 - 0453               2 
                                       05C0 - 05C1               2 
                                       05C6 - 05C9               4 
                                       05CC - 05CF               4 
                                       05DA - 05E1               8 
                                       05E6 - 05E9               4 
                                       05EC - 05EF               4 
                                       05FA - 05FF               6 
                                       0640 - 0641               2 
                                       0646 - 0649               4 
                                       064C - 064F               4 
                                       066A - 066F               6 
CSTACK                                 1C00 - 1FFF             400   rel    1
CODE_I                                    2000                       rel    1
DATA20_I                               C800 - CC22             423   rel    1
DATA20_Z                               CC24 - D76F             B4C   rel    1
DATA20_N                                  D770                       rel    1
DATA20_HEAP                               D770                       rel    1
MPU_B1                                    D800                       rel   10
DATA16_C                               E800 - E807               8   rel    0
MPU_B2                                    EC00                       rel   10
CSTART                                 EC00 - EC3B              3C   rel    1
ISR_CODE                               EC3C - EFA1             366   rel    1
<CODE> 1                               EFA2 - FF7F             FDE   rel    1
INTVEC                                 FF90 - FFFD              6E   com    1
RESET                                  FFFE - FFFF               2   rel    1
<CODE> 2                           00010000 - 00014F69        4F6A   rel    1
CODE_PAD                           00014F6A - 00014F6B           2   rel    1
DATA20_C                           00014F6C - 000180CF        3164   rel    1
DATA20_ID                          000180D0 - 000184F2         423   rel    1
CODE_ID                                 000184F4                     rel    1

                ****************************************
                *                                      *
                *        END OF CROSS REFERENCE        *
                *                                      *
                ****************************************

 25 436 bytes of CODE  memory
  4 975 bytes of DATA  memory (+ 168 absolute )
 13 711 bytes of CONST memory

Errors: none
Warnings: none

