################################################################################
#                                                                              #
#      IAR Universal Linker V6.1.3.56                                          #
#                                                                              #
#           Link time     =  12/Sep/2018  11:03:14                             #
#           Target CPU    =  MSP430                                            #
#           List file     =  D:\FCT_com\MasterMcu\IAR_project\Debug\List\Spump #
#                            18_master.map                                     #
#           Output file 1 =  D:\FCT_com\MasterMcu\IAR_project\Debug\Exe\Spump1 #
#                            8_master.d43                                      #
#                            Format: debug                                     #
#                            UBROF version 10.0.6                              #
#                            Using library modules for C-SPY (-rt)             #
#           Output file 2 =  D:\FCT_com\MasterMcu\IAR_project\Debug\Exe\Spump1 #
#                            8_master.txt                                      #
#                            Format: msp430_txt                                #
#           Command line  =  D:\FCT_com\MasterMcu\IAR_project\Debug\Obj\AppCom #
#                            m.r43                                             #
#                            D:\FCT_com\MasterMcu\IAR_project\Debug\Obj\AppCom #
#                            mon.r43                                           #
#                            D:\FCT_com\MasterMcu\IAR_project\Debug\Obj\AppDel #
#                            ivery.r43                                         #
#                            D:\FCT_com\MasterMcu\IAR_project\Debug\Obj\AppEng #
#                            ineerMode.r43                                     #
#                            D:\FCT_com\MasterMcu\IAR_project\Debug\Obj\AppFCT #
#                            .r43                                              #
#                            D:\FCT_com\MasterMcu\IAR_project\Debug\Obj\Common #
#                            .r43                                              #
#                            D:\FCT_com\MasterMcu\IAR_project\Debug\Obj\CtlAdc #
#                            .r43                                              #
#                            D:\FCT_com\MasterMcu\IAR_project\Debug\Obj\CtlCom #
#                            m.r43                                             #
#                            D:\FCT_com\MasterMcu\IAR_project\Debug\Obj\CtlDat #
#                            a.r43                                             #
#                            D:\FCT_com\MasterMcu\IAR_project\Debug\Obj\CtlDel #
#                            ivery.r43                                         #
#                            D:\FCT_com\MasterMcu\IAR_project\Debug\Obj\CtlDis #
#                            play.r43                                          #
#                            D:\FCT_com\MasterMcu\IAR_project\Debug\Obj\CtlEve #
#                            nt.r43                                            #
#                            D:\FCT_com\MasterMcu\IAR_project\Debug\Obj\CtlInt #
#                            errupt.r43                                        #
#                            D:\FCT_com\MasterMcu\IAR_project\Debug\Obj\CtlKey #
#                            .r43                                              #
#                            D:\FCT_com\MasterMcu\IAR_project\Debug\Obj\CtlMot #
#                            or.r43                                            #
#                            D:\FCT_com\MasterMcu\IAR_project\Debug\Obj\CtlPow #
#                            er.r43                                            #
#                            D:\FCT_com\MasterMcu\IAR_project\Debug\Obj\CtlSpi #
#                            Comm.r43                                          #
#                            D:\FCT_com\MasterMcu\IAR_project\Debug\Obj\CtlTim #
#                            e.r43                                             #
#                            D:\FCT_com\MasterMcu\IAR_project\Debug\Obj\CtlTim #
#                            er.r43                                            #
#                            D:\FCT_com\MasterMcu\IAR_project\Debug\Obj\DrvBee #
#                            p.r43                                             #
#                            D:\FCT_com\MasterMcu\IAR_project\Debug\Obj\DrvClk #
#                            .r43                                              #
#                            D:\FCT_com\MasterMcu\IAR_project\Debug\Obj\DrvEnc #
#                            oder.r43                                          #
#                            D:\FCT_com\MasterMcu\IAR_project\Debug\Obj\DrvFra #
#                            m.r43                                             #
#                            D:\FCT_com\MasterMcu\IAR_project\Debug\Obj\DrvKey #
#                            .r43                                              #
#                            D:\FCT_com\MasterMcu\IAR_project\Debug\Obj\DrvLcd #
#                            .r43                                              #
#                            D:\FCT_com\MasterMcu\IAR_project\Debug\Obj\DrvPor #
#                            t.r43                                             #
#                            D:\FCT_com\MasterMcu\IAR_project\Debug\Obj\DrvPow #
#                            er.r43                                            #
#                            D:\FCT_com\MasterMcu\IAR_project\Debug\Obj\DrvRtc #
#                            .r43                                              #
#                            D:\FCT_com\MasterMcu\IAR_project\Debug\Obj\DrvSpi #
#                            .r43                                              #
#                            D:\FCT_com\MasterMcu\IAR_project\Debug\Obj\DrvTim #
#                            er.r43                                            #
#                            D:\FCT_com\MasterMcu\IAR_project\Debug\Obj\DrvUar #
#                            t.r43                                             #
#                            D:\FCT_com\MasterMcu\IAR_project\Debug\Obj\Fonts. #
#                            r43                                               #
#                            D:\FCT_com\MasterMcu\IAR_project\Debug\Obj\Init.r #
#                            43                                                #
#                            D:\FCT_com\MasterMcu\IAR_project\Debug\Obj\main.r #
#                            43                                                #
#                            D:\FCT_com\MasterMcu\IAR_project\Debug\Obj\test_c #
#                            omm.r43                                           #
#                            D:\FCT_com\MasterMcu\IAR_project\Debug\Obj\test_d #
#                            isplay.r43                                        #
#                            D:\FCT_com\MasterMcu\IAR_project\Debug\Obj\test_l #
#                            ow_power.r43                                      #
#                            D:\FCT_com\MasterMcu\IAR_project\Debug\Obj\test_t #
#                            imer.r43                                          #
#                            D:\FCT_com\MasterMcu\IAR_project\Debug\Obj\unit_t #
#                            est.r43                                           #
#                            D:\FCT_com\MasterMcu\IAR_project\Debug\Obj\versio #
#                            n.r43                                             #
#                            -o                                                #
#                            D:\FCT_com\MasterMcu\IAR_project\Debug\Exe\Spump1 #
#                            8_master.d43                                      #
#                            -l                                                #
#                            D:\FCT_com\MasterMcu\IAR_project\Debug\List\Spump #
#                            18_master.map                                     #
#                            -xesn                                             #
#                            "-IC:\Program Files\IAR Systems\Embedded Workbenc #
#                            h 7.0\430\LIB\"                                   #
#                            -f                                                #
#                            D:\FCT_com\MasterMcu\IAR_project\msp430fr5989.xcl #
#                            (-D_STACK_SIZE=400 -D_DATA16_HEAP_SIZE=0          #
#                            -D_DATA20_HEAP_SIZE=0 -cmsp430 -QCODE_I=CODE_ID   #
#                            -QTLS16_I=TLS16_ID -D__iar_HWMUL=4C0              #
#                            -Z(CONST)INFO=1800-19FF                           #
#                            -Z(CONST)INFOA=1980-19FF                          #
#                            -Z(CONST)INFOB=1900-197F                          #
#                            -Z(CONST)INFOC=1880-18FF                          #
#                            -Z(CONST)INFOD=1800-187F                          #
#                            -Z(DATA)CSTACK+_STACK_SIZE=1C00-23FF              #
#                            -Z(DATA)DATA16_I,DATA16_Z,DATA16_N,TLS16_I=1C00-2 #
#                            3FF,C800-E7FF                                     #
#                            -Z(DATA)CODE_I                                    #
#                            -Z(DATA)DATA20_I,DATA20_Z,DATA20_N                #
#                            -Z(CONST)DATA16_P,DATA20_P=1C00-23FF,C800-E7FF    #
#                            -Z(DATA)DATA16_HEAP+_DATA16_HEAP_SIZE             #
#                            -Z(DATA)DATA20_HEAP+_DATA20_HEAP_SIZE             #
#                            -Z(CONST)MPU_B1                                   #
#                            -Z(CONST)DATA16_C,DATA16_ID,TLS16_ID,DIFUNCT,CHEC #
#                            KSUM=E800-FF7F,10000-23FFF                        #
#                            -Z(CONST)MPU_B2 -Z(CONST)IPE_B1=E800-FF7F         #
#                            -Z(CODE)IPECODE16 -Z(CONST)IPEDATA16_C,IPE_B2     #
#                            -Z(CODE)CSTART,ISR_CODE,CODE16=E800-FF7F          #
#                            -P(CODE)CODE=E800-FF7F,10000-23FFF                #
#                            -Z(CODE)CODE_PAD                                  #
#                            -Z(CONST)DATA20_C,DATA20_ID,CODE_ID=E800-FF7F,100 #
#                            00-23FFF                                          #
#                            -Z(CONST)SIGNATURE=FF80-FF8F                      #
#                            -Z(CODE)INTVEC=FF90-FFFF                          #
#                            -Z(CODE)RESET=FFFE-FFFF) -f                       #
#                            "C:\Program Files\IAR Systems\Embedded Workbench  #
#                            7.0\430\config\linker\multiplier32.xcl"           #
#                            (-e?Mul8Hw=?Mul8 -e?Mul16Hw=?Mul16                #
#                            -e?Mul16to32uHw=?Mul16to32u                       #
#                            -e?Mul16to32sHw=?Mul16to32s -e?Mul32Hw32=?Mul32   #
#                            -e?Mul64Hw32=_Mul64i                              #
#                            -e?Mul32u32uto64iHw32=_Mul32u32uto64i             #
#                            -e?Mul32fHw=_Mul32f -e_Mul64fHwPtr=_Mul64fPtr)    #
#                            -rt                                               #
#                            "C:\Program Files\IAR Systems\Embedded Workbench  #
#                            7.0\430\lib\dlib\dl430xllfn.r43"                  #
#                            -e_PrintfSmallNoMb=_Printf                        #
#                            -Omsp430_txt=D:\FCT_com\MasterMcu\IAR_project\Deb #
#                            ug\Exe\Spump18_master.txt                         #
#                            -s __program_start -D__iar_430_MPU_base=0x5A0     #
#                            -g?mpu2_init -D__iar_430_MPUCTL0_value=0x0011     #
#                            -D__iar_430_MPUSAM_value=0x3513                   #
#                                                                              #
#                           Copyright (C) 1987-2014 IAR Systems AB.            #
################################################################################





                ****************************************
                *                                      *
                *           CROSS REFERENCE            *
                *                                      *
                ****************************************

       Program entry at :           EC00  Relocatable, from module : ?cstart




                ****************************************
                *                                      *
                *            RUNTIME MODEL             *
                *                                      *
                ****************************************

  __Heap_Handler             = Basic
  __SystemLibrary            = DLib
  __code_model               = large
  __core                     = 430X
  __data_model               = large
  __dlib_file_descriptor     = 0
  __dlib_full_locale_support = 0
  __double_size              = 32
  __pic                      = no
  __reg_r4                   = free
  __reg_r5                   = free
  __rt_version               = 3

                ****************************************
                *                                      *
                *    AUTOMATIC SYMBOL REDIRECTIONS     *
                *                                      *
                ****************************************

                  There are no automatic symbol redirections.

                ****************************************
                *                                      *
                *              ENTRY LIST              *
                *                                      *
                ****************************************

Module  Entry                                   Address
------  -----                                   -------
?FILLER_BYTES
?ABS_ENTRY_MOD
        __iar_430_MPUSAM_value                   3513
        __iar_430_MPUCTL0_value                  0011
        __iar_430_MPU_base                       05A0
        __iar_HWMUL                              04C0
        _DATA20_HEAP_SIZE                        0000
        _DATA16_HEAP_SIZE                        0000
        _STACK_SIZE                              0400
AppComm ( D:\FCT_com\MasterMcu\IAR_project\Debug\Obj\AppComm.r43 )
        gg_last_cmd_return                       C800
        g_curr_motor_current                     C80A
        g_is_already_meet_hall                   CFEC
        AppCommOnSetCmdToHallRespond             00014BA0
        AppCommOnSetCmdSleepRespond              00014966
        AppCommOnSetCmdMotorRunRespond           00014952
        AppCommOnSetCmdMotorStopRespond          FF3A
        AppCommOnSetCmdPowerUpRespond            00013A38
        AppCommOnCommTestRespond                 00014916
        AppCommOnQueryMotorCurrentRespond        00014BF8
        AppCommOnQueryAdcRespond                 00014C4A
        AppCommHandleCmdReturn                   00010E24
        g_comm_cmd_responds                      00014C50
        g_comm_query_responds                    00014C74
AppCommon ( D:\FCT_com\MasterMcu\IAR_project\Debug\Obj\AppCommon.r43 )
        AppStartRun                              00014304
        AppStopRun                               00014B82
        ExcuteSleep                              00014110
        ExcuteHallLocationCal                    000147E4
AppDelivery ( D:\FCT_com\MasterMcu\IAR_project\Debug\Obj\AppDelivery.r43 )
        ConvertTimeToSecond                      000130C0
        DiffDateTimeInOneDay                     00012B4A
AppEngineerMode ( D:\FCT_com\MasterMcu\IAR_project\Debug\Obj\AppEngineerMode.r43 )
        strchr                                   00014C40
        AppEngineerModeRepeatRun                 00014BA8
        AppEngineerModeOnReceiveByte             00012A4A
        AppEngineerModeInit                      000146CA
        g_app_engineer_receive_str               CFED
        g_app_engineer_receive_index             C80C
        g_app_engineer_last_receive_str          D029
        g_app_engineer_is_enable_cmd             D065
        g_app_engineer_handlers_ptr              C810
        AppEngineerModeHelp                      00013646
        AppEngineerModeExit                      00014B00
        AppEngineerModeRepeatLastCmd             00014784
        AppEngineerModeTime                      00013CF0
        AppEngineerModeEnableOutput              00013356
        AppEngineerModeDisableOutput             000133AE
        AppEngineerModeReadData                  00010466
        AppEngineerModeOutputSensor              000142AC
        AppEngineerModeCancelSleep               00014676
        AppEngineerModeCalBattery                00013BBE
        AppEngineerModeTestWatchdog              00014C34
        AppEngineerModeFakeMotorPos              00014580
        AppEngineerModeStopWatchdog              000148EE
        AppEngineerModeRun                       000147CC
        AppEngineerModeRunBack                   0001416C
        AppEngineerModeClearData                 000140E2
        AppEngineerModePowerupCause              00014842
        AppEngineerModeFCTContinueMode           00014702
        AppEngineerModeFCTMenuMode               00014736
        AppEngineerModeFCTCase0                  00014B24
        AppEngineerModeFCTCase1                  00014B18
        AppEngineerModeFCTCase2                  00014AC4
        AppEngineerModeFCTCase3                  00014A80
        AppEngineerModeFCTCase4                  00014ADC
        AppEngineerModeFCTCase5                  00014A2C
        AppEngineerModeFCTCase6                  00014A64
        AppEngineerModeFCTCase7                  00014A10
        AppEngineerModeFCTCase8                  00014AB8
        AppEngineerModeFCTCase9                  00014A8E
        AppEngineerModeFCTCase10                 00014A1E
        g_app_engineer_cmd_handlers              00014C80
        AppEngineerModeParseParams               000134B0
        AppEngineerModeParseCmd                  0001143C
AppFCT ( D:\FCT_com\MasterMcu\IAR_project\Debug\Obj\AppFCT.r43 )
        _A_PAIN_L                                0200
        _A_PAOUT_L                               0202
        _A_PADIR_L                               0204
        _A_PASEL0_L                              020A
        _A_PASEL1_L                              020C
        _A_PBOUT_L                               0222
        g_display_string                         D066
        g_timer_timeout                          D07A
        g_battery_voltage                        C814
        g_battery_voltage_is_ready               D07B
        g_motor_current_is_ready                 D07C
        g_is_use_continue_mode                   23B0
        g_is_get_mode_cmd                        D07D
        g_is_comm_test_pass                      D07E
        g_case_num                               2000
        GetTimerTimeOut                          00014BB0
        WaitKeyPressed                           0001476A
        FCTLcdDisplay                            000142D8
        FCTLcdDisplayCenter                      0001463A
        BeepOneTime                              0001471C
        FCTTestShowSN                            00013126
        FCTTestKey                               00012ACA
        FCTTestLcd                               00012F7A
        FCTTestBuzzer                            00012FE8
        FCTTestVibrator                          00013054
        FCTTestComm                              00010AA6
        FCTTestMotor                             00011F56
        FCTTestHall                              00011052
        FCTTestEncoder                           000118B0
        FCTTestMotorCurrent                      000101AE
        FCTTestADC                               00010000
        FCTTestRTC                               0001031E
        FCTTestSleepCurrent                      000131E8
        FCTTestNormalCurrent                     0001389C
        FCTTestBacklightOnCurrent                00013406
        FCTTestMotorOnCurrent                    000137C2
        TestSpump                                00012CBC
        g_expect_circle                          C816
        g_dose                                   D07F
        g_delivery_counter                       D080
        start_delivery                           00012500
        TestApump                                00011158
        FCTTestPrecision                         00012BC6
        FCTTestStart                             F890
        PAIN                                     0200
        PAIN_H                                   0201
        PAIN_L                                   0200
        PAOUT                                    0202
        PAOUT_H                                  0203
        PAOUT_L                                  0202
        PADIR                                    0204
        PADIR_H                                  0205
        PADIR_L                                  0204
        PASEL0                                   020A
        PASEL0_H                                 020B
        PASEL0_L                                 020A
        PASEL1                                   020C
        PASEL1_H                                 020D
        PASEL1_L                                 020C
        PBOUT                                    0222
        PBOUT_H                                  0223
        PBOUT_L                                  0222
        g_fct_case                               2002
Common ( D:\FCT_com\MasterMcu\IAR_project\Debug\Obj\Common.r43 )
        g_is_module_enable_output                D081
        g_module_names                           2398
        CommonInit                               FF7E
        SetModuleOutput                          00014B46
        SetModuleOutputByName                    000132A0
        IsEnableOutput                           00014B96
CtlAdc ( D:\FCT_com\MasterMcu\IAR_project\Debug\Obj\CtlAdc.r43 )
CtlComm ( D:\FCT_com\MasterMcu\IAR_project\Debug\Obj\CtlComm.r43 )
        CommOnRecvOneByteFromInternalCom         00011A68
        CommHandleNewReceiveData                 000135F8
        CommSendBytes                            000143B0
        g_comm_internal_packet                   D087
        g_comm_receive_pos_at_internal_packet    C81A
CtlData ( D:\FCT_com\MasterMcu\IAR_project\Debug\Obj\CtlData.r43 )
        g_motor_cali_circle                      C81C
        g_cali_hal_to_end_len                    C820
        g_occl_cal_min                           C822
        g_occl_speed_cal_min                     C824
        g_occl_cal_max                           C826
        g_occl_speed_cal_max                     C828
        g_battery_voltage_offset                 C82A
        g_hardware_ver                           C82C
        g_serial_number                          C830
        g_password_common                        C834
        g_sys_para_infu_info                     C836
        g_deliver_switch                         D091
        g_sys_para_thickness                     D092
        g_sys_para_max_inf_dose                  CB36
        g_sys_para_user_set_deli_power           D093
        g_is_mute_mode                           D094
        g_preset_dose_value                      CB38
        g_record_point                           CB3A
        g_record_counter                         CB42
        g_motor_position                         CB4A
        g_deliver_start_motor_pos                CB4E
        g_deliver_is_running                     CB52
        g_mcu_abnormal_reset_state               D095
        g_occlusion_alarm_is_set                 D096
        g_batt_number                            CB54
        g_delivery_state                         D097
        SaveOrLoadSysPara                        EFA2
        SaveSysPara                              00014BC0
        LoadSysPara                              00014BE8
        SortTheRecordData                        00012E98
        SaveRec                                  00012648
        SaveRecEx                                FBD2
        SaveMotorPos                             00011B42
        GetThicknessValue                        00013854
        DoseToEncoder                            00012DAC
        VolumeToEncoder                          00013F56
        EncoderToVolume                          00013FBE
        g_motor_pos_manager                      CB56
CtlDelivery ( D:\FCT_com\MasterMcu\IAR_project\Debug\Obj\CtlDelivery.r43 )
        g_delivery_dest_encoder                  CB64
        g_delivery_deviation_encoder             CB68
        g_delivery_actural_encoder               CB6C
        g_delivery_expect_encoder                CB70
        CtlDeliveryStart                         00014280
CtlDisplay ( D:\FCT_com\MasterMcu\IAR_project\Debug\Obj\CtlDisplay.r43 )
        GetOffsetOfPage                          00011610
        DisplayFlush                             00011E8E
        DisplayFlushDirty                        000132FC
        DisplayIsDirty                           00014BF0
        DisplaySetDirty                          00011C1C
        DisplayWriteData                         00013694
        DrawLineColumn                           00012018
        DisplayClearAll                          00014520
        DisplayGetXSize                          00011DC6
        DisplayOneCharAtPos                      00010BD6
        DisplayTextAtPos                         0001380C
        DisplayTextAtXCenter                     0001419A
        DisplayInit                              00014B64
        g_display_cache                          D098
        g_display_dirty_rect                     CB74
        g_display_is_dirty                       D298
        g_display_font_lib                       CB7C
CtlEvent ( D:\FCT_com\MasterMcu\IAR_project\Debug\Obj\CtlEvent.r43 )
        CtlEventGet                              000123AA
        CtlEventHandle                           00014022
        CtlEventHandleAll                        00014472
        CtlEventPost                             00012192
        CtlEventBindHandle                       00014AE8
        CtlEventIsEmpty                          000146AE
        g_event_queue                            CB80
        g_event_queue_begin_index                CCAC
        g_event_queue_end_index                  CCB0
        g_event_handle_fun_arr                   CCB4
CtlInterrupt ( D:\FCT_com\MasterMcu\IAR_project\Debug\Obj\CtlInterrupt.r43 )
        InterruptCtlInit                         00014C46
CtlKey ( D:\FCT_com\MasterMcu\IAR_project\Debug\Obj\CtlKey.r43 )
        g_key_handles                            CD38
        g_combination_key_handles                CD68
        g_combination_key_is_pressed             D299
        g_combination_key_map                    000171CB
        g_key_monitor_funs                       CD78
        g_key_is_block_when_one_key_pressed      D29A
        g_key_current_handle_key                 D29D
        g_key_current_valid_pressed_key          23B1
        CtlKeyScan                               00014C24
        CtlKeyInit                               00014386
        CtlKeyIsPressed                          00013EEA
        CtlKeyPressedCounter                     00013EB2
        CtlKeyHandle                             000122FC
        CtlKeyCombinationHandle                  00013BFC
        CtlKeyPressHandle                        000117D2
        CtlKeyReleaseHandle                      000129C2
        CtlKeyHoldHandle                         000148DA
        CtlKeyHold2sHandle                       0001482C
CtlMotor ( D:\FCT_com\MasterMcu\IAR_project\Debug\Obj\CtlMotor.r43 )
        g_motor_running_dir                      23B2
        g_motor_state                            23B3
        g_motor_need_to_state                    23B4
        g_motor_is_allow_stop_by_other_cpu       D29E
        g_motor_stop_cause                       D29F
        g_motor_stop_cause_of_alarm              CD84
        CtlMotorPrintStopInfor                   00010F3E
        CtlMotorCheckEncoderStop                 0001198C
        CtlMotorStart                            000120D6
        CtlMotorStopInternal                     00012248
        CtlMotorStopEx                           000149E0
        CtlMotorIsRunning                        000149D0
        CtlMotorIsStoping                        0001492A
        CtlMotorInit                             00014AD0
        PBOUT                                    0222
        PBOUT_H                                  0223
        PBOUT_L                                  0222
        g_motor_last_encoder                     CD86
        g_motor_first_stop_encoder               CD8A
        g_motor_stoping_time                     CD8E
CtlPower ( D:\FCT_com\MasterMcu\IAR_project\Debug\Obj\CtlPower.r43 )
        CtlPwrInitial                            00014C3C
CtlSpiComm ( D:\FCT_com\MasterMcu\IAR_project\Debug\Obj\CtlSpiComm.r43 )
        SpiCommInit                              00014C4C
        crc16                                    0001372C
        SendSpiCommandToSlave                    00014C12
        SendSpiCommandToSlaveEx                  00012E24
CtlTime ( D:\FCT_com\MasterMcu\IAR_project\Debug\Obj\CtlTime.r43 )
        g_time_is_tick_handled                   D2A0
        CtlTimeOnOneTick                         00013D62
        CtlTimeElapse                            00013B80
        CtlTimeSincePowerOn                      00014A9C
        CtlTimeIsTickHandled                     00014BE0
        CtlTimeSetTickHandled                    00014BD8
CtlTimer ( D:\FCT_com\MasterMcu\IAR_project\Debug\Obj\CtlTimer.r43 )
        CtlTimerBindHandle                       00013E0A
        CtlTimerSet                              00011CF4
        CtlTimerSetRepeat                        00014082
        CtlTimerClear                            00013F20
        CtlTimerIsExist                          00013F8A
        CtlTimerClearAll                         00012C42
        CtlTimerHandle                           0001096E
        g_timer_mgr                              CD92
DrvBeep ( D:\FCT_com\MasterMcu\IAR_project\Debug\Obj\DrvBeep.r43 )
        DrvBuzzSetState                          000149F0
        DrvVibMotorSetState                      00014A00
        PBOUT                                    0222
        PBOUT_H                                  0223
        PBOUT_L                                  0222
DrvClk ( D:\FCT_com\MasterMcu\IAR_project\Debug\Obj\DrvClk.r43 )
        _A_CSCTL0_L                              0160
        _A_CSCTL1_L                              0162
        _A_CSCTL2_L                              0164
        _A_CSCTL3_L                              0166
        _A_CSCTL4_L                              0168
        _A_CSCTL5_L                              016A
        _A_CSCTL6_L                              016C
        ClockInit                                00014224
        CSCTL0                                   0160
        CSCTL0_H                                 0161
        CSCTL0_L                                 0160
        CSCTL1                                   0162
        CSCTL1_H                                 0163
        CSCTL1_L                                 0162
        CSCTL2                                   0164
        CSCTL2_H                                 0165
        CSCTL2_L                                 0164
        CSCTL3                                   0166
        CSCTL3_H                                 0167
        CSCTL3_L                                 0166
        CSCTL4                                   0168
        CSCTL4_H                                 0169
        CSCTL4_L                                 0168
        CSCTL5                                   016A
        CSCTL5_H                                 016B
        CSCTL5_L                                 016A
        CSCTL6                                   016C
        CSCTL6_H                                 016D
        CSCTL6_L                                 016C
DrvEncoder ( D:\FCT_com\MasterMcu\IAR_project\Debug\Obj\DrvEncoder.r43 )
        _A_PAIE_L                                021A
        _A_PAIFG_L                               021C
        TA0CTL                                   0340
        TA0CCTL1                                 0344
        TA0CCR1                                  0354
        TA0IV                                    036E
        g_encoder_counter                        CF82
        g_encoder_expect_counter                 CF86
        g_encoder_is_monitor                     D2A3
        g_encoder_need_stop_flag                 D2A4
        g_encoder_hz_counter                     CF8A
        g_encoder_cap_start                      CF8C
        g_encoder_cap_end                        CF8E
        g_encoder_cap_period                     CF90
        g_encoder_Hz_done                        D2A5
        g_encoder_carry_cntr                     D2A6
        g_encoder_hz                             CF94
        g_encoder_hz_result                      CF98
        g_encoder_is_hz_result_ready             D2A7
        DrvEncoderInitial                        00014750
        DrvEncoderEnable                         00013504
        DrvEncoderDisable                        000147B4
        DrvEncoderDisableMotorPosMonitorOnce     00014BD0
        DrvPortClearWakeupFlag                   00014BC8
        Port1Isr                                 EC3C
        Timer0_A1_ISR                            EC60
        Port1Isr::??INTVEC 74                    FFDA
        Timer0_A1_ISR::??INTVEC 86               FFE6
        PADIR                                    0204
        PADIR_H                                  0205
        PADIR_L                                  0204
        PASEL0                                   020A
        PASEL0_H                                 020B
        PASEL0_L                                 020A
        PASEL1                                   020C
        PASEL1_H                                 020D
        PASEL1_L                                 020C
        PAIE                                     021A
        PAIE_H                                   021B
        PAIE_L                                   021A
        PAIFG                                    021C
        PAIFG_H                                  021D
        PAIFG_L                                  021C
        PBOUT                                    0222
        PBOUT_H                                  0223
        PBOUT_L                                  0222
        g_port_wakeup_flag                       D2A1
        g_encoder_is_disable_monitor_motor_pos   D2A2
DrvFram ( D:\FCT_com\MasterMcu\IAR_project\Debug\Obj\DrvFram.r43 )
        FramReadData                             00014658
        FramWriteData                            000145E0
DrvKey ( D:\FCT_com\MasterMcu\IAR_project\Debug\Obj\DrvKey.r43 )
        g_key_hold_time                          CF9A
        DrvKeyInitial                            00013DD2
        DrvKeyGetState                           00010D02
        DrvKeyPostClearState                     00013D9A
        PAIN                                     0200
        PAIN_H                                   0201
        PAIN_L                                   0200
        g_key_pre_status                         D2A8
        g_key_status                             D2AB
        g_key_status_changed                     D2AE
        g_key_count                              D2B1
        DrvKeyGetValue                           00013B40
DrvLcd ( D:\FCT_com\MasterMcu\IAR_project\Debug\Obj\DrvLcd.r43 )
        _A_PEOUT_L                               0282
        g_back_light_status                      23B5
        DrvLcdInit                               00012D34
        DrvLcdClr                                00013244
        DrvLcdSetPos                             000136E0
        DrvLcdWriteByte                          00013928
        DrvLcdSetBackLight                       00014884
        DrvLcdLowPower                           00014400
        PAOUT                                    0202
        PAOUT_H                                  0203
        PAOUT_L                                  0202
        PBOUT                                    0222
        PBOUT_H                                  0223
        PBOUT_L                                  0222
        PEOUT                                    0282
        PEOUT_H                                  0283
        PEOUT_L                                  0282
DrvPort ( D:\FCT_com\MasterMcu\IAR_project\Debug\Obj\DrvPort.r43 )
        _A_PAIES_L                               0218
        _A_PBDIR_L                               0224
        _A_PBSEL0_L                              022A
        _A_PBSEL1_L                              022C
        _A_PBSELC_L                              0236
        _A_PBIE_L                                023A
        _A_PCDIR_L                               0244
        _A_PCSEL0_L                              024A
        _A_PCSEL1_L                              024C
        _A_PCSELC_L                              0256
        _A_PEDIR_L                               0284
        _A_PESEL0_L                              028A
        _A_PESEL1_L                              028C
        _A_PESELC_L                              0296
        _A_PJDIR_L                               0324
        _A_PJSEL0_L                              032A
        _A_PJSEL1_L                              032C
        _A_PJSELC_L                              0336
        PortInit                                 000125A8
        PAOUT                                    0202
        PAOUT_H                                  0203
        PAOUT_L                                  0202
        PADIR                                    0204
        PADIR_H                                  0205
        PADIR_L                                  0204
        PASEL0                                   020A
        PASEL0_H                                 020B
        PASEL0_L                                 020A
        PASEL1                                   020C
        PASEL1_H                                 020D
        PASEL1_L                                 020C
        PAIES                                    0218
        PAIES_H                                  0219
        PAIES_L                                  0218
        PAIE                                     021A
        PAIE_H                                   021B
        PAIE_L                                   021A
        PBOUT                                    0222
        PBOUT_H                                  0223
        PBOUT_L                                  0222
        PBDIR                                    0224
        PBDIR_H                                  0225
        PBDIR_L                                  0224
        PBSEL0                                   022A
        PBSEL0_H                                 022B
        PBSEL0_L                                 022A
        PBSEL1                                   022C
        PBSEL1_H                                 022D
        PBSEL1_L                                 022C
        PBSELC                                   0236
        PBSELC_H                                 0237
        PBSELC_L                                 0236
        PBIE                                     023A
        PBIE_H                                   023B
        PBIE_L                                   023A
        PCDIR                                    0244
        PCDIR_H                                  0245
        PCDIR_L                                  0244
        PCSEL0                                   024A
        PCSEL0_H                                 024B
        PCSEL0_L                                 024A
        PCSEL1                                   024C
        PCSEL1_H                                 024D
        PCSEL1_L                                 024C
        PCSELC                                   0256
        PCSELC_H                                 0257
        PCSELC_L                                 0256
        PEDIR                                    0284
        PEDIR_H                                  0285
        PEDIR_L                                  0284
        PESEL0                                   028A
        PESEL0_H                                 028B
        PESEL0_L                                 028A
        PESEL1                                   028C
        PESEL1_H                                 028D
        PESEL1_L                                 028C
        PESELC                                   0296
        PESELC_H                                 0297
        PESELC_L                                 0296
        PJDIR                                    0324
        PJDIR_H                                  0325
        PJDIR_L                                  0324
        PJSEL0                                   032A
        PJSEL0_H                                 032B
        PJSEL0_L                                 032A
        PJSEL1                                   032C
        PJSEL1_H                                 032D
        PJSEL1_L                                 032C
        PJSELC                                   0336
        PJSELC_H                                 0337
        PJSELC_L                                 0336
DrvPower ( D:\FCT_com\MasterMcu\IAR_project\Debug\Obj\DrvPower.r43 )
        _A_PM5CTL0_L                             0130
        _A_PCOUT_L                               0242
        _A_PJOUT_L                               0322
        _A_UCA0IE_L                              05DA
        _A_UCA1IE_L                              05FA
        DrvInitPowerControl                      00014C00
        DrvMCULowPower                           00014BB8
        DrvPortLowPower                          00012784
        DrvBeepDisable                           00014C06
        DrvVibDisable                            00014C0C
        DrvRPIDisable                            00014C1E
        DrvPowerEnterLowMode                     00013E7A
        DrvPowerExitLowMode                      00014B78
        PM5CTL0                                  0130
        PM5CTL0_H                                0131
        PM5CTL0_L                                0130
        PAOUT                                    0202
        PAOUT_H                                  0203
        PAOUT_L                                  0202
        PADIR                                    0204
        PADIR_H                                  0205
        PADIR_L                                  0204
        PASEL0                                   020A
        PASEL0_H                                 020B
        PASEL0_L                                 020A
        PASEL1                                   020C
        PASEL1_H                                 020D
        PASEL1_L                                 020C
        PAIES                                    0218
        PAIES_H                                  0219
        PAIES_L                                  0218
        PAIE                                     021A
        PAIE_H                                   021B
        PAIE_L                                   021A
        PAIFG                                    021C
        PAIFG_H                                  021D
        PAIFG_L                                  021C
        PBOUT                                    0222
        PBOUT_H                                  0223
        PBOUT_L                                  0222
        PBDIR                                    0224
        PBDIR_H                                  0225
        PBDIR_L                                  0224
        PBSEL0                                   022A
        PBSEL0_H                                 022B
        PBSEL0_L                                 022A
        PBSEL1                                   022C
        PBSEL1_H                                 022D
        PBSEL1_L                                 022C
        PCOUT                                    0242
        PCOUT_H                                  0243
        PCOUT_L                                  0242
        PCDIR                                    0244
        PCDIR_H                                  0245
        PCDIR_L                                  0244
        PCSEL0                                   024A
        PCSEL0_H                                 024B
        PCSEL0_L                                 024A
        PCSEL1                                   024C
        PCSEL1_H                                 024D
        PCSEL1_L                                 024C
        PEOUT                                    0282
        PEOUT_H                                  0283
        PEOUT_L                                  0282
        PEDIR                                    0284
        PEDIR_H                                  0285
        PEDIR_L                                  0284
        PESEL0                                   028A
        PESEL0_H                                 028B
        PESEL0_L                                 028A
        PESEL1                                   028C
        PESEL1_H                                 028D
        PESEL1_L                                 028C
        PJOUT                                    0322
        PJOUT_H                                  0323
        PJOUT_L                                  0322
        PJDIR                                    0324
        PJDIR_H                                  0325
        PJDIR_L                                  0324
        PJSEL0                                   032A
        PJSEL0_H                                 032B
        PJSEL0_L                                 032A
        PJSEL1                                   032C
        PJSEL1_H                                 032D
        PJSEL1_L                                 032C
        UCA0IE                                   05DA
        UCA0IE_H                                 05DB
        UCA0IE_L                                 05DA
        UCA1IE                                   05FA
        UCA1IE_H                                 05FB
        UCA1IE_L                                 05FA
DrvRtc ( D:\FCT_com\MasterMcu\IAR_project\Debug\Obj\DrvRtc.r43 )
        _A_PCIN_L                                0240
        g_current_time                           CFA0
        delay                                    00014A72
        Write1Byte                               000139F4
        Read1Byte                                00013A7C
        WData                                    000143D8
        BurstWrite1302                           00013558
        BurstRead1302                            00013CB4
        Ds1302TimeRead                           0001134C
        PCIN                                     0240
        PCIN_H                                   0241
        PCIN_L                                   0240
        PCOUT                                    0242
        PCOUT_H                                  0243
        PCOUT_L                                  0242
        PCDIR                                    0244
        PCDIR_H                                  0245
        PCDIR_L                                  0244
        ConvertBcdToDec                          0001413E
DrvSpi ( D:\FCT_com\MasterMcu\IAR_project\Debug\Obj\DrvSpi.r43 )
        _A_UCB0CTLW0_L                           0640
        _A_UCB0BRW_L                             0646
        _A_UCB0STATW_L                           0648
        _A_UCB0RXBUF_L                           064C
        _A_UCB0TXBUF_L                           064E
        _A_UCB0IE_L                              066A
        _A_UCB0IFG_L                             066C
        UCB0IV                                   066E
        g_rx_data                                D2B4
        USCI_B0_ISR                              EE22
        USCI_B0_ISR::??INTVEC 92                 FFEC
        PASEL0                                   020A
        PASEL0_H                                 020B
        PASEL0_L                                 020A
        PASEL1                                   020C
        PASEL1_H                                 020D
        PASEL1_L                                 020C
        UCB0CTLW0                                0640
        UCB0CTLW0_H                              0641
        UCB0CTLW0_L                              0640
        UCB0BRW                                  0646
        UCB0BRW_H                                0647
        UCB0BRW_L                                0646
        UCB0STATW                                0648
        UCB0STATW_H                              0649
        UCB0STATW_L                              0648
        UCB0RXBUF                                064C
        UCB0RXBUF_H                              064D
        UCB0RXBUF_L                              064C
        UCB0TXBUF                                064E
        UCB0TXBUF_H                              064F
        UCB0TXBUF_L                              064E
        UCB0IE                                   066A
        UCB0IE_H                                 066B
        UCB0IE_L                                 066A
        UCB0IFG                                  066C
        UCB0IFG_H                                066D
        UCB0IFG_L                                066C
        USCI_B0_ISR::i                           D2BC
DrvTimer ( D:\FCT_com\MasterMcu\IAR_project\Debug\Obj\DrvTimer.r43 )
        TA0CCTL0                                 0342
        TA0CCR0                                  0352
        TA1CTL                                   0380
        TA1CCTL0                                 0382
        TA1R                                     0390
        TA1CCR0                                  0392
        TA2CTL                                   0400
        TA2CCTL0                                 0402
        TA2CCR0                                  0412
        TA3CTL                                   0440
        TA3CCTL0                                 0442
        TA3CCR0                                  0452
        TB0CTL                                   03C0
        TB0CCTL0                                 03C2
        TB0CCR0                                  03D2
        g_time_ms_elapse                         CFBC
        g_timer_pass_count                       CFC0
        g_timer_next_check_rtc_count             CFC4
        g_auto_wakeup_timer_ms                   CFC8
        g_auto_wakeup_time                       CFCC
        DrvTimerInitial                          00013FF0
        DrvTimerCheckAndSetAutoWakeupTimer       0001125A
        DrvTimerEnable                           00011526
        DrvTimerDisable                          00012F0A
        TimerA0Isr                               EE5C
        TimerA1Isr                               EE64
        TimerA2Isr                               EED0
        TimerA3Isr                               EEE4
        TimerB0Isr                               EEF8
        TimerA3Isr::??INTVEC 66                  FFD2
        TimerA2Isr::??INTVEC 72                  FFD8
        TimerA1Isr::??INTVEC 78                  FFDE
        TimerA0Isr::??INTVEC 88                  FFE8
        TimerB0Isr::??INTVEC 102                 FFF6
DrvUart ( D:\FCT_com\MasterMcu\IAR_project\Debug\Obj\DrvUart.r43 )
        _A_UCA0CTLW0_L                           05C0
        _A_UCA0BRW_L                             05C6
        _A_UCA0MCTLW_L                           05C8
        _A_UCA0RXBUF_L                           05CC
        _A_UCA0TXBUF_L                           05CE
        _A_UCA0IFG_L                             05DC
        UCA0IV                                   05DE
        _A_UCA1CTLW0_L                           05E0
        _A_UCA1BRW_L                             05E6
        _A_UCA1MCTLW_L                           05E8
        _A_UCA1RXBUF_L                           05EC
        _A_UCA1TXBUF_L                           05EE
        _A_UCA1IFG_L                             05FC
        UCA1IV                                   05FE
        DrvUart0Init                             000141F6
        DrvUart1Init                             000141C8
        Uart0SendByte                            00014A48
        Uart0SendData                            00014540
        Uart1SendByte                            00014A3A
        Uart1SendData                            00014560
        UartOnReceiveNewByte                     00012456
        UartReceivedBufferSize                   000138E4
        UartReceiveByte                          000128B0
        UartGetNewDataFlag                       000148B0
        UartClearNewDataFlag                     0001489A
        USCI_A0_ISR                              EF0A
        USCI_A1_ISR                              EF30
        __write                                  00013ABE
        USCI_A1_ISR::??INTVEC 84                 FFE4
        USCI_A0_ISR::??INTVEC 94                 FFEE
        PASEL0                                   020A
        PASEL0_H                                 020B
        PASEL0_L                                 020A
        PASEL1                                   020C
        PASEL1_H                                 020D
        PASEL1_L                                 020C
        PBSEL0                                   022A
        PBSEL0_H                                 022B
        PBSEL0_L                                 022A
        PBSEL1                                   022C
        PBSEL1_H                                 022D
        PBSEL1_L                                 022C
        UCA0CTLW0                                05C0
        UCA0CTLW0_H                              05C1
        UCA0CTLW0_L                              05C0
        UCA0BRW                                  05C6
        UCA0BRW_H                                05C7
        UCA0BRW_L                                05C6
        UCA0MCTLW                                05C8
        UCA0MCTLW_H                              05C9
        UCA0MCTLW_L                              05C8
        UCA0RXBUF                                05CC
        UCA0RXBUF_H                              05CD
        UCA0RXBUF_L                              05CC
        UCA0TXBUF                                05CE
        UCA0TXBUF_H                              05CF
        UCA0TXBUF_L                              05CE
        UCA0IE                                   05DA
        UCA0IE_H                                 05DB
        UCA0IE_L                                 05DA
        UCA0IFG                                  05DC
        UCA0IFG_H                                05DD
        UCA0IFG_L                                05DC
        UCA1CTLW0                                05E0
        UCA1CTLW0_H                              05E1
        UCA1CTLW0_L                              05E0
        UCA1BRW                                  05E6
        UCA1BRW_H                                05E7
        UCA1BRW_L                                05E6
        UCA1MCTLW                                05E8
        UCA1MCTLW_H                              05E9
        UCA1MCTLW_L                              05E8
        UCA1RXBUF                                05EC
        UCA1RXBUF_H                              05ED
        UCA1RXBUF_L                              05EC
        UCA1TXBUF                                05EE
        UCA1TXBUF_H                              05EF
        UCA1TXBUF_L                              05EE
        UCA1IE                                   05FA
        UCA1IE_H                                 05FB
        UCA1IE_L                                 05FA
        UCA1IFG                                  05FC
        UCA1IFG_H                                05FD
        UCA1IFG_L                                05FC
        g_uart_rx_buff                           D2BD
Fonts ( D:\FCT_com\MasterMcu\IAR_project\Debug\Obj\Fonts.r43 )
        nAsciiDot                                000174B2
        g_AsciiDot_code                          00017ABE
        gg_ASCII_font                            00015FE0
        FontFindCharIndex                        00013C78
        FontFindCharPos                          00013B00
        FontGetCharInfo                          0001293A
Init ( D:\FCT_com\MasterMcu\IAR_project\Debug\Obj\Init.r43 )
        InitDriver                               0001435C
        InitKernel                               000147FC
        InitApp                                  00014C38
        SysInit                                  000144FE
        InitDataIfNotInit                        0001281A
        TestLcd                                  00013778
        Initial                                  00014B30
main ( D:\FCT_com\MasterMcu\IAR_project\Debug\Obj\main.r43 )
        _A_SYSSNIV_L                             019C
        _A_SYSRSTIV_L                            019E
        _A_WDTCTL_L                              015C
        g_power_up_cause                         CFE8
        __low_level_init                         00014B3C
        main                                     000116F4
        SYSNMI_ISR                               EF56
        SYSNMI_ISR::??INTVEC 108                 FFFC
        PM5CTL0                                  0130
        PM5CTL0_H                                0131
        PM5CTL0_L                                0130
        PAOUT                                    0202
        PAOUT_H                                  0203
        PAOUT_L                                  0202
        SYSSNIV                                  019C
        SYSSNIV_H                                019D
        SYSSNIV_L                                019C
        SYSRSTIV                                 019E
        SYSRSTIV_H                               019F
        SYSRSTIV_L                               019E
        WDTCTL                                   015C
        WDTCTL_H                                 015D
        WDTCTL_L                                 015C
test_comm ( D:\FCT_com\MasterMcu\IAR_project\Debug\Obj\test_comm.r43 )
test_display ( D:\FCT_com\MasterMcu\IAR_project\Debug\Obj\test_display.r43 )
test_low_power ( D:\FCT_com\MasterMcu\IAR_project\Debug\Obj\test_low_power.r43 )
test_timer ( D:\FCT_com\MasterMcu\IAR_project\Debug\Obj\test_timer.r43 )
unit_test ( D:\FCT_com\MasterMcu\IAR_project\Debug\Obj\unit_test.r43 )
version ( D:\FCT_com\MasterMcu\IAR_project\Debug\Obj\version.r43 )
?abort ( C:\Program Files\IAR Systems\Embedded Workbench 7.0\430\lib\dlib\dl430xllfn.r43 )
        abort                                    000149C0
?__dbg_break ( C:\Program Files\IAR Systems\Embedded Workbench 7.0\430\lib\dlib\dl430xllfn.r43 )
        __DebugBreak                             00014C44
?_ReportAssert ( C:\Program Files\IAR Systems\Embedded Workbench 7.0\430\lib\dlib\dl430xllfn.r43 )
        __iar_ReportAssert                       00014330
?__exit ( C:\Program Files\IAR Systems\Embedded Workbench 7.0\430\lib\dlib\dl430xllfn.r43 )
        __exit                                   0001486E
?atoi ( C:\Program Files\IAR Systems\Embedded Workbench 7.0\430\lib\dlib\dl430xllfn.r43 )
        atoi                                     00014B8C
?_exit ( C:\Program Files\IAR Systems\Embedded Workbench 7.0\430\lib\dlib\dl430xllfn.r43 )
        _exit                                    00014C30
?cppinit ( C:\Program Files\IAR Systems\Embedded Workbench 7.0\430\lib\dlib\dl430xllfn.r43 )
?cstart ( C:\Program Files\IAR Systems\Embedded Workbench 7.0\430\lib\dlib\dl430xllfn.r43 )
        __program_start                          EC00
        ?cstart_begin                            EC00
        ?cstart_call_mpu_init                    EC04
        ?cstart_call_low_level_init              EC08
        ?cstart_init_zero20                      EC10
        ?cstart_init_copy20                      EC20
        ?cstart_call_main                        EC34
        ?cstart_end                              EC3C
?reset_vector ( C:\Program Files\IAR Systems\Embedded Workbench 7.0\430\lib\dlib\dl430xllfn.r43 )
        ?reset_vector                            FFFE
?errno ( C:\Program Files\IAR Systems\Embedded Workbench 7.0\430\lib\dlib\dl430xllfn.r43 )
        __iar_Errno                              CFEA
?exit ( C:\Program Files\IAR Systems\Embedded Workbench 7.0\430\lib\dlib\dl430xllfn.r43 )
        exit                                     00014C2C
?Mul32fHw ( C:\Program Files\IAR Systems\Embedded Workbench 7.0\430\lib\dlib\dl430xllfn.r43 )
        ?Mul32fHw                                00010830
?Cast32f32i ( C:\Program Files\IAR Systems\Embedded Workbench 7.0\430\lib\dlib\dl430xllfn.r43 )
        _Cast32sto32f                            000126E6
        _Cast32uto32f                            000126FC
_Cast32fto32u ( C:\Program Files\IAR Systems\Embedded Workbench 7.0\430\lib\dlib\dl430xllfn.r43 )
        _Cast32fto32u                            00014B0C
?FLT_Extract ( C:\Program Files\IAR Systems\Embedded Workbench 7.0\430\lib\dlib\dl430xllfn.r43 )
        ?FLT_Extract                             0001345C
_Div32f ( C:\Program Files\IAR Systems\Embedded Workbench 7.0\430\lib\dlib\dl430xllfn.r43 )
        _Div32f                                  000106F0
_Add32f ( C:\Program Files\IAR Systems\Embedded Workbench 7.0\430\lib\dlib\dl430xllfn.r43 )
?malloc ( C:\Program Files\IAR Systems\Embedded Workbench 7.0\430\lib\dlib\dl430xllfn.r43 )
?DivMod816u ( C:\Program Files\IAR Systems\Embedded Workbench 7.0\430\lib\dlib\dl430xllfn.r43 )
        ?DivMod8u                                00014692
        ?DivMod16u                               00014696
?DivMod816s ( C:\Program Files\IAR Systems\Embedded Workbench 7.0\430\lib\dlib\dl430xllfn.r43 )
        ?DivMod8s                                00013E42
        ?DivMod16s                               00013E46
?DivMod32u ( C:\Program Files\IAR Systems\Embedded Workbench 7.0\430\lib\dlib\dl430xllfn.r43 )
        ?DivMod32u                               000139B0
?DivMod32s ( C:\Program Files\IAR Systems\Embedded Workbench 7.0\430\lib\dlib\dl430xllfn.r43 )
        ?DivMod32s                               0001396C
?ShiftLeft32 ( C:\Program Files\IAR Systems\Embedded Workbench 7.0\430\lib\dlib\dl430xllfn.r43 )
?ShiftLeft32_8n ( C:\Program Files\IAR Systems\Embedded Workbench 7.0\430\lib\dlib\dl430xllfn.r43 )
?memchr ( C:\Program Files\IAR Systems\Embedded Workbench 7.0\430\lib\dlib\dl430xllfn.r43 )
        __iar_Memchr                             000144DC
?memcmp ( C:\Program Files\IAR Systems\Embedded Workbench 7.0\430\lib\dlib\dl430xllfn.r43 )
        memcmp                                   00014052
?memcpy ( C:\Program Files\IAR Systems\Embedded Workbench 7.0\430\lib\dlib\dl430xllfn.r43 )
        memcpy                                   0001461C
?memmove ( C:\Program Files\IAR Systems\Embedded Workbench 7.0\430\lib\dlib\dl430xllfn.r43 )
?CopyMemoryBytes ( C:\Program Files\IAR Systems\Embedded Workbench 7.0\430\lib\dlib\dl430xllfn.r43 )
        ?CopyMemoryBytes                         0001493E
?CopyMemoryWords20 ( C:\Program Files\IAR Systems\Embedded Workbench 7.0\430\lib\dlib\dl430xllfn.r43 )
        ?CopyMemoryWords20                       00014858
?memset ( C:\Program Files\IAR Systems\Embedded Workbench 7.0\430\lib\dlib\dl430xllfn.r43 )
        memset                                   000145FE
?memzero ( C:\Program Files\IAR Systems\Embedded Workbench 7.0\430\lib\dlib\dl430xllfn.r43 )
        __data20_memzero                         0001479C
        __data20_memcpy                          00014C28
?MpuInit ( C:\Program Files\IAR Systems\Embedded Workbench 7.0\430\lib\dlib\dl430xllfn.r43 )
        __iar_430_mpu_init                       000145C0
        ?mpu2_init                               000145C0
?Mul32Hw32 ( C:\Program Files\IAR Systems\Embedded Workbench 7.0\430\lib\dlib\dl430xllfn.r43 )
        ?Mul32Hw32                               00014496
?printf ( C:\Program Files\IAR Systems\Embedded Workbench 7.0\430\lib\dlib\dl430xllfn.r43 )
        printf                                   000146E6
?putchar ( C:\Program Files\IAR Systems\Embedded Workbench 7.0\430\lib\dlib\dl430xllfn.r43 )
        putchar                                  00014252
?puts ( C:\Program Files\IAR Systems\Embedded Workbench 7.0\430\lib\dlib\dl430xllfn.r43 )
        puts                                     00013C3A
?setjmp ( C:\Program Files\IAR Systems\Embedded Workbench 7.0\430\lib\dlib\dl430xllfn.r43 )
?longjmp ( C:\Program Files\IAR Systems\Embedded Workbench 7.0\430\lib\dlib\dl430xllfn.r43 )
?sprintf ( C:\Program Files\IAR Systems\Embedded Workbench 7.0\430\lib\dlib\dl430xllfn.r43 )
        sprintf                                  00013D2A
?strchr ( C:\Program Files\IAR Systems\Embedded Workbench 7.0\430\lib\dlib\dl430xllfn.r43 )
        __iar_Strchr                             000149B0
?strcmp ( C:\Program Files\IAR Systems\Embedded Workbench 7.0\430\lib\dlib\dl430xllfn.r43 )
        strcmp                                   000144BA
?strcpy ( C:\Program Files\IAR Systems\Embedded Workbench 7.0\430\lib\dlib\dl430xllfn.r43 )
        strcpy                                   0001499E
?strlen ( C:\Program Files\IAR Systems\Embedded Workbench 7.0\430\lib\dlib\dl430xllfn.r43 )
        strlen                                   000145A0
?xassert ( C:\Program Files\IAR Systems\Embedded Workbench 7.0\430\lib\dlib\dl430xllfn.r43 )
        __iar_EmptyStepPoint                     00014C48
        __aeabi_assert                           000135A8
?xcloseall ( C:\Program Files\IAR Systems\Embedded Workbench 7.0\430\lib\dlib\dl430xllfn.r43 )
?xgetmemchunk ( C:\Program Files\IAR Systems\Embedded Workbench 7.0\430\lib\dlib\dl430xllfn.r43 )
?xprintfsmall_nomb ( C:\Program Files\IAR Systems\Embedded Workbench 7.0\430\lib\dlib\dl430xllfn.r43 )
        _PrintfSmallNoMb                         F4E2
        LoadInt                                  0001318A
        pad                                      000140B2
        _LitobSmallNoMb                          000105AE
        _PutcharSmallNoMb                        0001444E
        _PutcharsSmallNoMb                       00014428
?xprout ( C:\Program Files\IAR Systems\Embedded Workbench 7.0\430\lib\dlib\dl430xllfn.r43 )
        _Prout                                   00014814
?xsprout ( C:\Program Files\IAR Systems\Embedded Workbench 7.0\430\lib\dlib\dl430xllfn.r43 )
        _SProut                                  0001497A
?xstoul ( C:\Program Files\IAR Systems\Embedded Workbench 7.0\430\lib\dlib\dl430xllfn.r43 )
        __iar_Stoulx                             FD88
        __iar_Stoul                              00014C18
?xxmemxfree ( C:\Program Files\IAR Systems\Embedded Workbench 7.0\430\lib\dlib\dl430xllfn.r43 )
?xxmemxmalloc ( C:\Program Files\IAR Systems\Embedded Workbench 7.0\430\lib\dlib\dl430xllfn.r43 )


                ****************************************
                *                                      *
                *            MODULE SUMMARY            *
                *                                      *
                ****************************************

Module                CODE      DATA       CONST
------                ----      ----       -----
                     (Rel)  (Rel)  (Abs)   (Rel)
?Cast32f32i            158
?CopyMemoryBytes        20
?CopyMemoryWords20      22
?DivMod32s              68
?DivMod32u              68
?DivMod816s             56
?DivMod816u             28
?FLT_Extract            84
?MpuInit                34
?Mul32Hw32              36
?Mul32fHw              318
?_ReportAssert          44
?__dbg_break             2
?__exit                 22
?_exit                   4
?abort                  16
?atoi                   10
?cstart                 60
?errno                          2
?exit                    4
?memchr                 34
?memcmp                 48
?memcpy                 30
?memset                 30
?memzero                28
?printf                 28
?putchar                46
?puts                   62                     1
?reset_vector            2
?sprintf                56
?strchr                 16
?strcmp                 34
?strcpy                 18
?strlen                 32
?xassert                92
?xprintfsmall_nomb   1 584                     6
?xprout                 24
?xsprout                18
?xstoul                454                    74
AppComm                496     13            379
AppCommon              124                     7
AppDelivery            226                   116
AppEngineerMode      1 682    129          5 645
  + shared               4
AppFCT               4 622    954          2 553
  + shared                            12
Common                 114     30             82
CtlComm                336     12             80
CtlData              2 582    847            316
CtlDelivery             44     16
CtlDisplay           1 668    525          1 130
CtlEvent               478    440             64
CtlInterrupt             2
CtlKey                 792     82            165
CtlMotor               928     19            450
CtlPower                 4
CtlSpiComm             200                    34
CtlTime                148      1
CtlTimer               854    496             78
DrvBeep                 32
DrvClk                  46            14
DrvEncoder             636     31      6
  + shared              88             6
  + common
DrvFram                 60
DrvKey                 466     18
DrvLcd                 418      1              1
  + shared                             2
DrvPort                160            10
  + shared                            26
DrvPower               248             2
  + shared                             8
DrvRtc                 614     28      2     112
DrvSpi                  58      9     16
  + common              94
DrvTimer               812     44     30      68
  + common             104
DrvUart                746    134     28
  + common              96
Fonts                  260                 1 746
Init                   340
_Cast32fto32u           12
_Div32f                320
main                   308      2      6     119
  + common             110
N/A (command line)          1 024
N/A (alignment)
----------          ------  -----    ---  ------
Total:              24 530  4 857    168  13 226
  + common             110


                ****************************************
                *                                      *
                *      SEGMENTS IN ADDRESS ORDER       *
                *                                      *
                ****************************************


SEGMENT              SPACE    START ADDRESS   END ADDRESS     SIZE  TYPE  ALIGN
=======              =====    =============   ===========     ====  ====  =====
DATA16_AN                              0130 - 0131               2   rel    0
                                       015C - 015D               2 
                                       0160 - 016D               E 
                                       019C - 019F               4 
                                       0200 - 0205               6 
                                       020A - 020D               4 
                                       0218 - 021D               6 
                                       0222 - 0225               4 
                                       022A - 022D               4 
                                       0236 - 0237               2 
                                       023A - 023B               2 
                                       0240 - 0245               6 
                                       024A - 024D               4 
                                       0256 - 0257               2 
                                       0282 - 0285               4 
                                       028A - 028D               4 
                                       0296 - 0297               2 
                                       0322 - 0325               4 
                                       032A - 032D               4 
                                       0336 - 0337               2 
                                       0340 - 0345               6 
                                       0352 - 0355               4 
                                       036E - 036F               2 
                                       0380 - 0383               4 
                                       0390 - 0393               4 
                                       03C0 - 03C3               4 
                                       03D2 - 03D3               2 
                                       0400 - 0403               4 
                                       0412 - 0413               2 
                                       0440 - 0443               4 
                                       0452 - 0453               2 
                                       05C0 - 05C1               2 
                                       05C6 - 05C9               4 
                                       05CC - 05CF               4 
                                       05DA - 05E1               8 
                                       05E6 - 05E9               4 
                                       05EC - 05EF               4 
                                       05FA - 05FF               6 
                                       0640 - 0641               2 
                                       0646 - 0649               4 
                                       064C - 064F               4 
                                       066A - 066F               6 
CSTACK                                 1C00 - 1FFF             400   rel    1
CODE_I                                    2000                       rel    1
DATA20_I                               2000 - 23B5             3B6   rel    1
DATA20_Z                               C800 - D342             B43   rel    1
DATA20_HEAP                               D344                       rel    1
DATA20_N                                  D344                       rel    1
MPU_B1                                    D400                       rel   10
DATA16_C                               E800 - E807               8   rel    0
MPU_B2                                    EC00                       rel   10
CSTART                                 EC00 - EC3B              3C   rel    1
ISR_CODE                               EC3C - EFA1             366   rel    1
<CODE> 1                               EFA2 - FF7F             FDE   rel    1
INTVEC                                 FF90 - FFFD              6E   com    1
RESET                                  FFFE - FFFF               2   rel    1
<CODE> 2                           00010000 - 00014C4D        4C4E   rel    1
CODE_PAD                           00014C4E - 00014C4F           2   rel    1
DATA20_C                           00014C50 - 00017C3B        2FEC   rel    1
DATA20_ID                          00017C3C - 00017FF1         3B6   rel    1
CODE_ID                                 00017FF2                     rel    1

                ****************************************
                *                                      *
                *        END OF CROSS REFERENCE        *
                *                                      *
                ****************************************

 24 640 bytes of CODE  memory
  4 857 bytes of DATA  memory (+ 168 absolute )
 13 226 bytes of CONST memory

Errors: none
Warnings: none

